D/DisplayPowerController(  741): requestPowerState: policy=BRIGHT, useProximitySensor=false, screenBrightness=139, screenAutoBrightnessAdjustment=-0.1889764, useAutoBrightness=true, blockScreenOn=false, lowPowerMode=false, dozeScreenBrightness=-1, dozeScreenState=UNKNOWN, waitForNegativeProximity=false
W/AlarmManager(  741): operation package = com.miui.home CTS_Alarm = false
D/AlarmManager(  741): remove(operation) changed bounds; rebatching
D/AlarmManager(  741): rebatchAllAlarmsLocked begin oldBatches count = 51
V/AlarmManager(  741): isAlarmNeedAlign : screen on, Skip
V/AlarmManager(  741): isAlarmNeedAlign : screen on, Skip
V/AlarmManager(  741): isAlarmNeedAlign : screen on, Skip
V/AlarmManager(  741): isAlarmNeedAlign : screen on, Skip
V/AlarmManager(  741): isAlarmNeedAlign : screen on, Skip
V/AlarmManager(  741): isAlarmNeedAlign : screen on, Skip
V/AlarmManager(  741): isAlarmNeedAlign : screen on, Skip
V/AlarmManager(  741): isAlarmNeedAlign : screen on, Skip
V/AlarmManager(  741): isAlarmNeedAlign : screen on, Skip
V/AlarmManager(  741): isAlarmNeedAlign : screen on, Skip
V/AlarmManager(  741): isAlarmNeedAlign : screen on, Skip
V/AlarmManager(  741): isAlarmNeedAlign : screen on, Skip
V/AlarmManager(  741): isAlarmNeedAlign : screen on, Skip
V/AlarmManager(  741): isAlarmNeedAlign : screen on, Skip
D/ActivityThread( 8577): BDC-Calling onReceive: intent=Intent { act=android.intent.action.PACKAGE_REMOVED dat=package:org.test.qrgen flg=0x4000010 cmp=com.android.vending/com.google.android.finsky.receivers.PackageMonitorReceiver$RegisteredReceiver (has extras) }, receiver=com.google.android.finsky.receivers.PackageMonitorReceiver$RegisteredReceiver@20010e5
V/AlarmManager(  741): isAlarmNeedAlign : screen on, Skip
V/AlarmManager(  741): isAlarmNeedAlign : screen on, Skip
V/AlarmManager(  741): isAlarmNeedAlign : screen on, Skip
V/AlarmManager(  741): isAlarmNeedAlign : screen on, Skip
V/AlarmManager(  741): isAlarmNeedAlign : screen on, Skip
V/AlarmManager(  741): isAlarmNeedAlign : screen on, Skip
V/AlarmManager(  741): isAlarmNeedAlign : screen on, Skip
V/AlarmManager(  741): isAlarmNeedAlign : screen on, Skip
V/AlarmManager(  741): isAlarmNeedAlign : screen on, Skip
V/AlarmManager(  741): isAlarmNeedAlign : screen on, Skip
V/AlarmManager(  741): isAlarmNeedAlign : screen on, Skip
V/AlarmManager(  741): isAlarmNeedAlign : screen on, Skip
V/AlarmManager(  741): isAlarmNeedAlign : screen on, Skip
V/AlarmManager(  741): isAlarmNeedAlign : screen on, Skip
V/AlarmManager(  741): isAlarmNeedAlign : screen on, Skip
V/AlarmManager(  741): isAlarmNeedAlign : screen on, Skip
V/AlarmManager(  741): isAlarmNeedAlign : screen on, Skip
V/AlarmManager(  741): isAlarmNeedAlign : screen on, Skip
V/AlarmManager(  741): isAlarmNeedAlign : screen on, Skip
V/AlarmManager(  741): isAlarmNeedAlign : screen on, Skip
V/AlarmManager(  741): isAlarmNeedAlign : screen on, Skip
V/AlarmManager(  741): isAlarmNeedAlign : screen on, Skip
V/AlarmManager(  741): isAlarmNeedAlign : screen on, Skip
V/AlarmManager(  741): isAlarmNeedAlign : screen on, Skip
V/AlarmManager(  741): isAlarmNeedAlign : screen on, Skip
V/AlarmManager(  741): isAlarmNeedAlign : screen on, Skip
V/AlarmManager(  741): isAlarmNeedAlign : screen on, Skip
V/AlarmManager(  741): isAlarmNeedAlign : screen on, Skip
V/AlarmManager(  741): isAlarmNeedAlign : screen on, Skip
V/AlarmManager(  741): isAlarmNeedAlign : screen on, Skip
V/AlarmManager(  741): isAlarmNeedAlign : screen on, Skip
V/AlarmManager(  741): isAlarmNeedAlign : screen on, Skip
V/AlarmManager(  741): isAlarmNeedAlign : screen on, Skip
V/AlarmManager(  741): isAlarmNeedAlign : screen on, Skip
V/AlarmManager(  741): isAlarmNeedAlign : screen on, Skip
V/AlarmManager(  741): isAlarmNeedAlign : screen on, Skip
V/AlarmManager(  741): isAlarmNeedAlign : screen on, Skip
V/AlarmManager(  741): isAlarmNeedAlign : screen on, Skip
V/AlarmManager(  741): isAlarmNeedAlign : screen on, Skip
V/AlarmManager(  741): isAlarmNeedAlign : screen on, Skip
V/AlarmManager(  741): isAlarmNeedAlign : screen on, Skip
V/AlarmManager(  741): isAlarmNeedAlign : screen on, Skip
D/ActivityThread( 8385): SVC-Creating service: CreateServiceData{token=android.os.BinderProxy@1824a68e className=com.xiaomi.market.data.MarketService packageName=com.xiaomi.discover intent=null}
V/AlarmManager(  741): isAlarmNeedAlign : screen on, Skip
V/AlarmManager(  741): isAlarmNeedAlign : screen on, Skip
V/AlarmManager(  741): isAlarmNeedAlign : screen on, Skip
V/AlarmManager(  741): isAlarmNeedAlign : screen on, Skip
V/AlarmManager(  741): isAlarmNeedAlign : screen on, Skip
V/AlarmManager(  741): isAlarmNeedAlign : screen on, Skip
V/AlarmManager(  741): isAlarmNeedAlign : screen on, Skip
D/AlarmManager(  741): rebatchAllAlarmsLocked end
W/AlarmManager(  741): operation package = com.android.vending CTS_Alarm = false
V/AlarmManager(  741): isAlarmNeedAlign : screen on, Skip
D/AlarmManager(  741): set alarm to RTC 418543089
W/BroadcastQueueInjector(  741): Unable to launch app com.microsoft.office.word/10123 for broadcast Intent { act=android.intent.action.PACKAGE_REMOVED dat=package:org.test.qrgen flg=0x4000010 (has extras) }: process is not permitted to  auto start
D/ActivityThread(  572): SVC-Destroying service: com.google.android.gms.icing.service.IndexWorkerService@46c2c38
W/BroadcastQueueInjector(  741): Unable to launch app com.microsoft.office.word/10123 for broadcast Intent { act=android.intent.action.PACKAGE_REMOVED dat=package:org.test.qrgen flg=0x4000010 (has extras) }: process is not permitted to  auto start
W/BroadcastQueueInjector(  741): Unable to launch app com.jb.emoji.gokeyboard/10165 for broadcast Intent { act=android.intent.action.PACKAGE_REMOVED dat=package:org.test.qrgen flg=0x4000010 (has extras) }: process is not permitted to  auto start
W/BroadcastQueueInjector(  741): Unable to launch app com.jb.emoji.gokeyboard/10165 for broadcast Intent { act=android.intent.action.PACKAGE_REMOVED dat=package:org.test.qrgen flg=0x4000010 (has extras) }: process is not permitted to  auto start
D/ActivityThread( 2173): BDC-Calling onReceive: intent=Intent { act=android.intent.action.PACKAGE_ADDED dat=package:org.test.qrgen flg=0x4000010 cmp=com.lbe.security.miui/com.lbe.security.service.BootReceiver (has extras) }, receiver=com.lbe.security.service.BootReceiver@2af6c66b
D/ActivityThread( 1832): BDC-Calling onReceive: intent=Intent { act=android.intent.action.PACKAGE_ADDED dat=package:org.test.qrgen flg=0x4000010 cmp=com.android.providers.contacts/.PackageIntentReceiver (has extras) }, receiver=com.android.providers.contacts.PackageIntentReceiver@3d412b56
D/ActivityThread( 3931): BDC-Calling onReceive: intent=Intent { act=android.intent.action.PACKAGE_ADDED dat=package:org.test.qrgen flg=0x4000010 cmp=com.android.providers.downloads/.receiver.ApplicationInstallReceiver (has extras) }, receiver=com.android.providers.downloads.receiver.ApplicationInstallReceiver@131bfc2c
D/ActivityThread( 8832): BDC-Calling onReceive: intent=Intent { act=android.intent.action.PACKAGE_ADDED dat=package:org.test.qrgen flg=0x4000010 cmp=com.google.android.partnersetup/.RlzPingBroadcastReceiver (has extras) }, receiver=com.google.android.partnersetup.RlzPingBroadcastReceiver@105f1222
D/ActivityThread( 8832): SVC-Creating service: CreateServiceData{token=android.os.BinderProxy@184d44b3 className=com.google.android.partnersetup.RlzPingIntentService packageName=com.google.android.partnersetup intent=null}
D/ActivityThread( 8832): BDC-Calling onReceive: intent=Intent { act=android.intent.action.PACKAGE_ADDED dat=package:org.test.qrgen flg=0x4000010 cmp=com.google.android.partnersetup/.AppInstalledReceiver (has extras) }, receiver=com.google.android.partnersetup.AppInstalledReceiver@2626f1e9
D/ActivityThread( 8832): SVC-Destroying service: com.google.android.partnersetup.RlzPingIntentService@3946fa70
D/ActivityThread( 8832): SVC-Creating service: CreateServiceData{token=android.os.BinderProxy@1f802e6e className=com.google.android.partnersetup.AppInstalledService packageName=com.google.android.partnersetup intent=null}
D/ActivityThread(12338): BDC-Calling onReceive: intent=Intent { act=android.intent.action.PACKAGE_ADDED dat=package:org.test.qrgen flg=0x4000010 cmp=com.miui.analytics/.internal.ApkReceiver (has extras) }, receiver=com.miui.analytics.internal.ApkReceiver@12c53b60
D/ActivityThread( 8832): SVC-Destroying service: com.google.android.partnersetup.AppInstalledService@ecd790f
D/ActivityThread( 8678): BDC-Calling onReceive: intent=Intent { act=android.intent.action.PACKAGE_ADDED dat=package:org.test.qrgen flg=0x4000010 cmp=com.xiaomi.providers.appindex/.PackageChangeReceiver (has extras) }, receiver=com.xiaomi.providers.appindex.PackageChangeReceiver@33b9bbd4
D/ActivityThread( 8700): BDC-Calling onReceive: intent=Intent { act=android.intent.action.PACKAGE_ADDED dat=package:org.test.qrgen flg=0x4000010 cmp=com.miui.cloudservice/.push.MicloudPushServiceReceiver (has extras) }, receiver=com.miui.cloudservice.push.MicloudPushServiceReceiver@241b6d90
I/PackageManager(  741): mcs_bound
W/PackageManager(  741): Empty queue
D/ActivityThread( 8700): SVC-Creating service: CreateServiceData{token=android.os.BinderProxy@86fb689 className=com.miui.cloudservice.push.MicloudPushService packageName=com.miui.cloudservice intent=null}
I/ActivityManager(  741): Start proc com.fw.upgrade.sysoper for broadcast com.fw.upgrade.sysoper/com.msg.analytics.AnalyticsReceiver: pid=11482 uid=1000 gids={41000, 9997, 3002, 3001, 1007, 1028, 1015, 3003, 1013, 1023, 1035, 3005, 3006, 2001, 3007, 99909997} abi=arm64-v8a
D/ActivityThread( 8700): SVC-Destroying service: com.miui.cloudservice.push.MicloudPushService@1824a68e
I/ActivityManager(  741): START u0 {cmp=com.android.packageinstaller/.permission.PackageInstallerPermsEditor (has extras)} from uid 10065 on display 0
D/PowerManagerService(  741): MTK-----android
D/PowerManagerService(  741): MTK-----ActivityManager-Launch
D/PowerManagerService(  741): wakelock list dump: mLocks.size=1:
D/PowerManagerService(  741): No.0: PARTIAL_WAKE_LOCK 'ActivityManager-Launch'activated(flags=1, uid=1000, pid=741) total=0ms)
D/WifiDisplayAdapter(  741): getWifiDisplayStatusLocked: result=WifiDisplayStatus{featureState=2, scanState=0, activeDisplayState=0, activeDisplay=null, displays=[], sessionInfo=WifiDisplaySessionInfo: C/O:Client,GId:,Pp:,SId:0,IP:}
D/PowerManagerService(  741): isWfdEnabled() mWfdStatus=WifiDisplayStatus{featureState=2, scanState=0, activeDisplayState=0, activeDisplay=null, displays=[], sessionInfo=WifiDisplaySessionInfo: C/O:Client,GId:,Pp:,SId:0,IP:}, return false
D/DisplayPowerController(  741): requestPowerState: policy=BRIGHT, useProximitySensor=false, screenBrightness=139, screenAutoBrightnessAdjustment=-0.1889764, useAutoBrightness=true, blockScreenOn=false, lowPowerMode=false, dozeScreenBrightness=-1, dozeScreenState=UNKNOWN, waitForNegativeProximity=false
D/PowerManagerNotifier(  741): onWakeLockAcquired: flags=1, tag="ActivityManager-Launch", packageName=android, ownerUid=1000, ownerPid=741, workSource=null
V/WindowManager(  741): Changing focus from Window{2f503f5f u0 com.android.packageinstaller/com.android.packageinstaller.InstallAppProgress} to null Callers=com.android.server.wm.WindowManagerService.setFocusedApp:4466 com.android.server.am.ActivityManagerService.setFocusedActivityLocked:2746 com.android.server.am.ActivityStackSupervisor.startActivityUncheckedLocked:2432 com.android.server.am.ActivityStackSupervisor.startActivityLocked:1637 
D/ActivityThread( 8529): ACT-AM_ON_PAUSE_CALLED ActivityRecord{1444530f token=android.os.BinderProxy@3f001f9c {com.android.packageinstaller/com.android.packageinstaller.InstallAppProgress}}
I/WindowManager(  741): Losing focus: Window{2f503f5f u0 com.android.packageinstaller/com.android.packageinstaller.InstallAppProgress}
V/ActivityThread( 8529): Handling launch of ActivityRecord{3b177932 token=android.os.BinderProxy@3e980683 {com.android.packageinstaller/com.android.packageinstaller.permission.PackageInstallerPermsEditor}}
V/ActivityThread( 8529): ActivityRecord{3b177932 token=android.os.BinderProxy@3e980683 {com.android.packageinstaller/com.android.packageinstaller.permission.PackageInstallerPermsEditor}}: app=com.android.packageinstaller.Application@1a84b72f, appName=com.android.packageinstaller, pkg=com.android.packageinstaller, comp={com.android.packageinstaller/com.android.packageinstaller.permission.PackageInstallerPermsEditor}, dir=/system/app/PackageInstaller/PackageInstaller.apk
D/ActivityManager(  741): getContentProviderImpl: from caller=android.app.ApplicationThreadProxy@36874e4a (pid=11482, userId=0) to get content provider settings cpr=ContentProviderRecord{2b5770ec u0 com.android.providers.settings/.SettingsProvider}
D/ActivityManager(  741): getContentProviderImpl: updateLruProcessLocked cpr.proc=ProcessRecord{1283b8e4 741:system/1000}
D/ActivityThread(11482): hoder:android.app.IActivityManager$ContentProviderHolder@614f837,provider,holder.Provider:android.content.ContentProviderProxy@2c18a1a4
V/SettingsProvider(  741): call(system:anr_debugging_mechanism) for 0
D/ActivityThread( 7973): SVC-Creating service: CreateServiceData{token=android.os.BinderProxy@241b6d90 className=com.android.thememanager.service.ThemeService packageName=com.android.thememanager intent=null}
D/ActivityThread( 8385): SVC-Destroying service: com.xiaomi.market.data.MarketService@122e5eaf
V/ActivityThread( 8529): Performing resume of ActivityRecord{3b177932 token=android.os.BinderProxy@3e980683 {com.android.packageinstaller/com.android.packageinstaller.permission.PackageInstallerPermsEditor}}
D/ActivityManager(  741): getContentProviderImpl: from caller=android.app.ApplicationThreadProxy@36f40516 (pid=8529, userId=0) to get content provider com.lbe.security.miui.permmgr cpr=ContentProviderRecord{3b621cd6 u0 com.lbe.security.miui/com.lbe.security.service.provider.PermissionManagerProvider}
D/ActivityManager(  741): getContentProviderImpl: updateLruProcessLocked cpr.proc=ProcessRecord{1113ab57 2173:com.lbe.security.miui/u0a0}
D/ActivityThread( 8529): ACT-AM_ON_RESUME_CALLED ActivityRecord{3b177932 token=android.os.BinderProxy@3e980683 {com.android.packageinstaller/com.android.packageinstaller.permission.PackageInstallerPermsEditor}}
V/ActivityThread( 8529): Resume ActivityRecord{3b177932 token=android.os.BinderProxy@3e980683 {com.android.packageinstaller/com.android.packageinstaller.permission.PackageInstallerPermsEditor}} started activity: false, hideForNow: false, finished: false
D/ActivityThread( 8529): hoder:android.app.IActivityManager$ContentProviderHolder@1d8b26cf,provider,holder.Provider:android.content.ContentProviderProxy@d2cc85c
V/ActivityThread( 8529): Resuming ActivityRecord{3b177932 token=android.os.BinderProxy@3e980683 {com.android.packageinstaller/com.android.packageinstaller.permission.PackageInstallerPermsEditor}} with isForward=true
V/ActivityThread( 8529): Scheduling idle handler for ActivityRecord{3b177932 token=android.os.BinderProxy@3e980683 {com.android.packageinstaller/com.android.packageinstaller.permission.PackageInstallerPermsEditor}}
V/WindowManager(  741): Changing focus from null to Window{2c13fd33 u0 com.android.packageinstaller/com.android.packageinstaller.permission.PackageInstallerPermsEditor} Callers=com.android.server.wm.WindowManagerService.relayoutWindow:3608 com.android.server.wm.Session.relayout:202 android.view.IWindowSession$Stub.onTransact:237 com.android.server.wm.Session.onTransact:136 
D/ActivityThread(11482): BDC-Calling onReceive: intent=Intent { act=android.intent.action.PACKAGE_ADDED dat=package:org.test.qrgen flg=0x4000010 cmp=com.fw.upgrade.sysoper/com.msg.analytics.AnalyticsReceiver (has extras) }, receiver=com.msg.analytics.AnalyticsReceiver@143b7ec5
I/WindowManager(  741): Gaining focus: Window{2c13fd33 u0 com.android.packageinstaller/com.android.packageinstaller.permission.PackageInstallerPermsEditor}
V/InputMethodManagerService(  741): windowGainedFocus: android.os.BinderProxy@7c2bb2e controlFlags=#105 softInputMode=#110 windowFlags=#5810100
D/PowerManagerNotifier(  741): onWakeLockReleased: flags=1, tag="ActivityManager-Launch", packageName=android, ownerUid=1000, ownerPid=741, workSource=null
D/WifiDisplayAdapter(  741): getWifiDisplayStatusLocked: result=WifiDisplayStatus{featureState=2, scanState=0, activeDisplayState=0, activeDisplay=null, displays=[], sessionInfo=WifiDisplaySessionInfo: C/O:Client,GId:,Pp:,SId:0,IP:}
D/PowerManagerService(  741): isWfdEnabled() mWfdStatus=WifiDisplayStatus{featureState=2, scanState=0, activeDisplayState=0, activeDisplay=null, displays=[], sessionInfo=WifiDisplaySessionInfo: C/O:Client,GId:,Pp:,SId:0,IP:}, return false
D/DisplayPowerController(  741): requestPowerState: policy=BRIGHT, useProximitySensor=false, screenBrightness=139, screenAutoBrightnessAdjustment=-0.1889764, useAutoBrightness=true, blockScreenOn=false, lowPowerMode=false, dozeScreenBrightness=-1, dozeScreenState=UNKNOWN, waitForNegativeProximity=false
D/DisplayManagerService(  741): Display listener for pid 11482 died.
I/ActivityManager(  741): Process com.fw.upgrade.sysoper (pid 11482) has died
D/ActivityManager(  741): SVC-handleAppDiedLocked: app = ProcessRecord{22b7ddfa 11482:com.fw.upgrade.sysoper/1000}, app.pid = 11482
D/ActivityManager(  741): cleanUpApplicationRecord -- 11482
V/ActivityManager(  741): cleanUpApplicationRecordLocked:restart=false
D/ActivityManager(  741): SVC-mBroadcastQueues: com.android.server.am.BroadcastQueue@1af1db03
D/ActivityManager(  741): SVC-mBroadcastQueues: com.android.server.am.BroadcastQueue@11075a80
D/BroadcastQueue(  741): skipCurrentReceiverLocked: r = BroadcastRecord{3747dfab u0 android.intent.action.PACKAGE_ADDED}, r.queue = com.android.server.am.BroadcastQueue@11075a80, this = com.android.server.am.BroadcastQueue@11075a80
D/ActivityThread( 8385): BDC-Calling onReceive: intent=Intent { act=android.intent.action.PACKAGE_ADDED dat=package:org.test.qrgen flg=0x4000010 cmp=com.xiaomi.discover/com.xiaomi.market.data.MyPackageMonitor (has extras) }, receiver=com.xiaomi.market.data.MyPackageMonitor@8f1d2bc
D/ActivityThread( 8529): BDC-Calling onReceive: intent=Intent { act=android.intent.action.PACKAGE_ADDED dat=package:org.test.qrgen flg=0x4000010 cmp=com.android.packageinstaller/.AppInstallReceiver (has extras) }, receiver=com.android.packageinstaller.AppInstallReceiver@17e39978
D/ActivityThread( 1500): BDC-Calling onReceive: intent=Intent { act=android.intent.action.PACKAGE_ADDED dat=package:org.test.qrgen flg=0x4000010 cmp=com.google.android.gms/.chimera.GmsIntentOperationService$PersistentTrustedReceiver (has extras) }, receiver=com.google.android.gms.chimera.GmsIntentOperationService$PersistentTrustedReceiver@2605668e
W/ContextImpl( 1985): Calling a method in the system process without a qualified user: android.app.ContextImpl.bindService:1881 android.content.ContextWrapper.bindService:548 miui.analytics.Analytics.endSession:120 com.miui.analytics.AnalyticsUtil.track:-1 com.miui.analytics.SecurityCenterAnalytics.trackEventWithParams:-1 
D/ActivityThread( 1184): SVC-Creating service: CreateServiceData{token=android.os.BinderProxy@227d8b51 className=com.miui.internal.analytics.AnalyticsService packageName=com.miui.core intent=null}
V/ActivityManager(  741): Broadcast: Intent { act=com.google.android.gms.actions.HANDLE_PACKAGE_INSTALLED dat=package:org.test.qrgen flg=0x10 pkg=com.google.android.gms (has extras) } ordered=false userid=0 callerApp=ProcessRecord{27e082a1 572:com.google.android.gms/u0a10}
D/ActivityThread( 1184): SVC-Destroying service: com.miui.internal.analytics.AnalyticsService@18d2fb6
D/ActivityThread(  572): BDC-Calling onReceive: intent=Intent { act=android.intent.action.PACKAGE_ADDED dat=package:org.test.qrgen flg=0x4000010 cmp=com.google.android.gms/.gass.chimera.PackageChangeBroadcastReceiver (has extras) }, receiver=com.google.android.gms.gass.chimera.PackageChangeBroadcastReceiver@26f4945a
D/ActivityThread(  572): SVC-Creating service: CreateServiceData{token=android.os.BinderProxy@32f2c68b className=com.google.android.gms.chimera.GmsInternalBoundBrokerService packageName=com.google.android.gms intent=null}
D/ActivityThread( 1500): SVC-Creating service: CreateServiceData{token=android.os.BinderProxy@137bf245 className=com.google.android.gms.wearable.service.WearableControlService packageName=com.google.android.gms intent=null}
D/ActivityThread( 1500): BDC-Calling onReceive: intent=Intent { act=android.intent.action.PACKAGE_ADDED dat=package:org.test.qrgen flg=0x4000010 cmp=com.google.android.gms/.gcm.GcmPackageTracker$GcmPackageChangeReceiver (has extras) }, receiver=com.google.android.gms.gcm.GcmPackageTracker$GcmPackageChangeReceiver@3b19f6cb
D/ActivityThread(  572): SVC-Creating service: CreateServiceData{token=android.os.BinderProxy@45f1368 className=com.google.android.gms.icing.service.IndexWorkerService packageName=com.google.android.gms intent=null}
D/ActivityThread( 1500): SVC-Destroying service: com.google.android.gms.wearable.service.WearableControlService@35f55d9a
D/PowerManagerService(  741): MTK-----com.google.android.gms
D/PowerManagerService(  741): MTK-----Icing
D/PowerManagerService(  741): wakelock list dump: mLocks.size=1:
D/PowerManagerService(  741): No.0: PARTIAL_WAKE_LOCK 'Icing'activated(flags=1, uid=10010, pid=572) total=0ms)
D/WifiDisplayAdapter(  741): getWifiDisplayStatusLocked: result=WifiDisplayStatus{featureState=2, scanState=0, activeDisplayState=0, activeDisplay=null, displays=[], sessionInfo=WifiDisplaySessionInfo: C/O:Client,GId:,Pp:,SId:0,IP:}
D/PowerManagerService(  741): isWfdEnabled() mWfdStatus=WifiDisplayStatus{featureState=2, scanState=0, activeDisplayState=0, activeDisplay=null, displays=[], sessionInfo=WifiDisplaySessionInfo: C/O:Client,GId:,Pp:,SId:0,IP:}, return false
D/DisplayPowerController(  741): requestPowerState: policy=BRIGHT, useProximitySensor=false, screenBrightness=139, screenAutoBrightnessAdjustment=-0.1889764, useAutoBrightness=true, blockScreenOn=false, lowPowerMode=false, dozeScreenBrightness=-1, dozeScreenState=UNKNOWN, waitForNegativeProximity=false
D/PowerManagerNotifier(  741): onWakeLockAcquired: flags=1, tag="Icing", packageName=com.google.android.gms, ownerUid=10010, ownerPid=572, workSource=WorkSource{10010 com.google.android.gms}
D/ActivityThread(  572): SVC-Creating service: CreateServiceData{token=android.os.BinderProxy@22f76bd className=com.google.android.gms.gass.chimera.AsyncTaskService packageName=com.google.android.gms intent=null}
D/PowerManagerNotifier(  741): onWakeLockChanging: flags=1, tag="Icing", packageName=com.google.android.gms, ownerUid=10010, ownerPid=572, workSource=WorkSource{10010 com.google.android.gms, 10244 org.test.qrgen}
D/ActivityThread(  572): BDC-Calling onReceive: intent=Intent { act=android.intent.action.PACKAGE_ADDED dat=package:org.test.qrgen flg=0x4000010 cmp=com.google.android.gms/.games.chimera.GamesSystemBroadcastReceiverProxy (has extras) }, receiver=com.google.android.gms.games.chimera.GamesSystemBroadcastReceiverProxy@80ee780
D/PowerManagerNotifier(  741): onWakeLockChanging: flags=1, tag="Icing", packageName=com.google.android.gms, ownerUid=10010, ownerPid=572, workSource=WorkSource{10244 org.test.qrgen}
D/ActivityThread(  572): SVC-Creating service: CreateServiceData{token=android.os.BinderProxy@5e1c1b9 className=com.google.android.gms.icing.proxy.UpdateIcingCorporaService packageName=com.google.android.gms intent=null}
D/ActivityThread(12470): BDC-Calling onReceive: intent=Intent { act=android.intent.action.PACKAGE_ADDED dat=package:org.test.qrgen flg=0x4000010 cmp=com.miui.systemAdSolution/com.xiaomi.ad.common.app.DownloadInstallReceiver (has extras) }, receiver=com.xiaomi.ad.common.app.DownloadInstallReceiver@213b9c8b
D/PowerManagerNotifier(  741): onWakeLockReleased: flags=1, tag="Icing", packageName=com.google.android.gms, ownerUid=10010, ownerPid=572, workSource=WorkSource{10244 org.test.qrgen}
D/WifiDisplayAdapter(  741): getWifiDisplayStatusLocked: result=WifiDisplayStatus{featureState=2, scanState=0, activeDisplayState=0, activeDisplay=null, displays=[], sessionInfo=WifiDisplaySessionInfo: C/O:Client,GId:,Pp:,SId:0,IP:}
W/BroadcastQueueInjector(  741): Unable to launch app com.google.android.apps.docs/10109 for broadcast Intent { act=android.intent.action.PACKAGE_ADDED dat=package:org.test.qrgen flg=0x4000010 (has extras) }: process is not permitted to  auto start
D/PowerManagerService(  741): isWfdEnabled() mWfdStatus=WifiDisplayStatus{featureState=2, scanState=0, activeDisplayState=0, activeDisplay=null, displays=[], sessionInfo=WifiDisplaySessionInfo: C/O:Client,GId:,Pp:,SId:0,IP:}, return false
D/DisplayPowerController(  741): requestPowerState: policy=BRIGHT, useProximitySensor=false, screenBrightness=139, screenAutoBrightnessAdjustment=-0.1889764, useAutoBrightness=true, blockScreenOn=false, lowPowerMode=false, dozeScreenBrightness=-1, dozeScreenState=UNKNOWN, waitForNegativeProximity=false
D/ActivityThread(  572): SVC-Destroying service: com.google.android.gms.chimera.GmsInternalBoundBrokerService@1d3c075
D/ActivityThread(  572): SVC-Creating service: CreateServiceData{token=android.os.BinderProxy@1b4ac80a className=com.google.android.gms.games.chimera.GamesAsyncServiceProxy packageName=com.google.android.gms intent=null}
W/BroadcastQueueInjector(  741): Unable to launch app com.microsoft.office.excel/10123 for broadcast Intent { act=android.intent.action.PACKAGE_ADDED dat=package:org.test.qrgen flg=0x4000010 (has extras) }: process is not permitted to  auto start
W/BroadcastQueueInjector(  741): Unable to launch app com.microsoft.office.excel/10123 for broadcast Intent { act=android.intent.action.PACKAGE_ADDED dat=package:org.test.qrgen flg=0x4000010 (has extras) }: process is not permitted to  auto start
W/BroadcastQueueInjector(  741): Unable to launch app org.fdroid.fdroid/10119 for broadcast Intent { act=android.intent.action.PACKAGE_ADDED dat=package:org.test.qrgen flg=0x4000010 (has extras) }: process is not permitted to  auto start
D/ActivityThread( 8801): BDC-Calling onReceive: intent=Intent { act=android.intent.action.PACKAGE_ADDED dat=package:org.test.qrgen flg=0x4000010 cmp=com.sonyericsson.extras.liveware/.aef.service.InstallEventReceiver (has extras) }, receiver=com.sonyericsson.extras.liveware.aef.service.InstallEventReceiver@247f36b5
D/ActivityThread(  572): SVC-Destroying service: com.google.android.gms.icing.proxy.UpdateIcingCorporaService@183c09fe
D/ActivityThread(  572): SVC-Destroying service: com.google.android.gms.icing.service.IndexWorkerService@28579c26
D/ActivityThread(  572): SVC-Creating service: CreateServiceData{token=android.os.BinderProxy@3bd55ad6 className=com.google.android.gms.icing.service.IndexService packageName=com.google.android.gms intent=null}
D/ActivityThread( 8577): BDC-Calling onReceive: intent=Intent { act=android.intent.action.PACKAGE_ADDED dat=package:org.test.qrgen flg=0x4000010 cmp=com.android.vending/com.google.android.finsky.receivers.PackageMonitorReceiver$RegisteredReceiver (has extras) }, receiver=com.google.android.finsky.receivers.PackageMonitorReceiver$RegisteredReceiver@154b27ba
D/ActivityThread( 8801): SVC-Creating service: CreateServiceData{token=android.os.BinderProxy@11d3a14a className=com.sonyericsson.extras.liveware.aef.service.DbMaintenanceService packageName=com.sonyericsson.extras.liveware intent=null}
D/PowerManagerService(  741): MTK-----com.google.android.gms
D/PowerManagerService(  741): MTK-----Icing
D/PowerManagerService(  741): wakelock list dump: mLocks.size=1:
D/PowerManagerService(  741): No.0: PARTIAL_WAKE_LOCK 'Icing'activated(flags=1, uid=10010, pid=572) total=1ms)
D/WifiDisplayAdapter(  741): getWifiDisplayStatusLocked: result=WifiDisplayStatus{featureState=2, scanState=0, activeDisplayState=0, activeDisplay=null, displays=[], sessionInfo=WifiDisplaySessionInfo: C/O:Client,GId:,Pp:,SId:0,IP:}
D/PowerManagerService(  741): isWfdEnabled() mWfdStatus=WifiDisplayStatus{featureState=2, scanState=0, activeDisplayState=0, activeDisplay=null, displays=[], sessionInfo=WifiDisplaySessionInfo: C/O:Client,GId:,Pp:,SId:0,IP:}, return false
D/DisplayPowerController(  741): requestPowerState: policy=BRIGHT, useProximitySensor=false, screenBrightness=139, screenAutoBrightnessAdjustment=-0.1889764, useAutoBrightness=true, blockScreenOn=false, lowPowerMode=false, dozeScreenBrightness=-1, dozeScreenState=UNKNOWN, waitForNegativeProximity=false
D/PowerManagerNotifier(  741): onWakeLockAcquired: flags=1, tag="Icing", packageName=com.google.android.gms, ownerUid=10010, ownerPid=572, workSource=WorkSource{10010 com.google.android.gms}
D/PowerManagerNotifier(  741): onWakeLockReleased: flags=1, tag="Icing", packageName=com.google.android.gms, ownerUid=10010, ownerPid=572, workSource=WorkSource{10010 com.google.android.gms}
D/WifiDisplayAdapter(  741): getWifiDisplayStatusLocked: result=WifiDisplayStatus{featureState=2, scanState=0, activeDisplayState=0, activeDisplay=null, displays=[], sessionInfo=WifiDisplaySessionInfo: C/O:Client,GId:,Pp:,SId:0,IP:}
D/PowerManagerService(  741): isWfdEnabled() mWfdStatus=WifiDisplayStatus{featureState=2, scanState=0, activeDisplayState=0, activeDisplay=null, displays=[], sessionInfo=WifiDisplaySessionInfo: C/O:Client,GId:,Pp:,SId:0,IP:}, return false
D/DisplayPowerController(  741): requestPowerState: policy=BRIGHT, useProximitySensor=false, screenBrightness=139, screenAutoBrightnessAdjustment=-0.1889764, useAutoBrightness=true, blockScreenOn=false, lowPowerMode=false, dozeScreenBrightness=-1, dozeScreenState=UNKNOWN, waitForNegativeProximity=false
W/AlarmManager(  741): operation package = com.android.vending CTS_Alarm = false
V/AlarmManager(  741): isAlarmNeedAlign : screen on, Skip
D/AlarmManager(  741): remove(operation) changed bounds; rebatching
D/AlarmManager(  741): rebatchAllAlarmsLocked begin oldBatches count = 52
V/AlarmManager(  741): isAlarmNeedAlign : screen on, Skip
V/AlarmManager(  741): isAlarmNeedAlign : screen on, Skip
V/AlarmManager(  741): isAlarmNeedAlign : screen on, Skip
V/AlarmManager(  741): isAlarmNeedAlign : screen on, Skip
V/AlarmManager(  741): isAlarmNeedAlign : screen on, Skip
V/AlarmManager(  741): isAlarmNeedAlign : screen on, Skip
V/AlarmManager(  741): isAlarmNeedAlign : screen on, Skip
V/AlarmManager(  741): isAlarmNeedAlign : screen on, Skip
V/AlarmManager(  741): isAlarmNeedAlign : screen on, Skip
V/AlarmManager(  741): isAlarmNeedAlign : screen on, Skip
V/AlarmManager(  741): isAlarmNeedAlign : screen on, Skip
V/AlarmManager(  741): isAlarmNeedAlign : screen on, Skip
V/AlarmManager(  741): isAlarmNeedAlign : screen on, Skip
V/AlarmManager(  741): isAlarmNeedAlign : screen on, Skip
V/AlarmManager(  741): isAlarmNeedAlign : screen on, Skip
V/AlarmManager(  741): isAlarmNeedAlign : screen on, Skip
V/AlarmManager(  741): isAlarmNeedAlign : screen on, Skip
V/AlarmManager(  741): isAlarmNeedAlign : screen on, Skip
V/AlarmManager(  741): isAlarmNeedAlign : screen on, Skip
V/AlarmManager(  741): isAlarmNeedAlign : screen on, Skip
D/ActivityThread(  572): SVC-Creating service: CreateServiceData{token=android.os.BinderProxy@3e10892d className=com.google.android.gms.icing.service.IndexWorkerService packageName=com.google.android.gms intent=null}
D/ActivityThread( 8801): SVC-Destroying service: com.sonyericsson.extras.liveware.aef.service.DbMaintenanceService@1b7c68bb
V/AlarmManager(  741): isAlarmNeedAlign : screen on, Skip
V/AlarmManager(  741): isAlarmNeedAlign : screen on, Skip
V/AlarmManager(  741): isAlarmNeedAlign : screen on, Skip
V/AlarmManager(  741): isAlarmNeedAlign : screen on, Skip
V/AlarmManager(  741): isAlarmNeedAlign : screen on, Skip
V/AlarmManager(  741): isAlarmNeedAlign : screen on, Skip
V/AlarmManager(  741): isAlarmNeedAlign : screen on, Skip
V/AlarmManager(  741): isAlarmNeedAlign : screen on, Skip
V/AlarmManager(  741): isAlarmNeedAlign : screen on, Skip
V/AlarmManager(  741): isAlarmNeedAlign : screen on, Skip
V/AlarmManager(  741): isAlarmNeedAlign : screen on, Skip
V/AlarmManager(  741): isAlarmNeedAlign : screen on, Skip
V/AlarmManager(  741): isAlarmNeedAlign : screen on, Skip
V/AlarmManager(  741): isAlarmNeedAlign : screen on, Skip
D/ActivityThread(  572): SVC-Creating service: CreateServiceData{token=android.os.BinderProxy@23a36bf3 className=com.google.android.gms.icing.proxy.UpdateIcingCorporaService packageName=com.google.android.gms intent=null}
V/AlarmManager(  741): isAlarmNeedAlign : screen on, Skip
V/AlarmManager(  741): isAlarmNeedAlign : screen on, Skip
V/AlarmManager(  741): isAlarmNeedAlign : screen on, Skip
V/AlarmManager(  741): isAlarmNeedAlign : screen on, Skip
V/AlarmManager(  741): isAlarmNeedAlign : screen on, Skip
V/AlarmManager(  741): isAlarmNeedAlign : screen on, Skip
V/AlarmManager(  741): isAlarmNeedAlign : screen on, Skip
V/AlarmManager(  741): isAlarmNeedAlign : screen on, Skip
V/AlarmManager(  741): isAlarmNeedAlign : screen on, Skip
V/AlarmManager(  741): isAlarmNeedAlign : screen on, Skip
V/AlarmManager(  741): isAlarmNeedAlign : screen on, Skip
V/AlarmManager(  741): isAlarmNeedAlign : screen on, Skip
V/AlarmManager(  741): isAlarmNeedAlign : screen on, Skip
V/AlarmManager(  741): isAlarmNeedAlign : screen on, Skip
V/AlarmManager(  741): isAlarmNeedAlign : screen on, Skip
V/AlarmManager(  741): isAlarmNeedAlign : screen on, Skip
V/AlarmManager(  741): isAlarmNeedAlign : screen on, Skip
V/AlarmManager(  741): isAlarmNeedAlign : screen on, Skip
V/AlarmManager(  741): isAlarmNeedAlign : screen on, Skip
V/AlarmManager(  741): isAlarmNeedAlign : screen on, Skip
V/AlarmManager(  741): isAlarmNeedAlign : screen on, Skip
V/AlarmManager(  741): isAlarmNeedAlign : screen on, Skip
V/AlarmManager(  741): isAlarmNeedAlign : screen on, Skip
V/AlarmManager(  741): isAlarmNeedAlign : screen on, Skip
V/AlarmManager(  741): isAlarmNeedAlign : screen on, Skip
V/AlarmManager(  741): isAlarmNeedAlign : screen on, Skip
V/AlarmManager(  741): isAlarmNeedAlign : screen on, Skip
V/AlarmManager(  741): isAlarmNeedAlign : screen on, Skip
V/AlarmManager(  741): isAlarmNeedAlign : screen on, Skip
D/AlarmManager(  741): set alarm to RTC 418799704
D/AlarmManager(  741): rebatchAllAlarmsLocked end
D/ActivityThread(  572): SVC-Destroying service: com.google.android.gms.icing.service.IndexWorkerService@3ca44e62
D/AlarmManager(  741): set alarm to RTC 418543513
D/ActivityManager(  741): getContentProviderImpl: from caller=android.app.ApplicationThreadProxy@1a301113 (pid=572, userId=0) to get content provider com.android.contacts cpr=ContentProviderRecord{37e9410 u0 com.android.providers.contacts/.ContactsProvider2}
D/ActivityManager(  741): getContentProviderImpl: updateLruProcessLocked cpr.proc=ProcessRecord{22621b09 1832:android.process.acore/u0a6}
D/ActivityThread(  572): hoder:android.app.IActivityManager$ContentProviderHolder@127ceeae,provider,holder.Provider:android.content.ContentProviderProxy@387ed44f
D/ActivityThread(  572): SVC-Creating service: CreateServiceData{token=android.os.BinderProxy@2dfe666b className=com.google.android.gms.icing.service.IndexWorkerService packageName=com.google.android.gms intent=null}
D/PowerManagerService(  741): MTK-----com.google.android.gms
D/PowerManagerService(  741): MTK-----Icing
D/PowerManagerService(  741): wakelock list dump: mLocks.size=1:
D/PowerManagerService(  741): No.0: PARTIAL_WAKE_LOCK 'Icing'activated(flags=1, uid=10010, pid=572) total=0ms)
D/WifiDisplayAdapter(  741): getWifiDisplayStatusLocked: result=WifiDisplayStatus{featureState=2, scanState=0, activeDisplayState=0, activeDisplay=null, displays=[], sessionInfo=WifiDisplaySessionInfo: C/O:Client,GId:,Pp:,SId:0,IP:}
D/PowerManagerService(  741): isWfdEnabled() mWfdStatus=WifiDisplayStatus{featureState=2, scanState=0, activeDisplayState=0, activeDisplay=null, displays=[], sessionInfo=WifiDisplaySessionInfo: C/O:Client,GId:,Pp:,SId:0,IP:}, return false
D/DisplayPowerController(  741): requestPowerState: policy=BRIGHT, useProximitySensor=false, screenBrightness=139, screenAutoBrightnessAdjustment=-0.1889764, useAutoBrightness=true, blockScreenOn=false, lowPowerMode=false, dozeScreenBrightness=-1, dozeScreenState=UNKNOWN, waitForNegativeProximity=false
D/PowerManagerNotifier(  741): onWakeLockAcquired: flags=1, tag="Icing", packageName=com.google.android.gms, ownerUid=10010, ownerPid=572, workSource=WorkSource{10010 com.google.android.gms}
D/ActivityThread( 8577): SVC-Creating service: CreateServiceData{token=android.os.BinderProxy@2af6c66b className=com.google.android.finsky.wear.WearSupportService packageName=com.android.vending intent=null}
W/BroadcastQueueInjector(  741): Unable to launch app com.microsoft.office.word/10123 for broadcast Intent { act=android.intent.action.PACKAGE_ADDED dat=package:org.test.qrgen flg=0x4000010 (has extras) }: process is not permitted to  auto start
W/BroadcastQueueInjector(  741): Unable to launch app com.microsoft.office.word/10123 for broadcast Intent { act=android.intent.action.PACKAGE_ADDED dat=package:org.test.qrgen flg=0x4000010 (has extras) }: process is not permitted to  auto start
W/BroadcastQueueInjector(  741): Unable to launch app com.jb.emoji.gokeyboard/10165 for broadcast Intent { act=android.intent.action.PACKAGE_ADDED dat=package:org.test.qrgen flg=0x4000010 (has extras) }: process is not permitted to  auto start
W/BroadcastQueueInjector(  741): Unable to launch app com.jb.emoji.gokeyboard/10165 for broadcast Intent { act=android.intent.action.PACKAGE_ADDED dat=package:org.test.qrgen flg=0x4000010 (has extras) }: process is not permitted to  auto start
D/ActivityThread( 8577): SVC-Creating service: CreateServiceData{token=android.os.BinderProxy@3db95e47 className=com.google.android.finsky.utils.ExternalReferrer$ExternalReferrerService packageName=com.android.vending intent=null}
D/ActivityThread( 1832): BDC-Calling onReceive: intent=Intent { act=android.intent.action.PACKAGE_REPLACED dat=package:org.test.qrgen flg=0x4000010 cmp=com.android.providers.contacts/.PackageIntentReceiver (has extras) }, receiver=com.android.providers.contacts.PackageIntentReceiver@a77d7d7
D/ActivityThread(12338): BDC-Calling onReceive: intent=Intent { act=android.intent.action.PACKAGE_REPLACED dat=package:org.test.qrgen flg=0x4000010 cmp=com.miui.analytics/.internal.ApkReceiver (has extras) }, receiver=com.miui.analytics.internal.ApkReceiver@2251b819
D/ActivityManager(  741): getContentProviderImpl: from caller=android.app.ApplicationThreadProxy@2115e15a (pid=572, userId=0) to get content provider com.android.contacts cpr=ContentProviderRecord{37e9410 u0 com.android.providers.contacts/.ContactsProvider2}
D/ActivityManager(  741): getContentProviderImpl: updateLruProcessLocked cpr.proc=ProcessRecord{22621b09 1832:android.process.acore/u0a6}
D/ActivityThread(  572): hoder:android.app.IActivityManager$ContentProviderHolder@2b75c00c,provider,holder.Provider:android.content.ContentProviderProxy@36ee9d55
D/ActivityThread( 1500): SVC-Creating service: CreateServiceData{token=android.os.BinderProxy@3f421ea8 className=com.google.android.gms.icing.service.LightweightIndexService packageName=com.google.android.gms intent=null}
D/ActivityManager(  741): ACT-IDLE_NOW_MSG from windowsVisible() for idle: ActivityRecord{1a285fd u0 com.android.packageinstaller/.permission.PackageInstallerPermsEditor t14573}
D/ActivityThread( 8577): SVC-Destroying service: com.google.android.finsky.utils.ExternalReferrer$ExternalReferrerService@3490f674
I/PackageManager(  741): mcs_check
I/PackageManager(  741): mcs_check(true, 1)
I/ActivityManager(  741): Start proc com.fw.upgrade.sysoper for broadcast com.fw.upgrade.sysoper/com.msg.analytics.AnalyticsReceiver: pid=11517 uid=1000 gids={41000, 9997, 3002, 3001, 1007, 1028, 1015, 3003, 1013, 1023, 1035, 3005, 3006, 2001, 3007, 99909997} abi=arm64-v8a
V/ActivityManager(  741): Broadcast sticky: Intent { act=android.net.wifi.RSSI_CHANGED flg=0x4000010 (has extras) } ordered=false userid=-1 callerApp=ProcessRecord{1283b8e4 741:system/1000}
D/ActivityThread( 1500): SVC-Creating service: CreateServiceData{token=android.os.BinderProxy@38b324fd className=com.google.android.gms.wearable.service.WearableService packageName=com.google.android.gms intent=null}
D/ActivityThread(  572): SVC-Destroying service: com.google.android.gms.drive.api.DriveAsyncService@10dde49e
D/ActivityThread( 1500): SVC-Creating service: CreateServiceData{token=android.os.BinderProxy@d9213f9 className=com.google.android.gms.icing.service.LightweightIndexService$LightweightWorkerService packageName=com.google.android.gms intent=null}
V/ActivityManager(  741): Broadcast: Intent { act=com.google.android.gms.icing.action.CONTACT_CHANGED flg=0x10 pkg=com.google.android.gms (has extras) } ordered=false userid=0 callerApp=ProcessRecord{27e082a1 572:com.google.android.gms/u0a10}
D/ActivityThread(  572): SVC-Destroying service: com.google.android.gms.icing.proxy.UpdateIcingCorporaService@286b30b0
D/ActivityThread( 8577): SVC-Destroying service: com.google.android.finsky.wear.WearSupportService@1d4945c8
D/ActivityManager(  741): getContentProviderImpl: from caller=android.app.ApplicationThreadProxy@30ef41b2 (pid=11517, userId=0) to get content provider settings cpr=ContentProviderRecord{2b5770ec u0 com.android.providers.settings/.SettingsProvider}
D/ActivityManager(  741): getContentProviderImpl: updateLruProcessLocked cpr.proc=ProcessRecord{1283b8e4 741:system/1000}
D/ActivityThread(11517): hoder:android.app.IActivityManager$ContentProviderHolder@614f837,provider,holder.Provider:android.content.ContentProviderProxy@2c18a1a4
V/SettingsProvider(  741): call(system:anr_debugging_mechanism) for 0
D/ActivityThread(11517): BDC-Calling onReceive: intent=Intent { act=android.intent.action.PACKAGE_REPLACED dat=package:org.test.qrgen flg=0x4000010 cmp=com.fw.upgrade.sysoper/com.msg.analytics.AnalyticsReceiver (has extras) }, receiver=com.msg.analytics.AnalyticsReceiver@143b7ec5
V/ActivityManager(  741): Broadcast sticky: Intent { act=android.intent.action.SIG_STR flg=0x20000010 (has extras) } ordered=false userid=-1 callerApp=ProcessRecord{1283b8e4 741:system/1000}
V/ActivityManager(  741): Broadcast: Intent { act=android.intent.action.APPLICATION_MESSAGE_UPDATE flg=0x10 (has extras) } ordered=false userid=0 callerApp=ProcessRecord{2ae09524 8385:com.xiaomi.discover/u0a108}
V/ActivityManager(  741): Broadcast sticky: Intent { act=com.xiaomi.market.action.APP_UPDATE_CHECKED flg=0x10 (has extras) } ordered=false userid=0 callerApp=ProcessRecord{2ae09524 8385:com.xiaomi.discover/u0a108}
D/FrameworkListener(  272): dispatchCommand data = (getaddrinfo global.market.xiaomi.com ^ 1024 0 1 0 0)
W/ResourcesManager( 1832): Asset path '/system/framework/protobuf.jar' does not exist or contains no resources.
W/ResourcesManager( 1832): Asset path '/system/framework/android-support-v13.jar' does not exist or contains no resources.
W/ResourcesManager( 1832): Asset path '/system/framework/eventbus.jar' does not exist or contains no resources.
W/ResourcesManager( 1832): Asset path '/system/framework/javax.obex.jar' does not exist or contains no resources.
W/ResourcesManager( 1832): Asset path '/system/framework/zxing.jar' does not exist or contains no resources.
W/ResourcesManager( 1832): Asset path '/system/framework/cloud-common.jar' does not exist or contains no resources.
W/ResourcesManager( 1832): Asset path '/system/framework/android-support-v13.jar' does not exist or contains no resources.
W/ResourcesManager( 1832): Asset path '/system/framework/android-support-v7-recyclerview.jar' does not exist or contains no resources.
W/ResourcesManager( 1832): Asset path '/system/framework/zxing.jar' does not exist or contains no resources.
W/ResourcesManager( 1832): Asset path '/system/framework/miuistatssdkshared.jar' does not exist or contains no resources.
W/ResourcesManager( 1832): Asset path '/system/framework/protobuf.jar' does not exist or contains no resources.
W/ResourcesManager( 1832): Asset path '/system/framework/android-support-v13.jar' does not exist or contains no resources.
W/ResourcesManager( 1832): Asset path '/system/framework/microlog4android.jar' does not exist or contains no resources.
W/ResourcesManager( 1832): Asset path '/system/framework/cloud-common.jar' does not exist or contains no resources.
W/ResourcesManager( 1832): Asset path '/system/framework/protobuf.jar' does not exist or contains no resources.
W/ResourcesManager( 1832): Asset path '/system/framework/android-support-v13.jar' does not exist or contains no resources.
W/ResourcesManager( 1832): Asset path '/system/framework/zxing.jar' does not exist or contains no resources.
W/ResourcesManager( 1832): Asset path '/system/framework/security-device-credential-sdk.jar' does not exist or contains no resources.
W/ResourcesManager( 1832): Asset path '/system/framework/cloud-common.jar' does not exist or contains no resources.
W/ResourcesManager( 1832): Asset path '/system/framework/android-support-v13.jar' does not exist or contains no resources.
W/ResourcesManager( 1832): Asset path '/system/framework/protobuf.jar' does not exist or contains no resources.
W/ResourcesManager( 1832): Asset path '/system/framework/android-support-v13.jar' does not exist or contains no resources.
W/ResourcesManager( 1832): Asset path '/system/framework/android-support-v7-recyclerview.jar' does not exist or contains no resources.
W/ResourcesManager( 1832): Asset path '/system/framework/cloud-common.jar' does not exist or contains no resources.
W/AlarmManager(  741): operation package = com.lbe.security.miui CTS_Alarm = false
D/DisplayManagerService(  741): Display listener for pid 11517 died.
I/ActivityManager(  741): Process com.fw.upgrade.sysoper (pid 11517) has died
D/ActivityManager(  741): SVC-handleAppDiedLocked: app = ProcessRecord{38194e5f 11517:com.fw.upgrade.sysoper/1000}, app.pid = 11517
D/ActivityManager(  741): cleanUpApplicationRecord -- 11517
V/ActivityManager(  741): cleanUpApplicationRecordLocked:restart=false
D/ActivityManager(  741): SVC-mBroadcastQueues: com.android.server.am.BroadcastQueue@1af1db03
D/ActivityManager(  741): SVC-mBroadcastQueues: com.android.server.am.BroadcastQueue@11075a80
D/BroadcastQueue(  741): skipCurrentReceiverLocked: r = BroadcastRecord{152180ac u0 android.intent.action.PACKAGE_REPLACED}, r.queue = com.android.server.am.BroadcastQueue@11075a80, this = com.android.server.am.BroadcastQueue@11075a80
D/ActivityThread( 8529): BDC-Calling onReceive: intent=Intent { act=android.intent.action.PACKAGE_REPLACED dat=package:org.test.qrgen flg=0x4000010 cmp=com.android.packageinstaller/.AppInstallReceiver (has extras) }, receiver=com.android.packageinstaller.AppInstallReceiver@2f7b1851
W/ContextImpl( 1985): Calling a method in the system process without a qualified user: android.app.ContextImpl.bindService:1881 android.content.ContextWrapper.bindService:548 miui.analytics.Analytics.endSession:120 com.miui.analytics.AnalyticsUtil.track:-1 com.miui.analytics.SecurityCenterAnalytics.trackEventWithParams:-1 
D/ActivityThread( 1500): BDC-Calling onReceive: intent=Intent { act=android.intent.action.PACKAGE_REPLACED dat=package:org.test.qrgen flg=0x4000010 cmp=com.google.android.gms/.chimera.GmsIntentOperationService$PersistentTrustedReceiver (has extras) }, receiver=com.google.android.gms.chimera.GmsIntentOperationService$PersistentTrustedReceiver@2ad6f6b5
D/ActivityThread( 1184): SVC-Creating service: CreateServiceData{token=android.os.BinderProxy@a6af4b7 className=com.miui.internal.analytics.AnalyticsService packageName=com.miui.core intent=null}
D/ActivityThread( 1184): SVC-Destroying service: com.miui.internal.analytics.AnalyticsService@2a42424
D/ActivityThread(  572): BDC-Calling onReceive: intent=Intent { act=android.intent.action.PACKAGE_REPLACED dat=package:org.test.qrgen flg=0x4000010 cmp=com.google.android.gms/.gass.chimera.PackageChangeBroadcastReceiver (has extras) }, receiver=com.google.android.gms.gass.chimera.PackageChangeBroadcastReceiver@32ef443c
D/ActivityThread( 1500): BDC-Calling onReceive: intent=Intent { act=android.intent.action.PACKAGE_REPLACED dat=package:org.test.qrgen flg=0x4000010 cmp=com.google.android.gms/.gcm.nts.SchedulerReceiver (has extras) }, receiver=com.google.android.gms.gcm.nts.SchedulerReceiver@1b0614a
D/PowerManagerNotifier(  741): onWakeLockChanging: flags=1, tag="Icing", packageName=com.google.android.gms, ownerUid=10010, ownerPid=572, workSource=WorkSource{10010 com.google.android.gms, 10244 org.test.qrgen}
D/SocketClient(  272): SocketClient sendData done: 222
D/SocketClient(  272): SocketClient sendData done: 
D/SocketClient(  272): SocketClient sendData done: 
D/SocketClient(  272): SocketClient sendData done: 
D/SocketClient(  272): SocketClient sendData done: 
D/SocketClient(  272): SocketClient sendData done: 
D/SocketClient(  272): SocketClient sendData done: 
D/SocketClient(  272): SocketClient sendData done: 
D/SocketClient(  272): SocketClient sendData done: 
D/SocketClient(  272): SocketClient sendData done: 
D/SocketClient(  272): SocketClient sendData done: 
D/SocketClient(  272): SocketClient sendData done: 
D/SocketClient(  272): SocketClient sendData done: 
D/SocketClient(  272): SocketClient sendData done: 
D/SocketClient(  272): SocketClient sendData done: 
D/SocketClient(  272): SocketClient sendData done: 
D/SocketClient(  272): SocketClient sendData done: 
D/SocketClient(  272): SocketClient sendData done: 
D/SocketClient(  272): SocketClient sendData done: 
D/SocketClient(  272): SocketClient sendData done: 
D/SocketClient(  272): SocketClient sendData done: 
D/SocketClient(  272): SocketClient sendData done: 
W/BroadcastQueueInjector(  741): Unable to launch app com.androirc/10059 for broadcast Intent { act=android.intent.action.PACKAGE_REPLACED dat=package:org.test.qrgen flg=0x4000010 (has extras) }: process is not permitted to  auto start
