D/PowerManagerService(  741): MTK-----com.google.android.gms
D/PowerManagerService(  741): MTK-----Icing
D/PowerManagerService(  741): MTK-----com.google.android.gms
D/PowerManagerService(  741): MTK-----*net_scheduler*
D/PowerManagerService(  741): wakelock list dump: mLocks.size=2:
D/PowerManagerService(  741): No.0: PARTIAL_WAKE_LOCK 'Icing'activated(flags=1, uid=10010, pid=572) total=284ms)
D/PowerManagerService(  741): No.1: PARTIAL_WAKE_LOCK '*net_scheduler*'activated(flags=1, uid=10010, pid=1500) total=0ms)
D/WifiDisplayAdapter(  741): getWifiDisplayStatusLocked: result=WifiDisplayStatus{featureState=2, scanState=0, activeDisplayState=0, activeDisplay=null, displays=[], sessionInfo=WifiDisplaySessionInfo: C/O:Client,GId:,Pp:,SId:0,IP:}
D/PowerManagerService(  741): isWfdEnabled() mWfdStatus=WifiDisplayStatus{featureState=2, scanState=0, activeDisplayState=0, activeDisplay=null, displays=[], sessionInfo=WifiDisplaySessionInfo: C/O:Client,GId:,Pp:,SId:0,IP:}, return false
D/DisplayPowerController(  741): requestPowerState: policy=BRIGHT, useProximitySensor=false, screenBrightness=139, screenAutoBrightnessAdjustment=-0.1889764, useAutoBrightness=true, blockScreenOn=false, lowPowerMode=false, dozeScreenBrightness=-1, dozeScreenState=UNKNOWN, waitForNegativeProximity=false
D/PowerManagerNotifier(  741): onWakeLockAcquired: flags=1, tag="*net_scheduler*", packageName=com.google.android.gms, ownerUid=10010, ownerPid=1500, workSource=WorkSource{10010 com.google.android.gms}
W/BroadcastQueueInjector(  741): Unable to launch app com.authy.authy/10116 for broadcast Intent { act=android.intent.action.PACKAGE_REPLACED dat=package:org.test.qrgen flg=0x4000010 (has extras) }: process is not permitted to  auto start
W/BroadcastQueueInjector(  741): Unable to launch app com.jb.emoji.gokeyboard/10165 for broadcast Intent { act=android.intent.action.PACKAGE_REPLACED dat=package:org.test.qrgen flg=0x4000010 (has extras) }: process is not permitted to  auto start
W/BroadcastQueueInjector(  741): Unable to launch app com.jb.emoji.gokeyboard/10165 for broadcast Intent { act=android.intent.action.PACKAGE_REPLACED dat=package:org.test.qrgen flg=0x4000010 (has extras) }: process is not permitted to  auto start
D/AlarmManager(  741): remove(operation) changed bounds; rebatching
D/AlarmManager(  741): rebatchAllAlarmsLocked begin oldBatches count = 53
V/AlarmManager(  741): isAlarmNeedAlign : screen on, Skip
V/AlarmManager(  741): isAlarmNeedAlign : screen on, Skip
V/AlarmManager(  741): isAlarmNeedAlign : screen on, Skip
V/AlarmManager(  741): isAlarmNeedAlign : screen on, Skip
V/AlarmManager(  741): isAlarmNeedAlign : screen on, Skip
V/AlarmManager(  741): isAlarmNeedAlign : screen on, Skip
V/AlarmManager(  741): isAlarmNeedAlign : screen on, Skip
D/ActivityThread(  572): SVC-Creating service: CreateServiceData{token=android.os.BinderProxy@3498dee6 className=com.google.android.gms.icing.proxy.UpdateIcingCorporaService packageName=com.google.android.gms intent=null}
V/AlarmManager(  741): isAlarmNeedAlign : screen on, Skip
V/AlarmManager(  741): isAlarmNeedAlign : screen on, Skip
V/AlarmManager(  741): isAlarmNeedAlign : screen on, Skip
V/AlarmManager(  741): isAlarmNeedAlign : screen on, Skip
V/AlarmManager(  741): isAlarmNeedAlign : screen on, Skip
V/AlarmManager(  741): isAlarmNeedAlign : screen on, Skip
V/AlarmManager(  741): isAlarmNeedAlign : screen on, Skip
V/AlarmManager(  741): isAlarmNeedAlign : screen on, Skip
D/PowerManagerNotifier(  741): onWakeLockChanging: flags=1, tag="Icing", packageName=com.google.android.gms, ownerUid=10010, ownerPid=572, workSource=WorkSource{10010 com.google.android.gms}
V/AlarmManager(  741): isAlarmNeedAlign : screen on, Skip
V/AlarmManager(  741): isAlarmNeedAlign : screen on, Skip
V/AlarmManager(  741): isAlarmNeedAlign : screen on, Skip
V/AlarmManager(  741): isAlarmNeedAlign : screen on, Skip
V/AlarmManager(  741): isAlarmNeedAlign : screen on, Skip
V/AlarmManager(  741): isAlarmNeedAlign : screen on, Skip
V/AlarmManager(  741): isAlarmNeedAlign : screen on, Skip
V/AlarmManager(  741): isAlarmNeedAlign : screen on, Skip
V/AlarmManager(  741): isAlarmNeedAlign : screen on, Skip
V/AlarmManager(  741): isAlarmNeedAlign : screen on, Skip
V/AlarmManager(  741): isAlarmNeedAlign : screen on, Skip
V/AlarmManager(  741): isAlarmNeedAlign : screen on, Skip
V/AlarmManager(  741): isAlarmNeedAlign : screen on, Skip
V/AlarmManager(  741): isAlarmNeedAlign : screen on, Skip
V/AlarmManager(  741): isAlarmNeedAlign : screen on, Skip
V/AlarmManager(  741): isAlarmNeedAlign : screen on, Skip
V/AlarmManager(  741): isAlarmNeedAlign : screen on, Skip
V/AlarmManager(  741): isAlarmNeedAlign : screen on, Skip
V/AlarmManager(  741): isAlarmNeedAlign : screen on, Skip
V/AlarmManager(  741): isAlarmNeedAlign : screen on, Skip
V/AlarmManager(  741): isAlarmNeedAlign : screen on, Skip
V/AlarmManager(  741): isAlarmNeedAlign : screen on, Skip
V/AlarmManager(  741): isAlarmNeedAlign : screen on, Skip
V/AlarmManager(  741): isAlarmNeedAlign : screen on, Skip
V/AlarmManager(  741): isAlarmNeedAlign : screen on, Skip
V/AlarmManager(  741): isAlarmNeedAlign : screen on, Skip
V/AlarmManager(  741): isAlarmNeedAlign : screen on, Skip
V/AlarmManager(  741): isAlarmNeedAlign : screen on, Skip
V/AlarmManager(  741): isAlarmNeedAlign : screen on, Skip
V/AlarmManager(  741): isAlarmNeedAlign : screen on, Skip
V/AlarmManager(  741): isAlarmNeedAlign : screen on, Skip
V/AlarmManager(  741): isAlarmNeedAlign : screen on, Skip
V/AlarmManager(  741): isAlarmNeedAlign : screen on, Skip
V/AlarmManager(  741): isAlarmNeedAlign : screen on, Skip
V/AlarmManager(  741): isAlarmNeedAlign : screen on, Skip
V/AlarmManager(  741): isAlarmNeedAlign : screen on, Skip
V/AlarmManager(  741): isAlarmNeedAlign : screen on, Skip
V/AlarmManager(  741): isAlarmNeedAlign : screen on, Skip
V/AlarmManager(  741): isAlarmNeedAlign : screen on, Skip
V/AlarmManager(  741): isAlarmNeedAlign : screen on, Skip
V/AlarmManager(  741): isAlarmNeedAlign : screen on, Skip
V/AlarmManager(  741): isAlarmNeedAlign : screen on, Skip
V/AlarmManager(  741): isAlarmNeedAlign : screen on, Skip
V/AlarmManager(  741): isAlarmNeedAlign : screen on, Skip
V/AlarmManager(  741): isAlarmNeedAlign : screen on, Skip
V/AlarmManager(  741): isAlarmNeedAlign : screen on, Skip
V/AlarmManager(  741): isAlarmNeedAlign : screen on, Skip
V/AlarmManager(  741): isAlarmNeedAlign : screen on, Skip
D/AlarmManager(  741): set alarm to RTC 418550453
D/AlarmManager(  741): rebatchAllAlarmsLocked end
D/ActivityThread(10779): BDC-Calling onReceive: intent=Intent { act=android.intent.action.PACKAGE_REPLACED dat=package:org.test.qrgen flg=0x4000010 cmp=org.thoughtcrime.securesms/.ExperienceUpgradeActivity$AppUpgradeReceiver (has extras) }, receiver=org.thoughtcrime.securesms.ExperienceUpgradeActivity$AppUpgradeReceiver@11e8ffb4
D/SocketClient(  272): SocketClient sendData done: 
D/ActivityThread(  572): SVC-Destroying service: com.google.android.gms.icing.proxy.UpdateIcingCorporaService@36c9791f
W/ResourcesManager( 1832): Asset path '/system/framework/android-support-v13.jar' does not exist or contains no resources.
W/ResourcesManager( 1832): Asset path '/system/framework/cloud-common.jar' does not exist or contains no resources.
W/AlarmManager(  741): operation package = com.google.android.gms CTS_Alarm = false
V/AlarmManager(  741): isAlarmNeedAlign : screen on, Skip
D/PowerManagerNotifier(  741): onWakeLockReleased: flags=1, tag="*net_scheduler*", packageName=com.google.android.gms, ownerUid=10010, ownerPid=1500, workSource=WorkSource{10010 com.google.android.gms}
D/PowerManagerService(  741): MTK-----com.google.android.gms
D/PowerManagerService(  741): MTK-----Icing
D/PowerManagerService(  741): wakelock list dump: mLocks.size=1:
D/PowerManagerService(  741): No.0: PARTIAL_WAKE_LOCK 'Icing'activated(flags=1, uid=10010, pid=572) total=326ms)
D/WifiDisplayAdapter(  741): getWifiDisplayStatusLocked: result=WifiDisplayStatus{featureState=2, scanState=0, activeDisplayState=0, activeDisplay=null, displays=[], sessionInfo=WifiDisplaySessionInfo: C/O:Client,GId:,Pp:,SId:0,IP:}
D/PowerManagerService(  741): isWfdEnabled() mWfdStatus=WifiDisplayStatus{featureState=2, scanState=0, activeDisplayState=0, activeDisplay=null, displays=[], sessionInfo=WifiDisplaySessionInfo: C/O:Client,GId:,Pp:,SId:0,IP:}, return false
D/DisplayPowerController(  741): requestPowerState: policy=BRIGHT, useProximitySensor=false, screenBrightness=139, screenAutoBrightnessAdjustment=-0.1889764, useAutoBrightness=true, blockScreenOn=false, lowPowerMode=false, dozeScreenBrightness=-1, dozeScreenState=UNKNOWN, waitForNegativeProximity=false
D/ActivityThread( 1500): BDC-Calling onReceive: intent=Intent { act=com.google.android.gms.actions.HANDLE_PACKAGE_INSTALLED dat=package:org.test.qrgen flg=0x10 pkg=com.google.android.gms cmp=com.google.android.gms/.backup.RestoreCompleteReceiver (has extras) }, receiver=com.google.android.gms.backup.RestoreCompleteReceiver@214d4931
D/ActivityThread( 1500): BDC-Calling onReceive: intent=Intent { act=com.google.android.gms.icing.action.CONTACT_CHANGED flg=0x10 pkg=com.google.android.gms cmp=com.google.android.gms/.chimera.GmsIntentOperationService$PersistentInternalReceiver (has extras) }, receiver=com.google.android.gms.chimera.GmsIntentOperationService$PersistentInternalReceiver@71b4816
D/ActivityThread( 1985): BDC-Calling onReceive: intent=Intent { act=com.xiaomi.market.action.APP_UPDATE_CHECKED flg=0x10 cmp=com.miui.securitycenter/com.miui.securityscan.receiver.AppUpdateReceiver (has extras) }, receiver=com.miui.securityscan.receiver.AppUpdateReceiver@34f4b797
W/ResourcesManager( 1832): Asset path '/system/framework/protobuf.jar' does not exist or contains no resources.
W/ResourcesManager( 1832): Asset path '/system/framework/android-support-v13.jar' does not exist or contains no resources.
D/ActivityThread(  572): SVC-Destroying service: com.google.android.gms.games.chimera.GamesAsyncServiceProxy@2986687b
D/SocketClient(  272): SocketClient sendData done: 
D/ActivityThread( 7973): SVC-Destroying service: com.android.thememanager.service.ThemeService@86fb689
D/AutomaticBrightnessController(  741): updateAmbientLux: ambientLux=120.0, timeToBrighten=4000, timeToDarken=8000, current=120.0
D/ActivityThread(  572): SVC-Destroying service: com.google.android.gms.gass.chimera.AsyncTaskService@379154b2
D/ActivityThread( 1500): SVC-Destroying service: com.google.android.gms.icing.service.LightweightIndexService$LightweightWorkerService@34de8f3e
V/ActivityManager(  741): Broadcast: Intent { act=com.google.android.gms.icing.IME_NOTIFICATION flg=0x10 pkg=com.google.android.apps.inputmethod.cantonese (has extras) } ordered=false userid=0 callerApp=ProcessRecord{27e082a1 572:com.google.android.gms/u0a10}
V/ActivityManager(  741): Broadcast: Intent { act=com.google.android.gms.icing.IME_NOTIFICATION flg=0x10 pkg=com.google.android.apps.inputmethod.hindi (has extras) } ordered=false userid=0 callerApp=ProcessRecord{27e082a1 572:com.google.android.gms/u0a10}
V/ActivityManager(  741): Broadcast: Intent { act=com.google.android.gms.icing.IME_NOTIFICATION flg=0x10 pkg=com.google.android.apps.inputmethod.zhuyin (has extras) } ordered=false userid=0 callerApp=ProcessRecord{27e082a1 572:com.google.android.gms/u0a10}
V/ActivityManager(  741): Broadcast: Intent { act=com.google.android.gms.icing.IME_NOTIFICATION flg=0x10 pkg=com.android.inputmethod.latin (has extras) } ordered=false userid=0 callerApp=ProcessRecord{27e082a1 572:com.google.android.gms/u0a10}
V/ActivityManager(  741): Broadcast: Intent { act=com.google.android.gms.icing.IME_NOTIFICATION flg=0x10 pkg=com.google.android.inputmethod.korean (has extras) } ordered=false userid=0 callerApp=ProcessRecord{27e082a1 572:com.google.android.gms/u0a10}
V/ActivityManager(  741): Broadcast: Intent { act=com.google.android.gms.icing.IME_NOTIFICATION flg=0x10 pkg=com.google.android.inputmethod.pinyin (has extras) } ordered=false userid=0 callerApp=ProcessRecord{27e082a1 572:com.google.android.gms/u0a10}
V/ActivityManager(  741): Broadcast: Intent { act=com.google.android.gms.icing.IME_NOTIFICATION flg=0x10 pkg=com.google.android.inputmethod.japanese (has extras) } ordered=false userid=0 callerApp=ProcessRecord{27e082a1 572:com.google.android.gms/u0a10}
V/ActivityManager(  741): Broadcast: Intent { act=com.google.android.gms.icing.IME_NOTIFICATION flg=0x10 pkg=com.google.android.inputmethod.latin.dogfood (has extras) } ordered=false userid=0 callerApp=ProcessRecord{27e082a1 572:com.google.android.gms/u0a10}
V/ActivityManager(  741): Broadcast: Intent { act=com.google.android.gms.icing.IME_NOTIFICATION flg=0x10 pkg=com.google.android.inputmethod.latin (has extras) } ordered=false userid=0 callerApp=ProcessRecord{27e082a1 572:com.google.android.gms/u0a10}
D/PowerManagerNotifier(  741): onWakeLockReleased: flags=1, tag="Icing", packageName=com.google.android.gms, ownerUid=10010, ownerPid=572, workSource=WorkSource{10010 com.google.android.gms}
D/WifiDisplayAdapter(  741): getWifiDisplayStatusLocked: result=WifiDisplayStatus{featureState=2, scanState=0, activeDisplayState=0, activeDisplay=null, displays=[], sessionInfo=WifiDisplaySessionInfo: C/O:Client,GId:,Pp:,SId:0,IP:}
D/PowerManagerService(  741): isWfdEnabled() mWfdStatus=WifiDisplayStatus{featureState=2, scanState=0, activeDisplayState=0, activeDisplay=null, displays=[], sessionInfo=WifiDisplaySessionInfo: C/O:Client,GId:,Pp:,SId:0,IP:}, return false
D/DisplayPowerController(  741): requestPowerState: policy=BRIGHT, useProximitySensor=false, screenBrightness=139, screenAutoBrightnessAdjustment=-0.1889764, useAutoBrightness=true, blockScreenOn=false, lowPowerMode=false, dozeScreenBrightness=-1, dozeScreenState=UNKNOWN, waitForNegativeProximity=false
D/ActivityThread(  572): SVC-Destroying service: com.google.android.gms.icing.service.IndexWorkerService@3a4865c8
--------- beginning of main
D/NativeCrypto(12338): ssl=0x559247e950 info_callback calling handshakeCompleted
D/NativeCrypto(12338): ssl=0x559247e950 info_callback completed
D/NativeCrypto(12338): ssl=0x559247e950 info_callback where=0x1002 ret=1
D/NativeCrypto(12338): ssl=0x559247e950 SSL_connect:ok exit in SSLOK  SSL negotiation finished successfully
D/NativeCrypto(12338): ssl=0x559247e950 info_callback ignored
D/NativeCrypto(12338): doing handshake -- ret=1
D/NativeCrypto(12338): ssl=0x559247e950 NativeCrypto_SSL_get_certificate => NULL
I/System.out(12338): gba_cipher_suite:TLS_ECDHE_RSA_WITH_AES_128_GCM_SHA256
I/System.out(12338): Close in OkHttp:0
D/NativeCrypto(12338): ssl=0x559247e950 info_callback where=0x4008 ret=256
D/NativeCrypto(12338): ssl=0x559247e950 SSL3 alert write:W:CN warning close notify
D/NativeCrypto(12338): ssl=0x559247e950 info_callback ignored
I/System.out(12338): [CDS]close[59407]
I/XiaomiFirewall( 1227): firewall pkgName:com.miui.analytics, result:0x0
I/System.out(12338): [CDS]rx timeout:5000
I/System.out(12338): [socket][6701] connection sdkconfig.ad.xiaomi.com/52.220.89.181:443;LocalPort=58586(5000)
I/System.out(12338): [CDS]connect[sdkconfig.ad.xiaomi.com/52.220.89.181:443] tm:5
D/SocketClient(  272): SocketClient sendData done: 
D/Posix   (12338): [Posix_connect Debug]Process com.miui.analytics :443 
E/MarketDataParser( 8385): [AppList] JSON : list is null
E/MarketDataParser( 8385): No value for miuiApp
V/ActivityManager(  741): Broadcast: Intent { act=android.intent.action.APPLICATION_MESSAGE_UPDATE flg=0x10 (has extras) } ordered=false userid=0 callerApp=ProcessRecord{2ae09524 8385:com.xiaomi.discover/u0a108}
V/ActivityManager(  741): Broadcast sticky: Intent { act=com.xiaomi.market.action.APP_UPDATE_CHECKED flg=0x10 (has extras) } ordered=false userid=0 callerApp=ProcessRecord{2ae09524 8385:com.xiaomi.discover/u0a108}
D/ActivityThread( 1985): BDC-Calling onReceive: intent=Intent { act=com.xiaomi.market.action.APP_UPDATE_CHECKED flg=0x10 cmp=com.miui.securitycenter/com.miui.securityscan.receiver.AppUpdateReceiver (has extras) }, receiver=com.miui.securityscan.receiver.AppUpdateReceiver@31ec5d84
V/SettingsInterface( 8385):  from settings cache , name = second_user_id , value = -10000
I/System.out( 8385): *** url=https://global.market.xiaomi.com/apm/updateinfo
I/System.out( 8385): [CDS]rx timeout:1
I/XiaomiFirewall( 1227): firewall pkgName:com.xiaomi.discover, result:0x0
I/System.out( 8385): [CDS]rx timeout:1
D/NativeCrypto( 8385): ssl=0x559185dbd0 sslRead buf=0x55918c1540 len=2048,timeo=10
I/System.out( 8385): [CDS]rx timeout:10000
I/System.out( 8385): [CDS]rx timeout:10000
I/System.out( 8385): [CDS]rx timeout:10000
I/System.out( 8385): [CDS]rx timeout:10000
I/System.out( 8385): [OkHttp] sendRequest<<
D/NativeCrypto( 8385): ssl=0x559185dbd0 sslWrite buf=0x55918c1540 len=941 write_timeout_millis=0
D/NativeCrypto( 8385): ssl=0x559185dbd0 sslRead buf=0x55918c1540 len=2048,timeo=10000
W/Watchdog(  741): SWT Watchdog after wait current time:362665080
D/AES     (  741): AEEIOCTL_GET/SET_SF_STATE IOCTL,cmd= 1074294797, lParam=0. 
W/Watchdog(  741): **Get SF Time **1
D/AES     (  741): AEEIOCTL_RT_MON_Kick IOCTL,cmd= -2147192822, lParam=300. 
W/Watchdog(  741): SWT Watchdog before synchronized:362665081
W/Watchdog(  741): SWT Watchdog after synchronized:362665081
W/Watchdog(  741): SWT Watchdog before wait timeout:30000
W/Watchdog(  741): SWT Watchdog before wait current time:362665081
W/Watchdog(  741): SWT Watchdog before wait start:362665081
W/Watchdog(  741): SWT Watchdog before wait CHECK_INTERVAL:30000
D/InputReader(  741): InputReader::monitor: lock
D/InputReader(  741): InputReader::monitor: wait 
D/InputReader(  741): InputReader::monitor: unlock
D/InputReader(  741): InputReader::monitor: done
I/System.out(12338): [socket][/192.168.137.61:58586] connected
D/NativeCrypto(12338): ssl=0x5591970710 NativeCrypto_SSL_do_handshake fd=0x7f695be234 shc=0x7f695be238 timeout_millis=5000 client_mode=1 npn=0x0
D/NativeCrypto(12338): doing handshake ++
D/NativeCrypto(12338): ssl=0x5591970710 info_callback where=0x10 ret=1
D/NativeCrypto(12338): ssl=0x5591970710 handshake start in UNKWN  before/connect initialization
D/NativeCrypto(12338): ssl=0x5591970710 info_callback calling handshakeCompleted
D/NativeCrypto(12338): ssl=0x5591970710 info_callback completed
D/NativeCrypto(12338): ssl=0x5591970710 info_callback where=0x1001 ret=1
D/NativeCrypto(12338): ssl=0x5591970710 SSL_connect:UNKWN  before/connect initialization
D/NativeCrypto(12338): ssl=0x5591970710 info_callback ignored
D/NativeCrypto(12338): ssl=0x5591970710 info_callback where=0x1001 ret=1
D/NativeCrypto(12338): ssl=0x5591970710 SSL_connect:3WCH_A SSLv3 write client hello A
D/NativeCrypto(12338): ssl=0x5591970710 info_callback ignored
D/NativeCrypto(12338): ssl=0x5591970710 info_callback where=0x1002 ret=-1
D/NativeCrypto(12338): ssl=0x5591970710 SSL_connect:error exit in 3RSH_A SSLv3 read server hello A
D/NativeCrypto(12338): ssl=0x5591970710 info_callback ignored
D/NativeCrypto(12338): doing handshake -- ret=-1
D/NativeCrypto(12338): ssl=0x5591970710 NativeCrypto_SSL_do_handshake ret=-1 errno=11 sslError=2 timeout_millis=5000
I/octvm_klo( 2779): read wakeups from wakealarm_fd:1
I/octvm_klo( 2779): new timerfd interval:
I/octvm_klo( 2779): 	itval.it_interval.tv_sec 1, itval.it_interval.tv_nsec 0
I/octvm_klo( 2779): 	itval.it_value.tv_sec 0, itval.it_value.tv_nsec 999995462
E/MarketConnection( 8385): Network Error : 400
I/System.out( 8385): [CDS]rx timeout:100
I/System.out( 8385): [CDS]rx timeout:100
I/System.out( 8385): [CDS]rx timeout:10000
I/System.out( 8385): [CDS]rx timeout:10000
E/MarketConnection( 8385): Connection failed : SERVER_ERROR
E/WifiTrafficPoller(  741): TRAFFIC_STATS_POLL true Token 1559 num clients 17
E/WifiTrafficPoller(  741):  packet count Tx=930590 Rx=1133531
D/LightsService(  741): setLight_native: light=2, colorARGB=0x0, flashMode=0, onMS=0, offMS=0, brightnessMode=0
D/lights  (  741): write_int open fd=256
D/lights  (  741): fd_leak:write_int open fd before close path=/sys/class/leds/button-backlight/brightness,fd=256
D/NativeCrypto(12338): doing handshake ++
D/NativeCrypto(12338): ssl=0x5591970710 info_callback where=0x1001 ret=1
D/NativeCrypto(12338): ssl=0x5591970710 SSL_connect:3RSH_A SSLv3 read server hello A
D/NativeCrypto(12338): ssl=0x5591970710 info_callback ignored
D/NativeCrypto(12338): ssl=0x5591970710 info_callback where=0x1002 ret=-1
D/NativeCrypto(12338): ssl=0x5591970710 SSL_connect:error exit in 3RSC_A SSLv3 read server certificate A
D/NativeCrypto(12338): ssl=0x5591970710 info_callback ignored
D/NativeCrypto(12338): doing handshake -- ret=-1
D/NativeCrypto(12338): ssl=0x5591970710 NativeCrypto_SSL_do_handshake ret=-1 errno=11 sslError=2 timeout_millis=5000
D/NativeCrypto(12338): doing handshake ++
E/NativeCrypto(12338): ssl=0x5591970710 cert_verify_callback x509_store_ctx=0x7f695bdf48 arg=0x0
E/NativeCrypto(12338): ssl=0x5591970710 cert_verify_callback calling verifyCertificateChain authMethod=ECDHE_RSA
D/NativeCrypto(12338): ssl=0x5591970710 cert_verify_callback => 1
D/NativeCrypto(12338): ssl=0x5591970710 info_callback where=0x1001 ret=1
D/NativeCrypto(12338): ssl=0x5591970710 SSL_connect:3RSC_A SSLv3 read server certificate A
D/NativeCrypto(12338): ssl=0x5591970710 info_callback ignored
D/NativeCrypto(12338): ssl=0x5591970710 info_callback where=0x1001 ret=1
D/NativeCrypto(12338): ssl=0x5591970710 SSL_connect:3RSKEA SSLv3 read server key exchange A
D/NativeCrypto(12338): ssl=0x5591970710 info_callback ignored
D/NativeCrypto(12338): ssl=0x5591970710 info_callback where=0x1001 ret=1
D/NativeCrypto(12338): ssl=0x5591970710 SSL_connect:3RSD_A SSLv3 read server done A
D/NativeCrypto(12338): ssl=0x5591970710 info_callback ignored
D/NativeCrypto(12338): ssl=0x5591970710 info_callback where=0x1001 ret=1
D/NativeCrypto(12338): ssl=0x5591970710 SSL_connect:3WCKEA SSLv3 write client key exchange A
D/NativeCrypto(12338): ssl=0x5591970710 info_callback ignored
D/NativeCrypto(12338): ssl=0x5591970710 info_callback where=0x1001 ret=1
D/NativeCrypto(12338): ssl=0x5591970710 SSL_connect:3WCCSA SSLv3 write change cipher spec A
D/NativeCrypto(12338): ssl=0x5591970710 info_callback ignored
D/NativeCrypto(12338): ssl=0x5591970710 info_callback where=0x1001 ret=1
D/NativeCrypto(12338): ssl=0x5591970710 SSL_connect:3WFINA SSLv3 write finished A
D/NativeCrypto(12338): ssl=0x5591970710 info_callback ignored
D/NativeCrypto(12338): ssl=0x5591970710 info_callback where=0x1001 ret=1
D/NativeCrypto(12338): ssl=0x5591970710 SSL_connect:3FLUSH SSLv3 flush data
D/NativeCrypto(12338): ssl=0x5591970710 info_callback ignored
D/NativeCrypto(12338): ssl=0x5591970710 info_callback where=0x1002 ret=-1
D/NativeCrypto(12338): ssl=0x5591970710 SSL_connect:error exit in UNKWN  SSLv3 read server session ticket A
D/NativeCrypto(12338): ssl=0x5591970710 info_callback ignored
D/NativeCrypto(12338): doing handshake -- ret=-1
D/NativeCrypto(12338): ssl=0x5591970710 NativeCrypto_SSL_do_handshake ret=-1 errno=11 sslError=2 timeout_millis=5000
D/ActivityThread(  572): SVC-Destroying service: com.google.android.gms.security.snet.SafetyNetClientService@220110fa
D/NativeCrypto(12338): doing handshake ++
D/NativeCrypto(12338): ssl=0x5591970710 info_callback where=0x1001 ret=1
D/NativeCrypto(12338): ssl=0x5591970710 SSL_connect:UNKWN  SSLv3 read server session ticket A
D/NativeCrypto(12338): ssl=0x5591970710 info_callback ignored
D/NativeCrypto(12338): ssl=0x5591970710 info_callback where=0x1001 ret=1
D/NativeCrypto(12338): ssl=0x5591970710 SSL_connect:3RFINA SSLv3 read finished A
D/NativeCrypto(12338): ssl=0x5591970710 info_callback ignored
D/NativeCrypto(12338): ssl=0x5591970710 info_callback where=0x20 ret=1
D/NativeCrypto(12338): ssl=0x5591970710 handshake done in SSLOK  SSL negotiation finished successfully
D/NativeCrypto(12338): ssl=0x5591970710 info_callback calling handshakeCompleted
D/NativeCrypto(12338): ssl=0x5591970710 info_callback completed
D/NativeCrypto(12338): ssl=0x5591970710 info_callback where=0x1002 ret=1
D/NativeCrypto(12338): ssl=0x5591970710 SSL_connect:ok exit in SSLOK  SSL negotiation finished successfully
D/NativeCrypto(12338): ssl=0x5591970710 info_callback ignored
D/NativeCrypto(12338): doing handshake -- ret=1
D/NativeCrypto(12338): ssl=0x5591970710 NativeCrypto_SSL_get_certificate => NULL
I/System.out(12338): gba_cipher_suite:TLS_ECDHE_RSA_WITH_AES_128_GCM_SHA256
I/System.out(12338): Close in OkHttp:0
D/NativeCrypto(12338): ssl=0x5591970710 info_callback where=0x4008 ret=256
D/NativeCrypto(12338): ssl=0x5591970710 SSL3 alert write:W:CN warning close notify
D/NativeCrypto(12338): ssl=0x5591970710 info_callback ignored
I/System.out(12338): [CDS]close[58586]
I/XiaomiFirewall( 1227): firewall pkgName:com.miui.analytics, result:0x0
I/System.out(12338): [CDS]rx timeout:5000
I/System.out(12338): [socket][6702] connection sdkconfig.ad.xiaomi.com/52.220.47.64:443;LocalPort=41644(5000)
I/System.out(12338): [CDS]connect[sdkconfig.ad.xiaomi.com/52.220.47.64:443] tm:5
D/SocketClient(  272): SocketClient sendData done: 
D/Posix   (12338): [Posix_connect Debug]Process com.miui.analytics :443 
E/WifiStateMachine(  741):  ConnectedState (when=-4ms what=131155 arg1=393!CMD_RSSI_POLL 393 0 "Justy" a4:81:ee:95:63:42 rssi=-60 f=2437 sc=60 link=72 tx=19.3, 0.0, 0.0  rx=14.6 bcn=0 [on:0 tx:0 rx:0 period:2995] from screen [on:0 period:297212300] gl hn u24 rssi=-55 ag=0 hr ticks 0,0,1 ls-=0 [56,56,60,60,65] brc=0 lrc=0mmls=
E/WifiStateMachine(  741): Failed=0 Retry=2 MultipleRetry=0 ACKFailure=2 FCSError=0 tx_ok=11 rx_ok=0
E/WifiStateMachine(  741): Readl[crc=0 timeout=0] Writel[crc=0 timeout=0] ReadSb[crc=0 timeout=0] writeSb[crc=0 timeout=0]
E/WifiStateMachine(  741):  L2ConnectedState (when=-6ms what=131155 arg1=393!CMD_RSSI_POLL 393 0 "Justy" a4:81:ee:95:63:42 rssi=-60 f=2437 sc=60 link=72 tx=19.3, 0.0, 0.0  rx=14.6 bcn=0 [on:0 tx:0 rx:0 period:2] from screen [on:0 period:297212302] gl hn u24 rssi=-55 ag=0 hr ticks 0,0,1 ls-=0 [56,56,60,60,65] brc=0 lrc=0mmls=
E/WifiStateMachine(  741): Failed=0 Retry=2 MultipleRetry=0 ACKFailure=2 FCSError=0 tx_ok=11 rx_ok=0
E/WifiStateMachine(  741): Readl[crc=0 timeout=0] Writel[crc=0 timeout=0] ReadSb[crc=0 timeout=0] writeSb[crc=0 timeout=0]
E/WifiStateMachine(  741):  get link layer stats 0
D/WifiHW  (  741): enter -->wifi_send_command cmd=IFNAME=wlan0 SIGNAL_POLL
D/wpa_supplicant(28191): wlan0: Control interface command 'SIGNAL_POLL'
D/WifiHW  (  741): leave --> reply=RSSI=-59
D/WifiHW  (  741): LINKSPEED=72
D/WifiHW  (  741): NOISE=9999
D/WifiHW  (  741): FREQUENCY=2437
D/WifiHW  (  741): 
D/wifiJNI (  741): doStringCommand, buf IFNAME=wlan0 SIGNAL_POLL
I/WifiStateMachine(  741): fetchRssiLinkSpeedAndFrequencyNative, newRssi:-59, newLinkSpeed:72, SSID:"Justy"
D/WifiHW  (  741): enter -->wifi_send_command cmd=IFNAME=wlan0 DRIVER GET_STA_LINK_DETECT
D/wpa_supplicant(28191): wlan0: Control interface command 'DRIVER GET_STA_LINK_DETECT'
D/wpa_supplicant(28191): iface wlan0 recv cmd GET_STA_LINK_DETECT
D/wpa_supplicant(28191): get_sta_link_detect
D/wpa_supplicant(28191): nl80211: Test Mode buflen = 16, ifindex=47
D/WifiHW  (  741): leave --> reply=
D/WifiHW  (  741): Failed=0 Retry=0 MultipleRetry=0 ACKFailure=0 FCSError=744 tx_ok=4 rx_ok=0
D/WifiHW  (  741): Readl[crc=0 timeout=0] Writel[crc=0 timeout=0] ReadSb[crc=0 timeout=0] writeSb[crc=0 timeout=0]
D/WifiHW  (  741): 
D/wifiJNI (  741): doStringCommand, buf IFNAME=wlan0 DRIVER GET_STA_LINK_DETECT
E/WifiStateMachine(  741): wifiLinkStatics=
E/WifiStateMachine(  741): Failed=0 Retry=0 MultipleRetry=0 ACKFailure=0 FCSError=744 tx_ok=4 rx_ok=0
E/WifiStateMachine(  741): Readl[crc=0 timeout=0] Writel[crc=0 timeout=0] ReadSb[crc=0 timeout=0] writeSb[crc=0 timeout=0]
D/WifiStateMachine(  741): mLastSignalLevel:3, newSignalLevel:3
E/WifiConfigStore(  741): updateConfiguration freq=2437 BSSID=a4:81:ee:95:63:42 RSSI=-59 "Justy"-WPA_PSK
V/ActivityManager(  741): Broadcast sticky: Intent { act=android.net.wifi.RSSI_CHANGED flg=0x4000010 (has extras) } ordered=false userid=-1 callerApp=ProcessRecord{1283b8e4 741:system/1000}
D/WifiWatchdogStateMachine(  741): RSSI current: 3 new: -59, 3
D/StatusBar.NetworkController(  969): slot=-10;action=android.net.wifi.RSSI_CHANGED
D/StatusBar.NetworkController(  969): updateNetworkName chosenNetType=13;mNetworkName[0]=Play 4G
I/octvm_klo( 2779): read wakeups from wakealarm_fd:1
I/octvm_klo( 2779): new timerfd interval:
I/octvm_klo( 2779): 	itval.it_interval.tv_sec 1, itval.it_interval.tv_nsec 0
I/octvm_klo( 2779): 	itval.it_value.tv_sec 0, itval.it_value.tv_nsec 999995384
D/TaskPersister(  741): removeObsoleteFile: deleting file=14573_task.xml
E/WifiTrafficPoller(  741): TRAFFIC_STATS_POLL true Token 1559 num clients 17
E/WifiTrafficPoller(  741):  packet count Tx=930600 Rx=1133538
I/System.out(12338): [socket][/192.168.137.61:41644] connected
D/NativeCrypto(12338): ssl=0x5591970710 NativeCrypto_SSL_do_handshake fd=0x7f695be234 shc=0x7f695be238 timeout_millis=5000 client_mode=1 npn=0x0
D/NativeCrypto(12338): doing handshake ++
D/NativeCrypto(12338): ssl=0x5591970710 info_callback where=0x10 ret=1
D/NativeCrypto(12338): ssl=0x5591970710 handshake start in UNKWN  before/connect initialization
D/NativeCrypto(12338): ssl=0x5591970710 info_callback calling handshakeCompleted
D/NativeCrypto(12338): ssl=0x5591970710 info_callback completed
D/NativeCrypto(12338): ssl=0x5591970710 info_callback where=0x1001 ret=1
D/NativeCrypto(12338): ssl=0x5591970710 SSL_connect:UNKWN  before/connect initialization
D/NativeCrypto(12338): ssl=0x5591970710 info_callback ignored
D/NativeCrypto(12338): ssl=0x5591970710 info_callback where=0x1001 ret=1
D/NativeCrypto(12338): ssl=0x5591970710 SSL_connect:3WCH_A SSLv3 write client hello A
D/NativeCrypto(12338): ssl=0x5591970710 info_callback ignored
D/NativeCrypto(12338): ssl=0x5591970710 info_callback where=0x1002 ret=-1
D/NativeCrypto(12338): ssl=0x5591970710 SSL_connect:error exit in 3RSH_A SSLv3 read server hello A
D/NativeCrypto(12338): ssl=0x5591970710 info_callback ignored
D/NativeCrypto(12338): doing handshake -- ret=-1
D/NativeCrypto(12338): ssl=0x5591970710 NativeCrypto_SSL_do_handshake ret=-1 errno=11 sslError=2 timeout_millis=5000
I/thermal_repeater(  296): oh, queryMdThermalInfo (0)Connection refused
I/thermal_repeater(  296): [recvMdThermalInfo] ret=27, strLen=127,  3, 32, -127, -1, 32767, 17
D/NativeCrypto(12338): doing handshake ++
D/NativeCrypto(12338): ssl=0x5591970710 info_callback where=0x1001 ret=1
D/NativeCrypto(12338): ssl=0x5591970710 SSL_connect:3RSH_A SSLv3 read server hello A
D/NativeCrypto(12338): ssl=0x5591970710 info_callback ignored
D/NativeCrypto(12338): ssl=0x5591970710 info_callback where=0x1002 ret=-1
D/NativeCrypto(12338): ssl=0x5591970710 SSL_connect:error exit in 3RSC_A SSLv3 read server certificate A
D/NativeCrypto(12338): ssl=0x5591970710 info_callback ignored
D/NativeCrypto(12338): doing handshake -- ret=-1
D/NativeCrypto(12338): ssl=0x5591970710 NativeCrypto_SSL_do_handshake ret=-1 errno=11 sslError=2 timeout_millis=5000
D/NativeCrypto(12338): doing handshake ++
E/NativeCrypto(12338): ssl=0x5591970710 cert_verify_callback x509_store_ctx=0x7f695bdf48 arg=0x0
E/NativeCrypto(12338): ssl=0x5591970710 cert_verify_callback calling verifyCertificateChain authMethod=ECDHE_RSA
D/NativeCrypto(12338): ssl=0x5591970710 cert_verify_callback => 1
D/NativeCrypto(12338): ssl=0x5591970710 info_callback where=0x1001 ret=1
D/NativeCrypto(12338): ssl=0x5591970710 SSL_connect:3RSC_A SSLv3 read server certificate A
D/NativeCrypto(12338): ssl=0x5591970710 info_callback ignored
D/NativeCrypto(12338): ssl=0x5591970710 info_callback where=0x1001 ret=1
D/NativeCrypto(12338): ssl=0x5591970710 SSL_connect:3RSKEA SSLv3 read server key exchange A
D/NativeCrypto(12338): ssl=0x5591970710 info_callback ignored
D/NativeCrypto(12338): ssl=0x5591970710 info_callback where=0x1001 ret=1
D/NativeCrypto(12338): ssl=0x5591970710 SSL_connect:3RSD_A SSLv3 read server done A
D/NativeCrypto(12338): ssl=0x5591970710 info_callback ignored
D/NativeCrypto(12338): ssl=0x5591970710 info_callback where=0x1001 ret=1
D/NativeCrypto(12338): ssl=0x5591970710 SSL_connect:3WCKEA SSLv3 write client key exchange A
D/NativeCrypto(12338): ssl=0x5591970710 info_callback ignored
D/NativeCrypto(12338): ssl=0x5591970710 info_callback where=0x1001 ret=1
D/NativeCrypto(12338): ssl=0x5591970710 SSL_connect:3WCCSA SSLv3 write change cipher spec A
D/NativeCrypto(12338): ssl=0x5591970710 info_callback ignored
D/NativeCrypto(12338): ssl=0x5591970710 info_callback where=0x1001 ret=1
D/NativeCrypto(12338): ssl=0x5591970710 SSL_connect:3WFINA SSLv3 write finished A
D/NativeCrypto(12338): ssl=0x5591970710 info_callback ignored
D/NativeCrypto(12338): ssl=0x5591970710 info_callback where=0x1001 ret=1
D/NativeCrypto(12338): ssl=0x5591970710 SSL_connect:3FLUSH SSLv3 flush data
D/NativeCrypto(12338): ssl=0x5591970710 info_callback ignored
D/NativeCrypto(12338): ssl=0x5591970710 info_callback where=0x1002 ret=-1
D/NativeCrypto(12338): ssl=0x5591970710 SSL_connect:error exit in UNKWN  SSLv3 read server session ticket A
D/NativeCrypto(12338): ssl=0x5591970710 info_callback ignored
D/NativeCrypto(12338): doing handshake -- ret=-1
D/NativeCrypto(12338): ssl=0x5591970710 NativeCrypto_SSL_do_handshake ret=-1 errno=11 sslError=2 timeout_millis=5000
E/WifiStateMachine(  741):  ConnectedState (when=-2ms what=131143 arg1=-2 arg2=6038) !CMD_START_SCAN -2 6038 ic=323 proc(ms):60002 dur:3876 cnt=6038 rssi=-59 f=2437 sc=60 link=72 tx=38.1, 0.0, 0.0  rx=32.8 fiv=303750 [on:0 tx:0 rx:0 period:1058] from screen [on:0 period:297213384]
E/WifiStateMachine(  741):  L2ConnectedState (when=-4ms what=131143 arg1=-2 arg2=6038) !CMD_START_SCAN -2 6038 ic=323 proc(ms):60004 dur:3876 cnt=6038 rssi=-59 f=2437 sc=60 link=72 tx=38.1, 0.0, 0.0  rx=32.8 fiv=303750 [on:0 tx:0 rx:0 period:2] from screen [on:0 period:297213386]
E/WifiStateMachine(  741): WifiStateMachine CMD_START_SCAN source -2 txSuccessRate=38.13 rxSuccessRate=32.82 targetRoamBSSID=00:00:00:00:00:00 RSSI=-59
E/WifiStateMachine(  741): startDelayedScan send -> 6039 milli 60000
E/WifiStateMachine(  741): WifiStateMachine CMD_START_SCAN with age=60005 interval=303750 maxinterval=300000
E/WifiStateMachine(  741): WifiStateMachine CMD_START_SCAN prevent full band scan due to pkt rate
E/WifiStateMachine(  741): WifiStateMachine CMD_START_SCAN full=false
E/WifiConfigStore(  741): makeChannelList age=3600000 for "Justy"-WPA_PSK max=6 bssids=1
E/WifiConfigStore(  741): has a4:81:ee:95:63:42 freq=2437 age=1079 ?=true
E/WifiStateMachine(  741): WifiStateMachine starting scan for "Justy"-WPA_PSK with 2437
E/WifiStateMachine(  741): stopReconnectWifi Wfd=false StopScan=false mDontReconnectAndScan=false
D/wifiJNI (  741): doBooleanCommand IFNAME=wlan0 SCAN TYPE=ONLY freq=2437
D/WifiHW  (  741): enter -->wifi_send_command cmd=IFNAME=wlan0 SCAN TYPE=ONLY freq=2437
D/wpa_supplicant(28191): wlan0: Control interface command 'SCAN TYPE=ONLY freq=2437'
D/wpa_supplicant(28191): hw.num_modes = 3
D/wpa_supplicant(28191): wlan0: Setting scan request: 0.000000 sec
D/wpa_supplicant(28191): Scan SSID - hexdump(len=9): 4c 69 76 65 62 6f 78 78 78
D/wpa_supplicant(28191): Scan SSID - hexdump(len=16): 4e 45 54 49 41 53 50 4f 54 5f 30 38 44 45 35 47
D/wpa_supplicant(28191): Scan SSID - hexdump(len=6): 4a 38 73 64 61 53
D/wpa_supplicant(28191): wlan0: Include wildcard SSID in the scan request
D/wpa_supplicant(28191): WPS: Building WPS IE for Probe Request
D/wpa_supplicant(28191): WPS:  * Version (hardcoded 0x10)
D/wpa_supplicant(28191): WPS:  * Request Type
D/wpa_supplicant(28191): WPS:  * Config Methods (4288)
D/wpa_supplicant(28191): WPS:  * UUID-E
D/wpa_supplicant(28191): WPS:  * Primary Device Type
D/wpa_supplicant(28191): WPS:  * RF Bands (3)
D/wpa_supplicant(28191): WPS:  * Association State
D/wpa_supplicant(28191): WPS:  * Configuration Error (0)
D/wpa_supplicant(28191): WPS:  * Device Password ID (0)
D/wpa_supplicant(28191): WPS:  * Manufacturer
D/wpa_supplicant(28191): WPS:  * Model Name
D/wpa_supplicant(28191): WPS:  * Model Number
D/wpa_supplicant(28191): WPS:  * Device Name
D/wpa_supplicant(28191): WPS:  * Version2 (0x20)
D/wpa_supplicant(28191): P2P: * P2P IE header
D/wpa_supplicant(28191): P2P: * Capability dev=25 group=00
D/wpa_supplicant(28191): P2P: * Listen Channel: Regulatory Class 81 Channel 1
D/wpa_supplicant(28191): wlan0: Limit manual scan to specified channels
D/wpa_supplicant(28191): wlan0: Add radio work 'scan'@0x5578c209f0
D/wpa_supplicant(28191): wlan0: First radio work item in the queue - schedule start immediately
D/wpa_supplicant(28191): wlan0: Starting radio work 'scan'@0x5578c209f0 after 0.000089 second wait
D/wpa_supplicant(28191): wlan0: nl80211: scan request
D/wpa_supplicant(28191): nl80211: Scan SSID - hexdump(len=9): 4c 69 76 65 62 6f 78 78 78
D/wpa_supplicant(28191): nl80211: Scan SSID - hexdump(len=16): 4e 45 54 49 41 53 50 4f 54 5f 30 38 44 45 35 47
D/wpa_supplicant(28191): nl80211: Scan SSID - hexdump(len=6): 4a 38 73 64 61 53
D/wpa_supplicant(28191): nl80211: Scan SSID - hexdump(len=0): [NULL]
D/wpa_supplicant(28191): nl80211: Scan extra IEs - hexdump(len=158): dd 89 00 50 f2 04 10 4a 00 01 10 10 3a 00 01 00 10 08 00 02 42 88 10 47 00 10 69 4f dd bd 15 c4 ...
D/wpa_supplicant(28191): nl80211: Scan frequency 2437 MHz
D/wpa_supplicant(28191): Scan requested (ret=0) - scan timeout 30 seconds
D/wpa_supplicant(28191): nl80211: Event message available
D/wpa_supplicant(28191): nl80211: Drv Event 33 (NL80211_CMD_TRIGGER_SCAN) received for wlan0
D/wpa_supplicant(28191): wlan0: nl80211: Scan trigger
D/wpa_supplicant(28191): wlan0: Event SCAN_STARTED (49) received
D/wpa_supplicant(28191): wlan0: Own scan request started a scan in 0.000193 seconds
I/wpa_supplicant(28191): wlan0: CTRL-EVENT-SCAN-STARTED 
D/WifiHW  (  741): [1] get event: IFNAME=wlan0 <3>CTRL-EVENT-SCAN-STARTED 
D/WifiHW  (  741): [2] get event: IFNAME=wlan0 CTRL-EVENT-SCAN-STARTED 
D/WifiMonitor(  741): Event [IFNAME=wlan0 CTRL-EVENT-SCAN-STARTED ]
E/WifiMonitor(  741): handleEvent unknown: 15  CTRL-EVENT-SCAN-STARTED 
D/WifiHW  (  741): enter -->wifi_wait_on_socket buflen=2048
D/WifiHW  (  741): enter -->wifi_ctrl_recv
D/[BT3.0+HS]PAL(  312): == chip_reset_fd is set ==
D/[BT3.0+HS]PAL(  312): 
D/[BT3.0+HS]PAL(  312): Recv Netlink Packet [276:00000011:00:0:0] [33:]
D/[BT3.0+HS]PAL(  312): 
D/[BT3.0+HS]PAL(  312): Unknown command from wifi driver
D/[BT3.0+HS]PAL(  312): 
D/wpa_supplicant(28191): CTRL_IFACE monitor sent successfully to /data/misc/wifi/sockets/wpa_ctrl_741-8\x00
D/WifiHW  (  741): leave --> reply=OK
D/WifiHW  (  741): 
E/WifiStateMachine(  741): [1,477,765,963,218 ms] noteScanstart no scan source
I/octvm_klo( 2779): read wakeups from wakealarm_fd:1
I/octvm_klo( 2779): new timerfd interval:
I/octvm_klo( 2779): 	itval.it_interval.tv_sec 1, itval.it_interval.tv_nsec 0
I/octvm_klo( 2779): 	itval.it_value.tv_sec 0, itval.it_value.tv_nsec 999995616
D/[BT3.0+HS]PAL(  312): == chip_reset_fd is set ==
D/[BT3.0+HS]PAL(  312): 
D/[BT3.0+HS]PAL(  312): invalid reply message
D/[BT3.0+HS]PAL(  312): 
D/wifi2agps(  292): scan result, found 5 APs
D/agps    (  292): [WIFI2AGPS] wifi2agps_scanned
D/agps    (  291): [agps][n][WIFI] wifi_scanned  count=4793 timestamp=362667170 num=5
D/wpa_supplicant(28191): RTM_NEWLINK: ifi_index=47 ifname=wlan0 wext ifi_flags=0x11043 ([UP][RUNNING][LOWER_UP])
I/Netd    (  272): Get netlink event, ifname: wlan0 action: 4
D/SocketClient(  272): SocketClient sendData done: 600 Iface linkstate wlan0 up
D/NetworkManagementService(  741): onEvent:600 Iface linkstate wlan0 up:5
D/Tethering(  741): interfaceLinkStateChanged wlan0, true
D/Tethering(  741): interfaceStatusChanged wlan0, true
D/[BT3.0+HS]PAL(  312): == chip_reset_fd is set ==
D/[BT3.0+HS]PAL(  312): 
D/[BT3.0+HS]PAL(  312): Recv Netlink Packet [276:00000011:00:0:0] [34:]
D/[BT3.0+HS]PAL(  312): 
D/[BT3.0+HS]PAL(  312): Unknown command from wifi driver
D/[BT3.0+HS]PAL(  312): 
I/Netd    (  272): Get netlink event, ifname: wlan0 action: 4
D/SocketClient(  272): SocketClient sendData done: 600 Iface linkstate wlan0 up
D/wpa_supplicant(28191): RTM_NEWLINK: ifi_index=47 ifname=wlan0 wext ifi_flags=0x11043 ([UP][RUNNING][LOWER_UP])
D/wpa_supplicant(28191): nl80211: Event message available
D/wpa_supplicant(28191): nl80211: Drv Event 34 (NL80211_CMD_NEW_SCAN_RESULTS) received for wlan0
D/wpa_supplicant(28191): wlan0: nl80211: New scan results available
D/wpa_supplicant(28191): nl80211: Scan probed for SSID 'Liveboxxx'
D/wpa_supplicant(28191): nl80211: Scan probed for SSID 'NETIASPOT_08DE5G'
D/wpa_supplicant(28191): nl80211: Scan probed for SSID 'J8sdaS'
D/wpa_supplicant(28191): nl80211: Scan included frequencies: 2437
D/wpa_supplicant(28191): wlan0: Event SCAN_RESULTS (3) received
D/wpa_supplicant(28191): wlan0: Scan completed in 0.089688 seconds
D/wpa_supplicant(28191): nl80211: Associated on 2437 MHz
D/wpa_supplicant(28191): nl80211: Associated with a4:81:ee:95:63:42
D/wpa_supplicant(28191): nl80211: Received scan results (5 BSSes)
D/wpa_supplicant(28191): nl80211: Scan results indicate BSS status with a4:81:ee:95:63:42 as associated
D/wpa_supplicant(28191): Sorted scan results
D/wpa_supplicant(28191): a4:81:ee:95:63:42 freq=2437 qual=0 noise=0 level=-59 flags=0x2b age=10
D/wpa_supplicant(28191): IEs - hexdump(len=330): 00 05 4a 75 73 74 79 01 04 82 84 8b 96 03 01 06 2a 01 00 32 08 0c 12 18 24 30 48 60 6c 30 14 01 ...
D/wpa_supplicant(28191): Beacon IEs - hexdump(len=237): 00 05 4a 75 73 74 79 01 04 82 84 8b 96 03 01 06 05 05 00 01 00 00 00 2a 01 00 32 08 0c 12 18 24 ...
D/wpa_supplicant(28191): 44:32:c8:9c:82:41 freq=2437 qual=0 noise=0 level=-78 flags=0xb age=10
D/wpa_supplicant(28191): IEs - hexdump(len=204): 00 0a 55 50 43 31 32 38 33 37 39 38 01 08 82 84 8b 96 24 30 48 6c 03 01 06 2a 01 04 2f 01 04 30 ...
D/wpa_supplicant(28191): Beacon IEs - hexdump(len=210): 00 0a 55 50 43 31 32 38 33 37 39 38 01 08 82 84 8b 96 24 30 48 6c 03 01 06 05 04 00 01 00 00 2a ...
D/wpa_supplicant(28191): 46:32:c8:9c:82:43 freq=2437 qual=0 noise=0 level=-78 flags=0xb age=10
D/wpa_supplicant(28191): IEs - hexdump(len=177): 00 0b 55 50 43 20 57 69 2d 46 72 65 65 01 08 82 84 8b 96 24 30 48 6c 03 01 06 2a 01 04 2f 01 04 ...
D/wpa_supplicant(28191): Beacon IEs - hexdump(len=183): 00 0b 55 50 43 20 57 69 2d 46 72 65 65 01 08 82 84 8b 96 24 30 48 6c 03 01 06 05 04 00 01 00 00 ...
D/wpa_supplicant(28191): 54:e2:e0:4e:0b:f3 freq=2437 qual=0 noise=0 level=-81 flags=0xb age=10
D/wpa_supplicant(28191): IEs - hexdump(len=251): 00 0c 55 50 43 32 34 31 34 30 32 38 33 32 01 08 82 84 8b 96 24 30 48 6c 03 01 06 05 04 02 03 00 ...
D/wpa_supplicant(28191): Beacon IEs - hexdump(len=251): 00 0c 55 50 43 32 34 31 34 30 32 38 33 32 01 08 82 84 8b 96 24 30 48 6c 03 01 06 05 04 02 03 00 ...
D/wpa_supplicant(28191): 34:7a:60:d4:78:55 freq=2437 qual=0 noise=0 level=-92 flags=0xb age=10
D/wpa_supplicant(28191): IEs - hexdump(len=251): 00 0c 55 50 43 32 34 38 39 38 38 36 31 32 01 08 82 84 8b 96 24 30 48 6c 03 01 06 05 04 01 03 00 ...
D/wpa_supplicant(28191): Beacon IEs - hexdump(len=251): 00 0c 55 50 43 32 34 38 39 38 38 36 31 32 01 08 82 84 8b 96 24 30 48 6c 03 01 06 05 04 01 03 00 ...
D/wpa_supplicant(28191): wlan0: BSS: Start scan result update 2871
D/wpa_supplicant(28191): BSS: last_scan_res_used=5/64
D/wpa_supplicant(28191): wlan0: Scan-only results received
D/WifiHW  (  741): [1] get event: IFNAME=wlan0 <3>CTRL-EVENT-SCAN-RESULTS 
D/WifiHW  (  741): [2] get event: IFNAME=wlan0 CTRL-EVENT-SCAN-RESULTS 
D/WifiHW  (  741): enter -->wifi_wait_on_socket buflen=2048
D/WifiHW  (  741): enter -->wifi_ctrl_recv
D/NetworkManagementService(  741): onEvent:600 Iface linkstate wlan0 up:5
D/Tethering(  741): interfaceLinkStateChanged wlan0, true
D/Tethering(  741): interfaceStatusChanged wlan0, true
D/wpa_supplicant(28191): CTRL_IFACE monitor sent successfully to /data/misc/wifi/sockets/wpa_ctrl_741-8\x00
D/wpa_supplicant(28191): wlan0: Radio work 'scan'@0x5578c209f0 done in 0.096393 seconds
E/WifiStateMachine(  741):  ConnectedState (when=-3ms what=147461!SCAN_RESULTS_EVENT 0 0 found=18 known=1 got=18 bcn=0
E/WifiStateMachine(  741):  L2ConnectedState (when=-4ms what=147461!SCAN_RESULTS_EVENT 0 0 found=18 known=1 got=18 bcn=0
E/WifiStateMachine(  741):  ConnectModeState (when=-5ms what=147461!SCAN_RESULTS_EVENT 0 0 found=18 known=1 got=18 bcn=0
E/WifiStateMachine(  741):  DriverStartedState (when=-6ms what=147461!SCAN_RESULTS_EVENT 0 0 found=18 known=1 got=18 bcn=0
E/WifiStateMachine(  741):  SupplicantStartedState (when=-6ms what=147461!SCAN_RESULTS_EVENT 0 0 found=18 known=1 got=18 bcn=0
E/WifiStateMachine(  741): [1,477,765,963,313 ms] noteScanEnd no scan source
D/WifiHW  (  741): enter -->wifi_send_command cmd=IFNAME=wlan0 BSS RANGE=0- MASK=0x23987
D/wpa_supplicant(28191): wlan0: Control interface command 'BSS RANGE=0- MASK=0x23987'
D/wpa_supplicant(28191): WPS: attr type=0x104a len=1
D/wpa_supplicant(28191): WPS: attr type=0x1044 len=1
D/wpa_supplicant(28191): WPS: attr type=0x103b len=1
D/wpa_supplicant(28191): WPS: attr type=0x1047 len=16
D/wpa_supplicant(28191): WPS: attr type=0x1021 len=9
D/wpa_supplicant(28191): WPS: attr type=0x1023 len=7
D/wpa_supplicant(28191): WPS: attr type=0x1024 len=8
D/wpa_supplicant(28191): WPS: attr type=0x1042 len=1
D/wpa_supplicant(28191): WPS: attr type=0x1054 len=8
D/wpa_supplicant(28191): WPS: attr type=0x1011 len=13
D/wpa_supplicant(28191): WPS: attr type=0x1008 len=2
D/wpa_supplicant(28191): WPS: attr type=0x1049 len=6
D/wpa_supplicant(28191): WPS: WFA subelement id=0 len=1
D/wpa_supplicant(28191): WPS: attr type=0x104a len=1
D/wpa_supplicant(28191): WPS: attr type=0x1044 len=1
D/wpa_supplicant(28191): WPS: attr type=0x103b len=1
D/wpa_supplicant(28191): WPS: attr type=0x1047 len=16
D/wpa_supplicant(28191): WPS: attr type=0x1021 len=9
D/wpa_supplicant(28191): WPS: attr type=0x1023 len=7
D/wpa_supplicant(28191): WPS: attr type=0x1024 len=8
D/wpa_supplicant(28191): WPS: attr type=0x1042 len=1
D/wpa_supplicant(28191): WPS: attr type=0x1054 len=8
D/wpa_supplicant(28191): WPS: attr type=0x1011 len=13
D/wpa_supplicant(28191): WPS: attr type=0x1008 len=2
D/wpa_supplicant(28191): WPS: attr type=0x1049 len=6
D/wpa_supplicant(28191): WPS: WFA subelement id=0 len=1
D/wpa_supplicant(28191): WPS: attr type=0x104a len=1
D/wpa_supplicant(28191): WPS: attr type=0x1044 len=1
D/wpa_supplicant(28191): WPS: attr type=0x103b len=1
D/wpa_supplicant(28191): WPS: attr type=0x1047 len=16
D/wpa_supplicant(28191): WPS: attr type=0x1021 len=9
D/wpa_supplicant(28191): WPS: attr type=0x1023 len=7
D/wpa_supplicant(28191): WPS: attr type=0x1024 len=8
D/wpa_supplicant(28191): WPS: attr type=0x1042 len=1
D/wpa_supplicant(28191): WPS: attr type=0x1054 len=8
D/wpa_supplicant(28191): WPS: attr type=0x1011 len=13
D/wpa_supplicant(28191): WPS: attr type=0x1008 len=2
D/wpa_supplicant(28191): WPS: attr type=0x1049 len=6
D/wpa_supplicant(28191): WPS: WFA subelement id=0 len=1
D/wpa_supplicant(28191): WPS: attr type=0x104a len=1
D/wpa_supplicant(28191): WPS: attr type=0x1044 len=1
D/wpa_supplicant(28191): WPS: attr type=0x103b len=1
D/wpa_supplicant(28191): WPS: attr type=0x1047 len=16
D/wpa_supplicant(28191): WPS: attr type=0x1021 len=9
D/wpa_supplicant(28191): WPS: attr type=0x1023 len=7
D/wpa_supplicant(28191): WPS: attr type=0x1024 len=8
D/wpa_supplicant(28191): WPS: attr type=0x1042 len=1
D/wpa_supplicant(28191): WPS: attr type=0x1054 len=8
D/wpa_supplicant(28191): WPS: attr type=0x1011 len=13
D/wpa_supplicant(28191): WPS: attr type=0x1008 len=2
D/wpa_supplicant(28191): WPS: attr type=0x1049 len=6
D/wpa_supplicant(28191): WPS: WFA subelement id=0 len=1
D/wpa_supplicant(28191): WPS: attr type=0x104a len=1
D/wpa_supplicant(28191): WPS: attr type=0x1044 len=1
D/wpa_supplicant(28191): WPS: attr type=0x1047 len=16
D/wpa_supplicant(28191): WPS: attr type=0x103c len=1
D/wpa_supplicant(28191): WPS: attr type=0x1049 len=6
D/wpa_supplicant(28191): WPS: WFA subelement id=0 len=1
D/wpa_supplicant(28191): WPS: attr type=0x104a len=1
D/wpa_supplicant(28191): WPS: attr type=0x1044 len=1
D/wpa_supplicant(28191): WPS: attr type=0x1047 len=16
D/wpa_supplicant(28191): WPS: attr type=0x103c len=1
D/wpa_supplicant(28191): WPS: attr type=0x1049 len=6
D/wpa_supplicant(28191): WPS: WFA subelement id=0 len=1
D/wpa_supplicant(28191): WPS: attr type=0x104a len=1
D/wpa_supplicant(28191): WPS: attr type=0x1044 len=1
D/wpa_supplicant(28191): WPS: attr type=0x1047 len=16
D/wpa_supplicant(28191): WPS: attr type=0x103c len=1
D/wpa_supplicant(28191): WPS: attr type=0x1049 len=6
D/wpa_supplicant(28191): WPS: WFA subelement id=0 len=1
D/wpa_supplicant(28191): WPS: attr type=0x104a len=1
D/wpa_supplicant(28191): WPS: attr type=0x1044 len=1
D/wpa_supplicant(28191): WPS: attr type=0x1047 len=16
D/wpa_supplicant(28191): WPS: attr type=0x103c len=1
D/wpa_supplicant(28191): WPS: attr type=0x1049 len=6
D/wpa_supplicant(28191): WPS: WFA subelement id=0 len=1
D/wpa_supplicant(28191): WPS: attr type=0x104a len=1
D/wpa_supplicant(28191): WPS: attr type=0x1044 len=1
D/wpa_supplicant(28191): WPS: attr type=0x1047 len=16
D/wpa_supplicant(28191): WPS: attr type=0x103c len=1
D/wpa_supplicant(28191): WPS: attr type=0x1049 len=6
D/wpa_supplicant(28191): WPS: WFA subelement id=0 len=1
D/wpa_supplicant(28191): WPS: attr type=0x104a len=1
D/wpa_supplicant(28191): WPS: attr type=0x1044 len=1
D/wpa_supplicant(28191): WPS: attr type=0x1047 len=16
D/wpa_supplicant(28191): WPS: attr type=0x103c len=1
D/wpa_supplicant(28191): WPS: attr type=0x1049 len=6
D/wpa_supplicant(28191): WPS: WFA subelement id=0 len=1
D/wpa_supplicant(28191): WPS: attr type=0x104a len=1
D/wpa_supplicant(28191): WPS: attr type=0x1044 len=1
D/wpa_supplicant(28191): WPS: attr type=0x1047 len=16
D/wpa_supplicant(28191): WPS: attr type=0x103c len=1
D/wpa_supplicant(28191): WPS: attr type=0x1049 len=6
D/wpa_supplicant(28191): WPS: WFA subelement id=0 len=1
D/wpa_supplicant(28191): WPS: attr type=0x104a len=1
D/wpa_supplicant(28191): WPS: attr type=0x1044 len=1
