# Check configuration tokens
# Ensure build layout
# Check configuration tokens
--------- beginning of system
V/NetworkStats(  741): setKernelCounterSet uid=10201 set=1
D/ActivityThread(10858): ACT-AM_ON_RESUME_CALLED ActivityRecord{1836e0d3 token=android.os.BinderProxy@3e103410 {com.amaze.filemanager/com.amaze.filemanager.activities.MainActivity}}
V/ActivityThread(10858): Resume ActivityRecord{1836e0d3 token=android.os.BinderProxy@3e103410 {com.amaze.filemanager/com.amaze.filemanager.activities.MainActivity}} started activity: false, hideForNow: false, finished: false
V/ActivityThread(10858): Resuming ActivityRecord{1836e0d3 token=android.os.BinderProxy@3e103410 {com.amaze.filemanager/com.amaze.filemanager.activities.MainActivity}} with isForward=true
V/ActivityThread(10858): Scheduling idle handler for ActivityRecord{1836e0d3 token=android.os.BinderProxy@3e103410 {com.amaze.filemanager/com.amaze.filemanager.activities.MainActivity}}
V/WindowAnimator(  741): No window is displayed, unset the SET_ORIENTATION_CHANGE_COMPLETE flag
V/WindowManager(  741): Changing focus from null to Window{23146e22 u0 com.amaze.filemanager/com.amaze.filemanager.activities.MainActivity} Callers=com.android.server.wm.WindowManagerService.relayoutWindow:3608 com.android.server.wm.Session.relayout:202 android.view.IWindowSession$Stub.onTransact:237 com.android.server.wm.Session.onTransact:136 
I/WindowManager(  741): Gaining focus: Window{23146e22 u0 com.amaze.filemanager/com.amaze.filemanager.activities.MainActivity}
V/InputMethodManagerService(  741): windowGainedFocus: android.os.BinderProxy@1af4be04 controlFlags=#105 softInputMode=#110 windowFlags=#85810100
W/InputMethodManagerService(  741): Got RemoteException sending setActive(false) notification to pid 11348 uid 10245
D/StatusBarManagerService(  741): disable statusbar calling PID = 741
D/AutomaticBrightnessController(  741): onSensorChanged: last_lux = 120.0
D/AutomaticBrightnessController(  741): updateAmbientLux: ambientLux=120.0, timeToBrighten=4000, timeToDarken=8000, current=120.0
D/AutomaticBrightnessController(  741): AAL onSensorChanged: lux = 120.0
V/ActivityManager(  741): Broadcast: Intent { act=android.intent.action.TIME_TICK flg=0x50000114 (has extras) } ordered=true userid=-1 callerApp=null
D/PowerManagerService(  741): MTK-----android
D/PowerManagerService(  741): MTK-----*alarm*
D/PowerManagerService(  741): wakelock list dump: mLocks.size=1:
D/PowerManagerService(  741): No.0: PARTIAL_WAKE_LOCK '*alarm*'activated(flags=1073741825, uid=1000, pid=741) total=0ms)
D/WifiDisplayAdapter(  741): getWifiDisplayStatusLocked: result=WifiDisplayStatus{featureState=2, scanState=0, activeDisplayState=0, activeDisplay=null, displays=[], sessionInfo=WifiDisplaySessionInfo: C/O:Client,GId:,Pp:,SId:0,IP:}
D/PowerManagerService(  741): isWfdEnabled() mWfdStatus=WifiDisplayStatus{featureState=2, scanState=0, activeDisplayState=0, activeDisplay=null, displays=[], sessionInfo=WifiDisplaySessionInfo: C/O:Client,GId:,Pp:,SId:0,IP:}, return false
D/DisplayPowerController(  741): requestPowerState: policy=BRIGHT, useProximitySensor=false, screenBrightness=139, screenAutoBrightnessAdjustment=-0.1889764, useAutoBrightness=true, blockScreenOn=false, lowPowerMode=false, dozeScreenBrightness=-1, dozeScreenState=UNKNOWN, waitForNegativeProximity=false
D/PowerManagerNotifier(  741): onWakeLockAcquired: flags=1073741825, tag="*alarm*", packageName=android, ownerUid=1000, ownerPid=741, workSource=WorkSource{1000}
W/AlarmManager(  741): operation package = android CTS_Alarm = false
D/ActivityThread(  741): BDC-Calling finishReceiver: IIntentReceiver=34b74824
D/ActivityThread(  969): BDC-Calling finishReceiver: IIntentReceiver=109217ec
D/ActivityThread(  969): BDC-Calling finishReceiver: IIntentReceiver=3d83de4a
D/ActivityThread(  969): BDC-Calling finishReceiver: IIntentReceiver=217ec6d8
D/ActivityThread(  969): BDC-Calling finishReceiver: IIntentReceiver=1f1a24b2
D/AlarmManager(  741): onSendFinished begin
D/PowerManagerNotifier(  741): onWakeLockReleased: flags=1073741825, tag="*alarm*", packageName=android, ownerUid=1000, ownerPid=741, workSource=WorkSource{1000}
D/WifiDisplayAdapter(  741): getWifiDisplayStatusLocked: result=WifiDisplayStatus{featureState=2, scanState=0, activeDisplayState=0, activeDisplay=null, displays=[], sessionInfo=WifiDisplaySessionInfo: C/O:Client,GId:,Pp:,SId:0,IP:}
D/PowerManagerService(  741): isWfdEnabled() mWfdStatus=WifiDisplayStatus{featureState=2, scanState=0, activeDisplayState=0, activeDisplay=null, displays=[], sessionInfo=WifiDisplaySessionInfo: C/O:Client,GId:,Pp:,SId:0,IP:}, return false
D/DisplayPowerController(  741): requestPowerState: policy=BRIGHT, useProximitySensor=false, screenBrightness=139, screenAutoBrightnessAdjustment=-0.1889764, useAutoBrightness=true, blockScreenOn=false, lowPowerMode=false, dozeScreenBrightness=-1, dozeScreenState=UNKNOWN, waitForNegativeProximity=false
V/ActivityManager(  741): Broadcast sticky: Intent { act=android.intent.action.SIG_STR flg=0x20000010 (has extras) } ordered=false userid=-1 callerApp=ProcessRecord{1283b8e4 741:system/1000}
I/thermal_repeater(  296): oh, queryMdThermalInfo (0)Connection refused
I/thermal_repeater(  296): [recvMdThermalInfo] ret=27, strLen=127,  3, 31, -127, -1, 32767, 17
V/ActivityManager(  741): Broadcast sticky: Intent { act=android.net.wifi.RSSI_CHANGED flg=0x4000010 (has extras) } ordered=false userid=-1 callerApp=ProcessRecord{1283b8e4 741:system/1000}
D/AutomaticBrightnessController(  741): updateAmbientLux: ambientLux=120.0, timeToBrighten=4000, timeToDarken=8000, current=120.0
V/NotificationService(  741): enqueueNotificationInternal: pkg=com.miui.securitycenter id=2131296939 notification=Notification(pri=0 contentView=null vibrate=null sound=null defaults=0x0 flags=0x20 color=0x00000000 vis=PRIVATE)
V/NotificationService(  741): pkg=com.miui.securitycenter canInterrupt=true intercept=false
V/NotificationService(  741): Interrupting!
V/ActivityManager(  741): Broadcast sticky: Intent { act=android.net.wifi.RSSI_CHANGED flg=0x4000010 (has extras) } ordered=false userid=-1 callerApp=ProcessRecord{1283b8e4 741:system/1000}
I/ANRManager(  741): updateProcessStats
V/ActivityManager(  741): Broadcast sticky: Intent { act=android.intent.action.BATTERY_CHANGED flg=0x60000010 (has extras) } ordered=false userid=-1 callerApp=null
D/UsbDeviceManager(  741): onReceive - BATTERY_CHANGED - mPlugType: 2, mSettingUsbCharging: false, mConnected: true, mSettingUsbBicr: false
D/WifiService(  741): onReceive, action:android.intent.action.BATTERY_CHANGED
D/WifiController(  741): DeviceActiveState{ when=0 what=155652 arg1=2 target=com.android.internal.util.StateMachine$SmHandler }
D/WifiController(  741): StaEnabledState{ when=0 what=155652 arg1=2 target=com.android.internal.util.StateMachine$SmHandler }
D/WifiController(  741): DefaultState{ when=0 what=155652 arg1=2 target=com.android.internal.util.StateMachine$SmHandler }
D/WifiController(  741): battery changed pluggedType: 2
V/ActivityManager(  741): Broadcast sticky: Intent { act=android.intent.action.SIG_STR flg=0x20000010 (has extras) } ordered=false userid=-1 callerApp=ProcessRecord{1283b8e4 741:system/1000}
I/thermal_repeater(  296): oh, queryMdThermalInfo (0)Connection refused
I/thermal_repeater(  296): [recvMdThermalInfo] ret=27, strLen=127,  3, 32, -127, -1, 32767, 17
D/AutomaticBrightnessController(  741): updateAmbientLux: ambientLux=120.00001, timeToBrighten=4000, timeToDarken=8000, current=120.0
V/ActivityManager(  741): Broadcast sticky: Intent { act=android.net.wifi.RSSI_CHANGED flg=0x4000010 (has extras) } ordered=false userid=-1 callerApp=ProcessRecord{1283b8e4 741:system/1000}
V/ActivityManager(  741): Broadcast sticky: Intent { act=android.intent.action.SIG_STR flg=0x20000010 (has extras) } ordered=false userid=-1 callerApp=ProcessRecord{1283b8e4 741:system/1000}
V/ActivityManager(  741): Broadcast sticky: Intent { act=android.net.wifi.RSSI_CHANGED flg=0x4000010 (has extras) } ordered=false userid=-1 callerApp=ProcessRecord{1283b8e4 741:system/1000}
W/Watchdog(  741): SWT Watchdog after wait current time:362515075
W/Watchdog(  741): **Get SF Time **1
W/Watchdog(  741): SWT Watchdog before synchronized:362515076
W/Watchdog(  741): SWT Watchdog after synchronized:362515076
W/Watchdog(  741): SWT Watchdog before wait timeout:30000
W/Watchdog(  741): SWT Watchdog before wait current time:362515076
W/Watchdog(  741): SWT Watchdog before wait start:362515076
W/Watchdog(  741): SWT Watchdog before wait CHECK_INTERVAL:30000
D/AutomaticBrightnessController(  741): updateAmbientLux: ambientLux=120.0, timeToBrighten=4000, timeToDarken=8000, current=120.0
I/thermal_repeater(  296): oh, queryMdThermalInfo (0)Connection refused
I/thermal_repeater(  296): [recvMdThermalInfo] ret=27, strLen=127,  3, 32, -127, -1, 32767, 17
V/ActivityManager(  741): Broadcast sticky: Intent { act=android.net.wifi.RSSI_CHANGED flg=0x4000010 (has extras) } ordered=false userid=-1 callerApp=ProcessRecord{1283b8e4 741:system/1000}
D/AutomaticBrightnessController(  741): updateAmbientLux: ambientLux=120.0, timeToBrighten=4000, timeToDarken=8000, current=120.0
V/ActivityManager(  741): Broadcast sticky: Intent { act=android.intent.action.BATTERY_CHANGED flg=0x60000010 (has extras) } ordered=false userid=-1 callerApp=null
D/UsbDeviceManager(  741): onReceive - BATTERY_CHANGED - mPlugType: 2, mSettingUsbCharging: false, mConnected: true, mSettingUsbBicr: false
D/WifiService(  741): onReceive, action:android.intent.action.BATTERY_CHANGED
D/WifiController(  741): DeviceActiveState{ when=0 what=155652 arg1=2 target=com.android.internal.util.StateMachine$SmHandler }
D/WifiController(  741): StaEnabledState{ when=0 what=155652 arg1=2 target=com.android.internal.util.StateMachine$SmHandler }
D/WifiController(  741): DefaultState{ when=0 what=155652 arg1=2 target=com.android.internal.util.StateMachine$SmHandler }
D/WifiController(  741): battery changed pluggedType: 2
V/ActivityManager(  741): Broadcast sticky: Intent { act=android.intent.action.SIG_STR flg=0x20000010 (has extras) } ordered=false userid=-1 callerApp=ProcessRecord{1283b8e4 741:system/1000}
I/thermal_repeater(  296): oh, queryMdThermalInfo (0)Connection refused
I/thermal_repeater(  296): [recvMdThermalInfo] ret=27, strLen=127,  3, 32, -127, -1, 32767, 17
V/ActivityManager(  741): Broadcast sticky: Intent { act=android.net.wifi.RSSI_CHANGED flg=0x4000010 (has extras) } ordered=false userid=-1 callerApp=ProcessRecord{1283b8e4 741:system/1000}
D/AlarmManager(  741): set alarm to RTC 418499704
D/AlarmManager(  741): set alarm to RTC 418429440
D/AlarmManager(  741): wakeup alarm = Alarm{2c7ccdf9 type 2 when 418386446 android}; package = android
V/ActivityManager(  741): Broadcast: Intent { act=android.content.syncmanager.SYNC_ALARM flg=0x114 (has extras) } ordered=true userid=0 callerApp=null
D/PowerManagerService(  741): MTK-----android
D/PowerManagerService(  741): MTK-----*alarm*
D/PowerManagerService(  741): wakelock list dump: mLocks.size=1:
D/PowerManagerService(  741): No.0: PARTIAL_WAKE_LOCK '*alarm*'activated(flags=1, uid=1000, pid=741) total=0ms)
D/WifiDisplayAdapter(  741): getWifiDisplayStatusLocked: result=WifiDisplayStatus{featureState=2, scanState=0, activeDisplayState=0, activeDisplay=null, displays=[], sessionInfo=WifiDisplaySessionInfo: C/O:Client,GId:,Pp:,SId:0,IP:}
D/PowerManagerService(  741): isWfdEnabled() mWfdStatus=WifiDisplayStatus{featureState=2, scanState=0, activeDisplayState=0, activeDisplay=null, displays=[], sessionInfo=WifiDisplaySessionInfo: C/O:Client,GId:,Pp:,SId:0,IP:}, return false
D/DisplayPowerController(  741): requestPowerState: policy=BRIGHT, useProximitySensor=false, screenBrightness=139, screenAutoBrightnessAdjustment=-0.1889764, useAutoBrightness=true, blockScreenOn=false, lowPowerMode=false, dozeScreenBrightness=-1, dozeScreenState=UNKNOWN, waitForNegativeProximity=false
D/PowerManagerNotifier(  741): onWakeLockAcquired: flags=1, tag="*alarm*", packageName=android, ownerUid=1000, ownerPid=741, workSource=WorkSource{1000}
D/PowerManagerService(  741): MTK-----android
D/PowerManagerService(  741): MTK-----*alarm*
D/PowerManagerService(  741): MTK-----android
D/PowerManagerService(  741): MTK-----SyncManagerHandleSyncAlarm
D/PowerManagerService(  741): wakelock list dump: mLocks.size=2:
D/PowerManagerService(  741): No.0: PARTIAL_WAKE_LOCK '*alarm*'activated(flags=1, uid=1000, pid=741) total=2ms)
D/PowerManagerService(  741): No.1: PARTIAL_WAKE_LOCK 'SyncManagerHandleSyncAlarm'activated(flags=1, uid=1000, pid=741) total=0ms)
D/WifiDisplayAdapter(  741): getWifiDisplayStatusLocked: result=WifiDisplayStatus{featureState=2, scanState=0, activeDisplayState=0, activeDisplay=null, displays=[], sessionInfo=WifiDisplaySessionInfo: C/O:Client,GId:,Pp:,SId:0,IP:}
D/PowerManagerService(  741): isWfdEnabled() mWfdStatus=WifiDisplayStatus{featureState=2, scanState=0, activeDisplayState=0, activeDisplay=null, displays=[], sessionInfo=WifiDisplaySessionInfo: C/O:Client,GId:,Pp:,SId:0,IP:}, return false
D/DisplayPowerController(  741): requestPowerState: policy=BRIGHT, useProximitySensor=false, screenBrightness=139, screenAutoBrightnessAdjustment=-0.1889764, useAutoBrightness=true, blockScreenOn=false, lowPowerMode=false, dozeScreenBrightness=-1, dozeScreenState=UNKNOWN, waitForNegativeProximity=false
D/PowerManagerNotifier(  741): onWakeLockAcquired: flags=1, tag="SyncManagerHandleSyncAlarm", packageName=android, ownerUid=1000, ownerPid=741, workSource=null
D/ActivityThread(  741): BDC-Calling finishReceiver: IIntentReceiver=3ff53072
D/AlarmManager(  741): onSendFinished begin
D/PowerManagerNotifier(  741): onWakeLockReleased: flags=1, tag="*alarm*", packageName=android, ownerUid=1000, ownerPid=741, workSource=WorkSource{1000}
D/PowerManagerService(  741): MTK-----android
D/PowerManagerService(  741): MTK-----SyncManagerHandleSyncAlarm
D/PowerManagerService(  741): wakelock list dump: mLocks.size=1:
D/PowerManagerService(  741): No.0: PARTIAL_WAKE_LOCK 'SyncManagerHandleSyncAlarm'activated(flags=1, uid=1000, pid=741) total=2ms)
D/WifiDisplayAdapter(  741): getWifiDisplayStatusLocked: result=WifiDisplayStatus{featureState=2, scanState=0, activeDisplayState=0, activeDisplay=null, displays=[], sessionInfo=WifiDisplaySessionInfo: C/O:Client,GId:,Pp:,SId:0,IP:}
D/PowerManagerService(  741): isWfdEnabled() mWfdStatus=WifiDisplayStatus{featureState=2, scanState=0, activeDisplayState=0, activeDisplay=null, displays=[], sessionInfo=WifiDisplaySessionInfo: C/O:Client,GId:,Pp:,SId:0,IP:}, return false
D/DisplayPowerController(  741): requestPowerState: policy=BRIGHT, useProximitySensor=false, screenBrightness=139, screenAutoBrightnessAdjustment=-0.1889764, useAutoBrightness=true, blockScreenOn=false, lowPowerMode=false, dozeScreenBrightness=-1, dozeScreenState=UNKNOWN, waitForNegativeProximity=false
D/PowerManagerService(  741): MTK-----android
D/PowerManagerService(  741): MTK-----SyncManagerHandleSyncAlarm
D/PowerManagerService(  741): MTK-----android
D/PowerManagerService(  741): MTK-----SyncLoopWakeLock
D/PowerManagerService(  741): wakelock list dump: mLocks.size=2:
D/PowerManagerService(  741): No.0: PARTIAL_WAKE_LOCK 'SyncManagerHandleSyncAlarm'activated(flags=1, uid=1000, pid=741) total=2ms)
D/PowerManagerService(  741): No.1: PARTIAL_WAKE_LOCK 'SyncLoopWakeLock'activated(flags=1, uid=1000, pid=741) total=0ms)
D/WifiDisplayAdapter(  741): getWifiDisplayStatusLocked: result=WifiDisplayStatus{featureState=2, scanState=0, activeDisplayState=0, activeDisplay=null, displays=[], sessionInfo=WifiDisplaySessionInfo: C/O:Client,GId:,Pp:,SId:0,IP:}
D/PowerManagerService(  741): isWfdEnabled() mWfdStatus=WifiDisplayStatus{featureState=2, scanState=0, activeDisplayState=0, activeDisplay=null, displays=[], sessionInfo=WifiDisplaySessionInfo: C/O:Client,GId:,Pp:,SId:0,IP:}, return false
D/DisplayPowerController(  741): requestPowerState: policy=BRIGHT, useProximitySensor=false, screenBrightness=139, screenAutoBrightnessAdjustment=-0.1889764, useAutoBrightness=true, blockScreenOn=false, lowPowerMode=false, dozeScreenBrightness=-1, dozeScreenState=UNKNOWN, waitForNegativeProximity=false
D/PowerManagerNotifier(  741): onWakeLockAcquired: flags=1, tag="SyncLoopWakeLock", packageName=android, ownerUid=1000, ownerPid=741, workSource=null
V/SettingsProvider(  741): call(secure:sync_on_wifi_only) for 0
D/PowerManagerService(  741): MTK-----android
D/PowerManagerService(  741): MTK-----SyncManagerHandleSyncAlarm
D/PowerManagerService(  741): MTK-----android
D/PowerManagerService(  741): MTK-----SyncLoopWakeLock
D/PowerManagerService(  741): MTK-----android
D/PowerManagerService(  741): MTK-----*sync*/com.google.android.gms.fitness/com.google/bakertravon33@gmail.com
D/PowerManagerService(  741): wakelock list dump: mLocks.size=3:
D/PowerManagerService(  741): No.0: PARTIAL_WAKE_LOCK 'SyncManagerHandleSyncAlarm'activated(flags=1, uid=1000, pid=741) total=44ms)
D/PowerManagerService(  741): No.1: PARTIAL_WAKE_LOCK 'SyncLoopWakeLock'activated(flags=1, uid=1000, pid=741) total=42ms)
D/PowerManagerService(  741): No.2: PARTIAL_WAKE_LOCK '*sync*/com.google.android.gms.fitness/com.google/bakertravon33@gmail.com'activated(flags=1, uid=1000, pid=741) total=0ms)
D/WifiDisplayAdapter(  741): getWifiDisplayStatusLocked: result=WifiDisplayStatus{featureState=2, scanState=0, activeDisplayState=0, activeDisplay=null, displays=[], sessionInfo=WifiDisplaySessionInfo: C/O:Client,GId:,Pp:,SId:0,IP:}
D/PowerManagerService(  741): isWfdEnabled() mWfdStatus=WifiDisplayStatus{featureState=2, scanState=0, activeDisplayState=0, activeDisplay=null, displays=[], sessionInfo=WifiDisplaySessionInfo: C/O:Client,GId:,Pp:,SId:0,IP:}, return false
D/DisplayPowerController(  741): requestPowerState: policy=BRIGHT, useProximitySensor=false, screenBrightness=139, screenAutoBrightnessAdjustment=-0.1889764, useAutoBrightness=true, blockScreenOn=false, lowPowerMode=false, dozeScreenBrightness=-1, dozeScreenState=UNKNOWN, waitForNegativeProximity=false
D/PowerManagerNotifier(  741): onWakeLockAcquired: flags=1, tag="*sync*/com.google.android.gms.fitness/com.google/bakertravon33@gmail.com", packageName=android, ownerUid=1000, ownerPid=741, workSource=WorkSource{10010}
D/ActivityThread( 1500): SVC-Creating service: CreateServiceData{token=android.os.BinderProxy@1aefdd65 className=com.google.android.gms.fitness.sync.FitnessSyncAdapterService packageName=com.google.android.gms intent=null}
D/PowerManagerNotifier(  741): onWakeLockReleased: flags=1, tag="SyncManagerHandleSyncAlarm", packageName=android, ownerUid=1000, ownerPid=741, workSource=null
D/PowerManagerService(  741): MTK-----android
D/PowerManagerService(  741): MTK-----SyncLoopWakeLock
D/PowerManagerService(  741): MTK-----android
D/PowerManagerService(  741): MTK-----*sync*/com.google.android.gms.fitness/com.google/bakertravon33@gmail.com
D/PowerManagerService(  741): wakelock list dump: mLocks.size=2:
D/PowerManagerService(  741): No.0: PARTIAL_WAKE_LOCK 'SyncLoopWakeLock'activated(flags=1, uid=1000, pid=741) total=57ms)
D/PowerManagerService(  741): No.1: PARTIAL_WAKE_LOCK '*sync*/com.google.android.gms.fitness/com.google/bakertravon33@gmail.com'activated(flags=1, uid=1000, pid=741) total=15ms)
D/WifiDisplayAdapter(  741): getWifiDisplayStatusLocked: result=WifiDisplayStatus{featureState=2, scanState=0, activeDisplayState=0, activeDisplay=null, displays=[], sessionInfo=WifiDisplaySessionInfo: C/O:Client,GId:,Pp:,SId:0,IP:}
D/PowerManagerService(  741): isWfdEnabled() mWfdStatus=WifiDisplayStatus{featureState=2, scanState=0, activeDisplayState=0, activeDisplay=null, displays=[], sessionInfo=WifiDisplaySessionInfo: C/O:Client,GId:,Pp:,SId:0,IP:}, return false
D/DisplayPowerController(  741): requestPowerState: policy=BRIGHT, useProximitySensor=false, screenBrightness=139, screenAutoBrightnessAdjustment=-0.1889764, useAutoBrightness=true, blockScreenOn=false, lowPowerMode=false, dozeScreenBrightness=-1, dozeScreenState=UNKNOWN, waitForNegativeProximity=false
W/AlarmManager(  741): operation package = android CTS_Alarm = false
V/AlarmManager(  741): isAlarmNeedAlign : screen on, Skip
D/AlarmManager(  741): set alarm to RTC 418416508
D/PowerManagerNotifier(  741): onWakeLockReleased: flags=1, tag="SyncLoopWakeLock", packageName=android, ownerUid=1000, ownerPid=741, workSource=null
D/PowerManagerService(  741): MTK-----android
D/PowerManagerService(  741): MTK-----*sync*/com.google.android.gms.fitness/com.google/bakertravon33@gmail.com
D/PowerManagerService(  741): wakelock list dump: mLocks.size=1:
D/PowerManagerService(  741): No.0: PARTIAL_WAKE_LOCK '*sync*/com.google.android.gms.fitness/com.google/bakertravon33@gmail.com'activated(flags=1, uid=1000, pid=741) total=17ms)
D/WifiDisplayAdapter(  741): getWifiDisplayStatusLocked: result=WifiDisplayStatus{featureState=2, scanState=0, activeDisplayState=0, activeDisplay=null, displays=[], sessionInfo=WifiDisplaySessionInfo: C/O:Client,GId:,Pp:,SId:0,IP:}
D/PowerManagerService(  741): isWfdEnabled() mWfdStatus=WifiDisplayStatus{featureState=2, scanState=0, activeDisplayState=0, activeDisplay=null, displays=[], sessionInfo=WifiDisplaySessionInfo: C/O:Client,GId:,Pp:,SId:0,IP:}, return false
D/DisplayPowerController(  741): requestPowerState: policy=BRIGHT, useProximitySensor=false, screenBrightness=139, screenAutoBrightnessAdjustment=-0.1889764, useAutoBrightness=true, blockScreenOn=false, lowPowerMode=false, dozeScreenBrightness=-1, dozeScreenState=UNKNOWN, waitForNegativeProximity=false
D/ActivityManager(  741): getContentProviderImpl: from caller=android.app.ApplicationThreadProxy@1deeb34a (pid=8072, userId=0) to get content provider com.miui.micloud cpr=ContentProviderRecord{2e7f12bb u0 com.miui.cloudservice/.provider.MiCloudProvider}
D/ActivityThread( 8072): hoder:android.app.IActivityManager$ContentProviderHolder@15017b07,provider,holder.Provider:android.content.ContentProviderProxy@1387b434
D/PowerManagerService(  741): MTK-----android
D/PowerManagerService(  741): MTK-----*sync*/com.google.android.gms.fitness/com.google/bakertravon33@gmail.com
D/PowerManagerService(  741): MTK-----android
D/PowerManagerService(  741): MTK-----SyncLoopWakeLock
D/PowerManagerService(  741): wakelock list dump: mLocks.size=2:
D/PowerManagerService(  741): No.0: PARTIAL_WAKE_LOCK '*sync*/com.google.android.gms.fitness/com.google/bakertravon33@gmail.com'activated(flags=1, uid=1000, pid=741) total=105ms)
D/PowerManagerService(  741): No.1: PARTIAL_WAKE_LOCK 'SyncLoopWakeLock'activated(flags=1, uid=1000, pid=741) total=0ms)
D/WifiDisplayAdapter(  741): getWifiDisplayStatusLocked: result=WifiDisplayStatus{featureState=2, scanState=0, activeDisplayState=0, activeDisplay=null, displays=[], sessionInfo=WifiDisplaySessionInfo: C/O:Client,GId:,Pp:,SId:0,IP:}
D/PowerManagerService(  741): isWfdEnabled() mWfdStatus=WifiDisplayStatus{featureState=2, scanState=0, activeDisplayState=0, activeDisplay=null, displays=[], sessionInfo=WifiDisplaySessionInfo: C/O:Client,GId:,Pp:,SId:0,IP:}, return false
D/DisplayPowerController(  741): requestPowerState: policy=BRIGHT, useProximitySensor=false, screenBrightness=139, screenAutoBrightnessAdjustment=-0.1889764, useAutoBrightness=true, blockScreenOn=false, lowPowerMode=false, dozeScreenBrightness=-1, dozeScreenState=UNKNOWN, waitForNegativeProximity=false
D/PowerManagerNotifier(  741): onWakeLockAcquired: flags=1, tag="SyncLoopWakeLock", packageName=android, ownerUid=1000, ownerPid=741, workSource=null
D/PowerManagerNotifier(  741): onWakeLockReleased: flags=1, tag="SyncLoopWakeLock", packageName=android, ownerUid=1000, ownerPid=741, workSource=null
D/PowerManagerService(  741): MTK-----android
D/PowerManagerService(  741): MTK-----*sync*/com.google.android.gms.fitness/com.google/bakertravon33@gmail.com
D/PowerManagerService(  741): wakelock list dump: mLocks.size=1:
D/PowerManagerService(  741): No.0: PARTIAL_WAKE_LOCK '*sync*/com.google.android.gms.fitness/com.google/bakertravon33@gmail.com'activated(flags=1, uid=1000, pid=741) total=106ms)
D/WifiDisplayAdapter(  741): getWifiDisplayStatusLocked: result=WifiDisplayStatus{featureState=2, scanState=0, activeDisplayState=0, activeDisplay=null, displays=[], sessionInfo=WifiDisplaySessionInfo: C/O:Client,GId:,Pp:,SId:0,IP:}
D/PowerManagerService(  741): isWfdEnabled() mWfdStatus=WifiDisplayStatus{featureState=2, scanState=0, activeDisplayState=0, activeDisplay=null, displays=[], sessionInfo=WifiDisplaySessionInfo: C/O:Client,GId:,Pp:,SId:0,IP:}, return false
D/DisplayPowerController(  741): requestPowerState: policy=BRIGHT, useProximitySensor=false, screenBrightness=139, screenAutoBrightnessAdjustment=-0.1889764, useAutoBrightness=true, blockScreenOn=false, lowPowerMode=false, dozeScreenBrightness=-1, dozeScreenState=UNKNOWN, waitForNegativeProximity=false
D/PowerManagerService(  741): MTK-----android
D/PowerManagerService(  741): MTK-----*sync*/com.google.android.gms.fitness/com.google/bakertravon33@gmail.com
D/PowerManagerService(  741): MTK-----android
D/PowerManagerService(  741): MTK-----SyncLoopWakeLock
D/PowerManagerService(  741): wakelock list dump: mLocks.size=2:
D/PowerManagerService(  741): No.0: PARTIAL_WAKE_LOCK '*sync*/com.google.android.gms.fitness/com.google/bakertravon33@gmail.com'activated(flags=1, uid=1000, pid=741) total=107ms)
D/PowerManagerService(  741): No.1: PARTIAL_WAKE_LOCK 'SyncLoopWakeLock'activated(flags=1, uid=1000, pid=741) total=0ms)
D/WifiDisplayAdapter(  741): getWifiDisplayStatusLocked: result=WifiDisplayStatus{featureState=2, scanState=0, activeDisplayState=0, activeDisplay=null, displays=[], sessionInfo=WifiDisplaySessionInfo: C/O:Client,GId:,Pp:,SId:0,IP:}
D/PowerManagerService(  741): isWfdEnabled() mWfdStatus=WifiDisplayStatus{featureState=2, scanState=0, activeDisplayState=0, activeDisplay=null, displays=[], sessionInfo=WifiDisplaySessionInfo: C/O:Client,GId:,Pp:,SId:0,IP:}, return false
D/DisplayPowerController(  741): requestPowerState: policy=BRIGHT, useProximitySensor=false, screenBrightness=139, screenAutoBrightnessAdjustment=-0.1889764, useAutoBrightness=true, blockScreenOn=false, lowPowerMode=false, dozeScreenBrightness=-1, dozeScreenState=UNKNOWN, waitForNegativeProximity=false
D/PowerManagerNotifier(  741): onWakeLockAcquired: flags=1, tag="SyncLoopWakeLock", packageName=android, ownerUid=1000, ownerPid=741, workSource=null
D/PowerManagerNotifier(  741): onWakeLockReleased: flags=1, tag="SyncLoopWakeLock", packageName=android, ownerUid=1000, ownerPid=741, workSource=null
D/PowerManagerService(  741): MTK-----android
D/PowerManagerService(  741): MTK-----*sync*/com.google.android.gms.fitness/com.google/bakertravon33@gmail.com
D/PowerManagerService(  741): wakelock list dump: mLocks.size=1:
D/PowerManagerService(  741): No.0: PARTIAL_WAKE_LOCK '*sync*/com.google.android.gms.fitness/com.google/bakertravon33@gmail.com'activated(flags=1, uid=1000, pid=741) total=109ms)
D/WifiDisplayAdapter(  741): getWifiDisplayStatusLocked: result=WifiDisplayStatus{featureState=2, scanState=0, activeDisplayState=0, activeDisplay=null, displays=[], sessionInfo=WifiDisplaySessionInfo: C/O:Client,GId:,Pp:,SId:0,IP:}
D/PowerManagerService(  741): isWfdEnabled() mWfdStatus=WifiDisplayStatus{featureState=2, scanState=0, activeDisplayState=0, activeDisplay=null, displays=[], sessionInfo=WifiDisplaySessionInfo: C/O:Client,GId:,Pp:,SId:0,IP:}, return false
D/DisplayPowerController(  741): requestPowerState: policy=BRIGHT, useProximitySensor=false, screenBrightness=139, screenAutoBrightnessAdjustment=-0.1889764, useAutoBrightness=true, blockScreenOn=false, lowPowerMode=false, dozeScreenBrightness=-1, dozeScreenState=UNKNOWN, waitForNegativeProximity=false
W/AlarmManager(  741): operation package = com.google.android.gms CTS_Alarm = false
V/AlarmManager(  741): isAlarmNeedAlign : screen on, Skip
D/AlarmManager(  741): remove(operation) changed bounds; rebatching
D/AlarmManager(  741): rebatchAllAlarmsLocked begin oldBatches count = 52
V/AlarmManager(  741): isAlarmNeedAlign : screen on, Skip
V/AlarmManager(  741): isAlarmNeedAlign : screen on, Skip
V/AlarmManager(  741): isAlarmNeedAlign : screen on, Skip
V/AlarmManager(  741): isAlarmNeedAlign : screen on, Skip
V/AlarmManager(  741): isAlarmNeedAlign : screen on, Skip
V/AlarmManager(  741): isAlarmNeedAlign : screen on, Skip
V/AlarmManager(  741): isAlarmNeedAlign : screen on, Skip
V/AlarmManager(  741): isAlarmNeedAlign : screen on, Skip
V/AlarmManager(  741): isAlarmNeedAlign : screen on, Skip
V/AlarmManager(  741): isAlarmNeedAlign : screen on, Skip
V/AlarmManager(  741): isAlarmNeedAlign : screen on, Skip
V/AlarmManager(  741): isAlarmNeedAlign : screen on, Skip
V/AlarmManager(  741): isAlarmNeedAlign : screen on, Skip
V/AlarmManager(  741): isAlarmNeedAlign : screen on, Skip
V/AlarmManager(  741): isAlarmNeedAlign : screen on, Skip
V/AlarmManager(  741): isAlarmNeedAlign : screen on, Skip
V/AlarmManager(  741): isAlarmNeedAlign : screen on, Skip
V/AlarmManager(  741): isAlarmNeedAlign : screen on, Skip
V/AlarmManager(  741): isAlarmNeedAlign : screen on, Skip
V/AlarmManager(  741): isAlarmNeedAlign : screen on, Skip
V/AlarmManager(  741): isAlarmNeedAlign : screen on, Skip
V/AlarmManager(  741): isAlarmNeedAlign : screen on, Skip
V/AlarmManager(  741): isAlarmNeedAlign : screen on, Skip
V/AlarmManager(  741): isAlarmNeedAlign : screen on, Skip
V/AlarmManager(  741): isAlarmNeedAlign : screen on, Skip
V/AlarmManager(  741): isAlarmNeedAlign : screen on, Skip
V/AlarmManager(  741): isAlarmNeedAlign : screen on, Skip
V/AlarmManager(  741): isAlarmNeedAlign : screen on, Skip
V/AlarmManager(  741): isAlarmNeedAlign : screen on, Skip
V/AlarmManager(  741): isAlarmNeedAlign : screen on, Skip
V/AlarmManager(  741): isAlarmNeedAlign : screen on, Skip
V/AlarmManager(  741): isAlarmNeedAlign : screen on, Skip
V/AlarmManager(  741): isAlarmNeedAlign : screen on, Skip
V/AlarmManager(  741): isAlarmNeedAlign : screen on, Skip
V/AlarmManager(  741): isAlarmNeedAlign : screen on, Skip
V/AlarmManager(  741): isAlarmNeedAlign : screen on, Skip
V/AlarmManager(  741): isAlarmNeedAlign : screen on, Skip
V/AlarmManager(  741): isAlarmNeedAlign : screen on, Skip
V/AlarmManager(  741): isAlarmNeedAlign : screen on, Skip
V/AlarmManager(  741): isAlarmNeedAlign : screen on, Skip
V/AlarmManager(  741): isAlarmNeedAlign : screen on, Skip
V/AlarmManager(  741): isAlarmNeedAlign : screen on, Skip
V/AlarmManager(  741): isAlarmNeedAlign : screen on, Skip
V/AlarmManager(  741): isAlarmNeedAlign : screen on, Skip
V/AlarmManager(  741): isAlarmNeedAlign : screen on, Skip
V/AlarmManager(  741): isAlarmNeedAlign : screen on, Skip
V/AlarmManager(  741): isAlarmNeedAlign : screen on, Skip
V/AlarmManager(  741): isAlarmNeedAlign : screen on, Skip
V/AlarmManager(  741): isAlarmNeedAlign : screen on, Skip
V/AlarmManager(  741): isAlarmNeedAlign : screen on, Skip
V/AlarmManager(  741): isAlarmNeedAlign : screen on, Skip
V/AlarmManager(  741): isAlarmNeedAlign : screen on, Skip
V/AlarmManager(  741): isAlarmNeedAlign : screen on, Skip
V/AlarmManager(  741): isAlarmNeedAlign : screen on, Skip
V/AlarmManager(  741): isAlarmNeedAlign : screen on, Skip
V/AlarmManager(  741): isAlarmNeedAlign : screen on, Skip
V/AlarmManager(  741): isAlarmNeedAlign : screen on, Skip
V/AlarmManager(  741): isAlarmNeedAlign : screen on, Skip
V/AlarmManager(  741): isAlarmNeedAlign : screen on, Skip
V/AlarmManager(  741): isAlarmNeedAlign : screen on, Skip
V/AlarmManager(  741): isAlarmNeedAlign : screen on, Skip
V/AlarmManager(  741): isAlarmNeedAlign : screen on, Skip
D/AlarmManager(  741): rebatchAllAlarmsLocked end
D/ActivityThread( 1500): SVC-Creating service: CreateServiceData{token=android.os.BinderProxy@315541d className=com.google.android.gms.fitness.cache.DataUpdateListenerCacheService packageName=com.google.android.gms intent=null}
V/SettingsProvider(  741): call(secure:android_id) for 0
D/ActivityThread( 1500): SVC-Destroying service: com.google.android.gms.fitness.cache.DataUpdateListenerCacheService@3b23d692
D/PowerManagerService(  741): MTK-----android
D/PowerManagerService(  741): MTK-----*sync*/com.google.android.gms.fitness/com.google/bakertravon33@gmail.com
D/PowerManagerService(  741): MTK-----android
D/PowerManagerService(  741): MTK-----SyncLoopWakeLock
D/PowerManagerService(  741): wakelock list dump: mLocks.size=2:
D/PowerManagerService(  741): No.0: PARTIAL_WAKE_LOCK '*sync*/com.google.android.gms.fitness/com.google/bakertravon33@gmail.com'activated(flags=1, uid=1000, pid=741) total=197ms)
D/PowerManagerService(  741): No.1: PARTIAL_WAKE_LOCK 'SyncLoopWakeLock'activated(flags=1, uid=1000, pid=741) total=0ms)
D/WifiDisplayAdapter(  741): getWifiDisplayStatusLocked: result=WifiDisplayStatus{featureState=2, scanState=0, activeDisplayState=0, activeDisplay=null, displays=[], sessionInfo=WifiDisplaySessionInfo: C/O:Client,GId:,Pp:,SId:0,IP:}
D/PowerManagerService(  741): isWfdEnabled() mWfdStatus=WifiDisplayStatus{featureState=2, scanState=0, activeDisplayState=0, activeDisplay=null, displays=[], sessionInfo=WifiDisplaySessionInfo: C/O:Client,GId:,Pp:,SId:0,IP:}, return false
D/DisplayPowerController(  741): requestPowerState: policy=BRIGHT, useProximitySensor=false, screenBrightness=139, screenAutoBrightnessAdjustment=-0.1889764, useAutoBrightness=true, blockScreenOn=false, lowPowerMode=false, dozeScreenBrightness=-1, dozeScreenState=UNKNOWN, waitForNegativeProximity=false
D/PowerManagerNotifier(  741): onWakeLockAcquired: flags=1, tag="SyncLoopWakeLock", packageName=android, ownerUid=1000, ownerPid=741, workSource=null
D/PowerManagerNotifier(  741): onWakeLockReleased: flags=1, tag="*sync*/com.google.android.gms.fitness/com.google/bakertravon33@gmail.com", packageName=android, ownerUid=1000, ownerPid=741, workSource=WorkSource{10010}
D/PowerManagerService(  741): MTK-----android
D/PowerManagerService(  741): MTK-----SyncLoopWakeLock
D/PowerManagerService(  741): wakelock list dump: mLocks.size=1:
D/PowerManagerService(  741): No.0: PARTIAL_WAKE_LOCK 'SyncLoopWakeLock'activated(flags=1, uid=1000, pid=741) total=5ms)
D/WifiDisplayAdapter(  741): getWifiDisplayStatusLocked: result=WifiDisplayStatus{featureState=2, scanState=0, activeDisplayState=0, activeDisplay=null, displays=[], sessionInfo=WifiDisplaySessionInfo: C/O:Client,GId:,Pp:,SId:0,IP:}
D/PowerManagerService(  741): isWfdEnabled() mWfdStatus=WifiDisplayStatus{featureState=2, scanState=0, activeDisplayState=0, activeDisplay=null, displays=[], sessionInfo=WifiDisplaySessionInfo: C/O:Client,GId:,Pp:,SId:0,IP:}, return false
D/DisplayPowerController(  741): requestPowerState: policy=BRIGHT, useProximitySensor=false, screenBrightness=139, screenAutoBrightnessAdjustment=-0.1889764, useAutoBrightness=true, blockScreenOn=false, lowPowerMode=false, dozeScreenBrightness=-1, dozeScreenState=UNKNOWN, waitForNegativeProximity=false
D/ActivityThread( 1500): SVC-Destroying service: com.google.android.gms.fitness.sync.FitnessSyncAdapterService@2da36b6
D/PowerManagerNotifier(  741): onWakeLockReleased: flags=1, tag="SyncLoopWakeLock", packageName=android, ownerUid=1000, ownerPid=741, workSource=null
D/WifiDisplayAdapter(  741): getWifiDisplayStatusLocked: result=WifiDisplayStatus{featureState=2, scanState=0, activeDisplayState=0, activeDisplay=null, displays=[], sessionInfo=WifiDisplaySessionInfo: C/O:Client,GId:,Pp:,SId:0,IP:}
D/PowerManagerService(  741): isWfdEnabled() mWfdStatus=WifiDisplayStatus{featureState=2, scanState=0, activeDisplayState=0, activeDisplay=null, displays=[], sessionInfo=WifiDisplaySessionInfo: C/O:Client,GId:,Pp:,SId:0,IP:}, return false
D/DisplayPowerController(  741): requestPowerState: policy=BRIGHT, useProximitySensor=false, screenBrightness=139, screenAutoBrightnessAdjustment=-0.1889764, useAutoBrightness=true, blockScreenOn=false, lowPowerMode=false, dozeScreenBrightness=-1, dozeScreenState=UNKNOWN, waitForNegativeProximity=false
D/ActivityManager(  741): getContentProviderImpl: from caller=android.app.ApplicationThreadProxy@27954331 (pid=8072, userId=0) to get content provider com.miui.micloud cpr=ContentProviderRecord{2e7f12bb u0 com.miui.cloudservice/.provider.MiCloudProvider}
D/ActivityThread( 8072): hoder:android.app.IActivityManager$ContentProviderHolder@1bb0c0a3,provider,holder.Provider:android.content.ContentProviderProxy@605dfa0
D/AutomaticBrightnessController(  741): updateAmbientLux: ambientLux=120.0, timeToBrighten=4000, timeToDarken=8000, current=120.0
V/ActivityManager(  741): Broadcast sticky: Intent { act=android.net.wifi.RSSI_CHANGED flg=0x4000010 (has extras) } ordered=false userid=-1 callerApp=ProcessRecord{1283b8e4 741:system/1000}
V/ActivityManager(  741): Broadcast sticky: Intent { act=android.intent.action.SIG_STR flg=0x20000010 (has extras) } ordered=false userid=-1 callerApp=ProcessRecord{1283b8e4 741:system/1000}
I/thermal_repeater(  296): oh, queryMdThermalInfo (0)Connection refused
I/thermal_repeater(  296): [recvMdThermalInfo] ret=27, strLen=127,  3, 31, -127, -1, 32767, 17
V/ActivityManager(  741): Broadcast sticky: Intent { act=android.net.wifi.RSSI_CHANGED flg=0x4000010 (has extras) } ordered=false userid=-1 callerApp=ProcessRecord{1283b8e4 741:system/1000}
D/AutomaticBrightnessController(  741): updateAmbientLux: ambientLux=120.0, timeToBrighten=4000, timeToDarken=8000, current=120.0
V/ActivityManager(  741): Broadcast sticky: Intent { act=android.intent.action.BATTERY_CHANGED flg=0x60000010 (has extras) } ordered=false userid=-1 callerApp=null
D/UsbDeviceManager(  741): onReceive - BATTERY_CHANGED - mPlugType: 2, mSettingUsbCharging: false, mConnected: true, mSettingUsbBicr: false
D/WifiService(  741): onReceive, action:android.intent.action.BATTERY_CHANGED
D/WifiController(  741): DeviceActiveState{ when=0 what=155652 arg1=2 target=com.android.internal.util.StateMachine$SmHandler }
D/WifiController(  741): StaEnabledState{ when=0 what=155652 arg1=2 target=com.android.internal.util.StateMachine$SmHandler }
D/WifiController(  741): DefaultState{ when=-1ms what=155652 arg1=2 target=com.android.internal.util.StateMachine$SmHandler }
D/WifiController(  741): battery changed pluggedType: 2
V/ActivityManager(  741): Broadcast sticky: Intent { act=android.net.wifi.RSSI_CHANGED flg=0x4000010 (has extras) } ordered=false userid=-1 callerApp=ProcessRecord{1283b8e4 741:system/1000}
V/ActivityManager(  741): Broadcast sticky: Intent { act=android.intent.action.SIG_STR flg=0x20000010 (has extras) } ordered=false userid=-1 callerApp=ProcessRecord{1283b8e4 741:system/1000}
I/thermal_repeater(  296): oh, queryMdThermalInfo (0)Connection refused
I/thermal_repeater(  296): [recvMdThermalInfo] ret=27, strLen=127,  3, 31, -127, -1, 32767, 17
D/AutomaticBrightnessController(  741): updateAmbientLux: ambientLux=120.0, timeToBrighten=4000, timeToDarken=8000, current=120.0
V/ActivityManager(  741): Broadcast sticky: Intent { act=android.net.wifi.RSSI_CHANGED flg=0x4000010 (has extras) } ordered=false userid=-1 callerApp=ProcessRecord{1283b8e4 741:system/1000}
I/ANRManager(  741): updateProcessStats
I/ANRManager(  741): CPU update time < 2.5sec
I/ANRManager(  741): CPU update time < 2.5sec
V/ActivityManager(  741): Broadcast sticky: Intent { act=android.intent.action.SIG_STR flg=0x20000010 (has extras) } ordered=false userid=-1 callerApp=ProcessRecord{1283b8e4 741:system/1000}
D/AutomaticBrightnessController(  741): updateAmbientLux: ambientLux=120.0, timeToBrighten=4000, timeToDarken=8000, current=120.0
I/thermal_repeater(  296): oh, queryMdThermalInfo (0)Connection refused
I/thermal_repeater(  296): [recvMdThermalInfo] ret=27, strLen=127,  3, 31, -127, -1, 32767, 17
V/ActivityManager(  741): Broadcast sticky: Intent { act=android.net.wifi.RSSI_CHANGED flg=0x4000010 (has extras) } ordered=false userid=-1 callerApp=ProcessRecord{1283b8e4 741:system/1000}
V/ActivityManager(  741): Broadcast sticky: Intent { act=android.net.wifi.RSSI_CHANGED flg=0x4000010 (has extras) } ordered=false userid=-1 callerApp=ProcessRecord{1283b8e4 741:system/1000}
D/AutomaticBrightnessController(  741): updateAmbientLux: ambientLux=120.0, timeToBrighten=4000, timeToDarken=8000, current=120.0
V/ActivityManager(  741): Broadcast sticky: Intent { act=android.intent.action.BATTERY_CHANGED flg=0x60000010 (has extras) } ordered=false userid=-1 callerApp=null
D/UsbDeviceManager(  741): onReceive - BATTERY_CHANGED - mPlugType: 2, mSettingUsbCharging: false, mConnected: true, mSettingUsbBicr: false
D/WifiService(  741): onReceive, action:android.intent.action.BATTERY_CHANGED
D/WifiController(  741): DeviceActiveState{ when=0 what=155652 arg1=2 target=com.android.internal.util.StateMachine$SmHandler }
D/WifiController(  741): StaEnabledState{ when=0 what=155652 arg1=2 target=com.android.internal.util.StateMachine$SmHandler }
D/WifiController(  741): DefaultState{ when=0 what=155652 arg1=2 target=com.android.internal.util.StateMachine$SmHandler }
D/WifiController(  741): battery changed pluggedType: 2
V/ActivityManager(  741): Broadcast sticky: Intent { act=android.intent.action.SIG_STR flg=0x20000010 (has extras) } ordered=false userid=-1 callerApp=ProcessRecord{1283b8e4 741:system/1000}
I/thermal_repeater(  296): oh, queryMdThermalInfo (0)Connection refused
I/thermal_repeater(  296): [recvMdThermalInfo] ret=27, strLen=127,  3, 31, -127, -1, 32767, 17
V/ActivityManager(  741): Broadcast sticky: Intent { act=android.net.wifi.RSSI_CHANGED flg=0x4000010 (has extras) } ordered=false userid=-1 callerApp=ProcessRecord{1283b8e4 741:system/1000}
D/AutomaticBrightnessController(  741): updateAmbientLux: ambientLux=120.0, timeToBrighten=4000, timeToDarken=8000, current=120.0
V/ActivityManager(  741): Broadcast sticky: Intent { act=android.net.wifi.RSSI_CHANGED flg=0x4000010 (has extras) } ordered=false userid=-1 callerApp=ProcessRecord{1283b8e4 741:system/1000}
W/Watchdog(  741): SWT Watchdog after wait current time:362545076
W/Watchdog(  741): **Get SF Time **1
W/Watchdog(  741): SWT Watchdog before synchronized:362545077
W/Watchdog(  741): SWT Watchdog after synchronized:362545077
W/Watchdog(  741): SWT Watchdog before wait timeout:30000
W/Watchdog(  741): SWT Watchdog before wait current time:362545077
W/Watchdog(  741): SWT Watchdog before wait start:362545077
W/Watchdog(  741): SWT Watchdog before wait CHECK_INTERVAL:30000
V/ActivityManager(  741): Broadcast sticky: Intent { act=android.intent.action.SIG_STR flg=0x20000010 (has extras) } ordered=false userid=-1 callerApp=ProcessRecord{1283b8e4 741:system/1000}
I/thermal_repeater(  296): oh, queryMdThermalInfo (0)Connection refused
I/thermal_repeater(  296): [recvMdThermalInfo] ret=27, strLen=127,  3, 31, -127, -1, 32767, 17
D/SocketClient(  272): SocketClient sendData done: 600 Iface linkstate wlan0 up
D/NetworkManagementService(  741): onEvent:600 Iface linkstate wlan0 up:5
D/SocketClient(  272): SocketClient sendData done: 600 Iface linkstate wlan0 up
D/NetworkManagementService(  741): onEvent:600 Iface linkstate wlan0 up:5
D/AutomaticBrightnessController(  741): updateAmbientLux: ambientLux=120.0, timeToBrighten=4000, timeToDarken=8000, current=120.0
V/ActivityManager(  741): Broadcast sticky: Intent { act=android.net.wifi.RSSI_CHANGED flg=0x4000010 (has extras) } ordered=false userid=-1 callerApp=ProcessRecord{1283b8e4 741:system/1000}
V/ActivityManager(  741): Broadcast sticky: Intent { act=android.intent.action.BATTERY_CHANGED flg=0x60000010 (has extras) } ordered=false userid=-1 callerApp=null
D/UsbDeviceManager(  741): onReceive - BATTERY_CHANGED - mPlugType: 2, mSettingUsbCharging: false, mConnected: true, mSettingUsbBicr: false
D/WifiService(  741): onReceive, action:android.intent.action.BATTERY_CHANGED
D/WifiController(  741): DeviceActiveState{ when=0 what=155652 arg1=2 target=com.android.internal.util.StateMachine$SmHandler }
D/WifiController(  741): StaEnabledState{ when=0 what=155652 arg1=2 target=com.android.internal.util.StateMachine$SmHandler }
D/WifiController(  741): DefaultState{ when=0 what=155652 arg1=2 target=com.android.internal.util.StateMachine$SmHandler }
D/WifiController(  741): battery changed pluggedType: 2
I/ANRManager(  741): updateProcessStats
D/AlarmManager(  741): set alarm to RTC 418499704
D/AlarmManager(  741): wakeup alarm = Alarm{3decba16 type 2 when 418416508 android}; package = android
V/ActivityManager(  741): Broadcast: Intent { act=android.content.syncmanager.SYNC_ALARM flg=0x114 (has extras) } ordered=true userid=0 callerApp=null
D/PowerManagerService(  741): MTK-----android
D/PowerManagerService(  741): MTK-----*alarm*
D/PowerManagerService(  741): wakelock list dump: mLocks.size=1:
D/PowerManagerService(  741): No.0: PARTIAL_WAKE_LOCK '*alarm*'activated(flags=1, uid=1000, pid=741) total=0ms)
D/WifiDisplayAdapter(  741): getWifiDisplayStatusLocked: result=WifiDisplayStatus{featureState=2, scanState=0, activeDisplayState=0, activeDisplay=null, displays=[], sessionInfo=WifiDisplaySessionInfo: C/O:Client,GId:,Pp:,SId:0,IP:}
D/PowerManagerService(  741): isWfdEnabled() mWfdStatus=WifiDisplayStatus{featureState=2, scanState=0, activeDisplayState=0, activeDisplay=null, displays=[], sessionInfo=WifiDisplaySessionInfo: C/O:Client,GId:,Pp:,SId:0,IP:}, return false
D/DisplayPowerController(  741): requestPowerState: policy=BRIGHT, useProximitySensor=false, screenBrightness=139, screenAutoBrightnessAdjustment=-0.1889764, useAutoBrightness=true, blockScreenOn=false, lowPowerMode=false, dozeScreenBrightness=-1, dozeScreenState=UNKNOWN, waitForNegativeProximity=false
D/PowerManagerNotifier(  741): onWakeLockAcquired: flags=1, tag="*alarm*", packageName=android, ownerUid=1000, ownerPid=741, workSource=WorkSource{1000}
D/PowerManagerService(  741): MTK-----android
D/PowerManagerService(  741): MTK-----*alarm*
D/PowerManagerService(  741): MTK-----android
D/PowerManagerService(  741): MTK-----SyncManagerHandleSyncAlarm
D/PowerManagerService(  741): wakelock list dump: mLocks.size=2:
D/PowerManagerService(  741): No.0: PARTIAL_WAKE_LOCK '*alarm*'activated(flags=1, uid=1000, pid=741) total=1ms)
D/PowerManagerService(  741): No.1: PARTIAL_WAKE_LOCK 'SyncManagerHandleSyncAlarm'activated(flags=1, uid=1000, pid=741) total=0ms)
D/WifiDisplayAdapter(  741): getWifiDisplayStatusLocked: result=WifiDisplayStatus{featureState=2, scanState=0, activeDisplayState=0, activeDisplay=null, displays=[], sessionInfo=WifiDisplaySessionInfo: C/O:Client,GId:,Pp:,SId:0,IP:}
D/PowerManagerService(  741): isWfdEnabled() mWfdStatus=WifiDisplayStatus{featureState=2, scanState=0, activeDisplayState=0, activeDisplay=null, displays=[], sessionInfo=WifiDisplaySessionInfo: C/O:Client,GId:,Pp:,SId:0,IP:}, return false
D/DisplayPowerController(  741): requestPowerState: policy=BRIGHT, useProximitySensor=false, screenBrightness=139, screenAutoBrightnessAdjustment=-0.1889764, useAutoBrightness=true, blockScreenOn=false, lowPowerMode=false, dozeScreenBrightness=-1, dozeScreenState=UNKNOWN, waitForNegativeProximity=false
D/PowerManagerNotifier(  741): onWakeLockAcquired: flags=1, tag="SyncManagerHandleSyncAlarm", packageName=android, ownerUid=1000, ownerPid=741, workSource=null
D/ActivityThread(  741): BDC-Calling finishReceiver: IIntentReceiver=3ff53072
D/AlarmManager(  741): onSendFinished begin
D/PowerManagerNotifier(  741): onWakeLockReleased: flags=1, tag="*alarm*", packageName=android, ownerUid=1000, ownerPid=741, workSource=WorkSource{1000}
D/PowerManagerService(  741): MTK-----android
D/PowerManagerService(  741): MTK-----SyncManagerHandleSyncAlarm
D/PowerManagerService(  741): wakelock list dump: mLocks.size=1:
D/PowerManagerService(  741): No.0: PARTIAL_WAKE_LOCK 'SyncManagerHandleSyncAlarm'activated(flags=1, uid=1000, pid=741) total=2ms)
D/WifiDisplayAdapter(  741): getWifiDisplayStatusLocked: result=WifiDisplayStatus{featureState=2, scanState=0, activeDisplayState=0, activeDisplay=null, displays=[], sessionInfo=WifiDisplaySessionInfo: C/O:Client,GId:,Pp:,SId:0,IP:}
D/PowerManagerService(  741): isWfdEnabled() mWfdStatus=WifiDisplayStatus{featureState=2, scanState=0, activeDisplayState=0, activeDisplay=null, displays=[], sessionInfo=WifiDisplaySessionInfo: C/O:Client,GId:,Pp:,SId:0,IP:}, return false
D/DisplayPowerController(  741): requestPowerState: policy=BRIGHT, useProximitySensor=false, screenBrightness=139, screenAutoBrightnessAdjustment=-0.1889764, useAutoBrightness=true, blockScreenOn=false, lowPowerMode=false, dozeScreenBrightness=-1, dozeScreenState=UNKNOWN, waitForNegativeProximity=false
D/PowerManagerService(  741): MTK-----android
D/PowerManagerService(  741): MTK-----SyncManagerHandleSyncAlarm
D/PowerManagerService(  741): MTK-----android
D/PowerManagerService(  741): MTK-----SyncLoopWakeLock
D/PowerManagerService(  741): wakelock list dump: mLocks.size=2:
D/PowerManagerService(  741): No.0: PARTIAL_WAKE_LOCK 'SyncManagerHandleSyncAlarm'activated(flags=1, uid=1000, pid=741) total=2ms)
D/PowerManagerService(  741): No.1: PARTIAL_WAKE_LOCK 'SyncLoopWakeLock'activated(flags=1, uid=1000, pid=741) total=0ms)
D/WifiDisplayAdapter(  741): getWifiDisplayStatusLocked: result=WifiDisplayStatus{featureState=2, scanState=0, activeDisplayState=0, activeDisplay=null, displays=[], sessionInfo=WifiDisplaySessionInfo: C/O:Client,GId:,Pp:,SId:0,IP:}
D/PowerManagerService(  741): isWfdEnabled() mWfdStatus=WifiDisplayStatus{featureState=2, scanState=0, activeDisplayState=0, activeDisplay=null, displays=[], sessionInfo=WifiDisplaySessionInfo: C/O:Client,GId:,Pp:,SId:0,IP:}, return false
D/DisplayPowerController(  741): requestPowerState: policy=BRIGHT, useProximitySensor=false, screenBrightness=139, screenAutoBrightnessAdjustment=-0.1889764, useAutoBrightness=true, blockScreenOn=false, lowPowerMode=false, dozeScreenBrightness=-1, dozeScreenState=UNKNOWN, waitForNegativeProximity=false
D/PowerManagerNotifier(  741): onWakeLockAcquired: flags=1, tag="SyncLoopWakeLock", packageName=android, ownerUid=1000, ownerPid=741, workSource=null
