I/octvm_klo( 2779): read wakeups from wakealarm_fd:1
I/octvm_klo( 2779): new timerfd interval:
I/octvm_klo( 2779): 	itval.it_interval.tv_sec 1, itval.it_interval.tv_nsec 0
I/octvm_klo( 2779): 	itval.it_value.tv_sec 0, itval.it_value.tv_nsec 999997616
D/AutomaticBrightnessController(  741): onSensorChanged: last_lux = 120.0
D/AutomaticBrightnessController(  741): updateAmbientLux: ambientLux=120.0, timeToBrighten=4000, timeToDarken=8000, current=120.0
D/AutomaticBrightnessController(  741): AAL onSensorChanged: lux = 120.0
I/python  (11545): [INFO              ] [OSC         ] using <thread> for socket
I/python  (11545): [INFO              ] [Base        ] Start application main loop
I/python  (11545): [INFO              ] [Android     ] found 17 joystick
I/python  (11545): [INFO              ] [Android     ] create joystick <0>
I/python  (11545): [INFO              ] [Android     ] discard joystick <0> cause no button
I/python  (11545): [INFO              ] [Android     ] create joystick <1>
I/python  (11545): [INFO              ] [Android     ] create joystick <2>
I/python  (11545): [INFO              ] [Android     ] create joystick <3>
I/python  (11545): [INFO              ] [Android     ] create joystick <4>
I/python  (11545): [INFO              ] [Android     ] create joystick <5>
I/python  (11545): [INFO              ] [Android     ] create joystick <6>
I/python  (11545): [INFO              ] [Android     ] create joystick <7>
I/python  (11545): [INFO              ] [Android     ] create joystick <8>
I/python  (11545): [INFO              ] [Android     ] create joystick <9>
I/python  (11545): [INFO              ] [Android     ] create joystick <10>
I/python  (11545): [INFO              ] [Android     ] create joystick <11>
I/python  (11545): [INFO              ] [Android     ] create joystick <12>
I/python  (11545): [INFO              ] [Android     ] create joystick <13>
I/python  (11545): [INFO              ] [Android     ] create joystick <14>
I/python  (11545): [INFO              ] [Android     ] create joystick <15>
I/python  (11545): [INFO              ] [Android     ] create joystick <16>
E/WifiTrafficPoller(  741): TRAFFIC_STATS_POLL true Token 1559 num clients 17
E/WifiTrafficPoller(  741):  packet count Tx=930678 Rx=1133600
D/AALService(  288): onALIChanged: 30 -> 74
D/AALService(  288): enableAALEvent: 0 -> 1
D/AALService(  288): enableAALEvent: 1 -> 0
I/BufferQueueProducer(  255): [SurfaceView](this:0x55b6f27d20,id:4377,api:1,p:11545,c:255) queueBuffer: fps=1.36 dur=3678.20 max=3162.51 min=5.95
I/SurfaceFlinger(  255): [Built-in Screen (type:0)] fps:0.338166,dur:2957.12,max:2957.12,min:2957.12
D/TaskPersister(  741): removeObsoleteFile: deleting file=14572_task.xml
D/TaskPersister(  741): removeObsoleteFile: deleting file=14573_task.xml
D/AutomaticBrightnessController(  741): onSensorChanged: last_lux = 120.0
D/AutomaticBrightnessController(  741): updateAmbientLux: ambientLux=120.0, timeToBrighten=4000, timeToDarken=8000, current=120.0
D/AutomaticBrightnessController(  741): AAL onSensorChanged: lux = 120.0
D/AALLightSensor(  288): newLux = 30, [45, 53] -> 74
D/AutomaticBrightnessController(  741): onSensorChanged: last_lux = 120.0
D/AutomaticBrightnessController(  741): updateAmbientLux: ambientLux=119.99999, timeToBrighten=4000, timeToDarken=8000, current=120.0
E/WifiStateMachine(  741):  ConnectedState (when=-2ms what=131155 arg1=393!CMD_RSSI_POLL 393 0 "Justy" a4:81:ee:95:63:42 rssi=-62 f=2437 sc=60 link=72 tx=20.3, 0.0, 0.0  rx=16.5 bcn=0 [on:0 tx:0 rx:0 period:3000] from screen [on:0 period:297224346] gl hn u24 rssi=-57 ag=0 hr ticks 0,0,1 ls-=0 [56,56,60,60,65] brc=0 lrc=0mmls=
E/WifiStateMachine(  741): Failed=0 Retry=0 MultipleRetry=0 ACKFailure=0 FCSError=523 tx_ok=0 rx_ok=0
E/WifiStateMachine(  741): Readl[crc=0 timeout=0] Writel[crc=0 timeout=0] ReadSb[crc=0 timeout=0] writeSb[crc=0 timeout=0]
E/WifiStateMachine(  741):  L2ConnectedState (when=-8ms what=131155 arg1=393!CMD_RSSI_POLL 393 0 "Justy" a4:81:ee:95:63:42 rssi=-62 f=2437 sc=60 link=72 tx=20.3, 0.0, 0.0  rx=16.5 bcn=0 [on:0 tx:0 rx:0 period:6] from screen [on:0 period:297224352] gl hn u24 rssi=-57 ag=0 hr ticks 0,0,1 ls-=0 [56,56,60,60,65] brc=0 lrc=0mmls=
E/WifiStateMachine(  741): Failed=0 Retry=0 MultipleRetry=0 ACKFailure=0 FCSError=523 tx_ok=0 rx_ok=0
E/WifiStateMachine(  741): Readl[crc=0 timeout=0] Writel[crc=0 timeout=0] ReadSb[crc=0 timeout=0] writeSb[crc=0 timeout=0]
E/WifiStateMachine(  741):  get link layer stats 0
D/WifiHW  (  741): enter -->wifi_send_command cmd=IFNAME=wlan0 SIGNAL_POLL
D/wpa_supplicant(28191): wlan0: Control interface command 'SIGNAL_POLL'
D/WifiHW  (  741): leave --> reply=RSSI=-60
D/WifiHW  (  741): LINKSPEED=72
D/WifiHW  (  741): NOISE=9999
D/WifiHW  (  741): FREQUENCY=2437
D/WifiHW  (  741): 
D/wifiJNI (  741): doStringCommand, buf IFNAME=wlan0 SIGNAL_POLL
I/WifiStateMachine(  741): fetchRssiLinkSpeedAndFrequencyNative, newRssi:-60, newLinkSpeed:72, SSID:"Justy"
D/WifiHW  (  741): enter -->wifi_send_command cmd=IFNAME=wlan0 DRIVER GET_STA_LINK_DETECT
D/wpa_supplicant(28191): wlan0: Control interface command 'DRIVER GET_STA_LINK_DETECT'
D/wpa_supplicant(28191): iface wlan0 recv cmd GET_STA_LINK_DETECT
D/wpa_supplicant(28191): get_sta_link_detect
D/wpa_supplicant(28191): nl80211: Test Mode buflen = 16, ifindex=47
D/WifiHW  (  741): leave --> reply=
D/WifiHW  (  741): Failed=0 Retry=0 MultipleRetry=0 ACKFailure=0 FCSError=73 tx_ok=0 rx_ok=0
D/WifiHW  (  741): Readl[crc=0 timeout=0] Writel[crc=0 timeout=0] ReadSb[crc=0 timeout=0] writeSb[crc=0 timeout=0]
D/WifiHW  (  741): 
D/wifiJNI (  741): doStringCommand, buf IFNAME=wlan0 DRIVER GET_STA_LINK_DETECT
E/WifiStateMachine(  741): wifiLinkStatics=
E/WifiStateMachine(  741): Failed=0 Retry=0 MultipleRetry=0 ACKFailure=0 FCSError=73 tx_ok=0 rx_ok=0
E/WifiStateMachine(  741): Readl[crc=0 timeout=0] Writel[crc=0 timeout=0] ReadSb[crc=0 timeout=0] writeSb[crc=0 timeout=0]
D/WifiStateMachine(  741): mLastSignalLevel:3, newSignalLevel:3
E/WifiConfigStore(  741): updateConfiguration freq=2437 BSSID=a4:81:ee:95:63:42 RSSI=-60 "Justy"-WPA_PSK
V/ActivityManager(  741): Broadcast sticky: Intent { act=android.net.wifi.RSSI_CHANGED flg=0x4000010 (has extras) } ordered=false userid=-1 callerApp=ProcessRecord{1283b8e4 741:system/1000}
D/WifiWatchdogStateMachine(  741): RSSI current: 3 new: -60, 3
D/StatusBar.NetworkController(  969): slot=-10;action=android.net.wifi.RSSI_CHANGED
D/StatusBar.NetworkController(  969): updateNetworkName chosenNetType=13;mNetworkName[0]=Play 4G
D/InputReader(  741): AP_PROF:AppLaunch_dispatchPtr:Down:362678141, ID:0, Index:-1853593824
I/AP_PROF (  741): unable to open /proc/mtprof/status entry
V/SettingsInterface(  741):  from settings cache , name = three_gesture_screenshot , value = null
D/PowerManagerNotifier(  741): onUserActivity: event=2, uid=1000
V/SettingsInterface(  741):  from settings cache , name = is_show_three_gesture_alert , value = null
D/WifiDisplayAdapter(  741): getWifiDisplayStatusLocked: result=WifiDisplayStatus{featureState=2, scanState=0, activeDisplayState=0, activeDisplay=null, displays=[], sessionInfo=WifiDisplaySessionInfo: C/O:Client,GId:,Pp:,SId:0,IP:}
I/PerfService(  741): PerfServiceNative_boostEnableAsync:5
D/PowerManagerService(  741): isWfdEnabled() mWfdStatus=WifiDisplayStatus{featureState=2, scanState=0, activeDisplayState=0, activeDisplay=null, displays=[], sessionInfo=WifiDisplaySessionInfo: C/O:Client,GId:,Pp:,SId:0,IP:}, return false
I/libPerfService(  741): 5: set: 1
D/DisplayPowerController(  741): requestPowerState: policy=BRIGHT, useProximitySensor=false, screenBrightness=139, screenAutoBrightnessAdjustment=-0.1889764, useAutoBrightness=true, blockScreenOn=false, lowPowerMode=false, dozeScreenBrightness=-1, dozeScreenState=UNKNOWN, waitForNegativeProximity=false
I/libPerfService(  741): 5: set freq: 0
I/octvm_klo( 2779): read wakeups from wakealarm_fd:1
I/octvm_klo( 2779): new timerfd interval:
I/octvm_klo( 2779): 	itval.it_interval.tv_sec 1, itval.it_interval.tv_nsec 0
I/octvm_klo( 2779): 	itval.it_value.tv_sec 0, itval.it_value.tv_nsec 999995154
V/SettingsInterface(  741):  from settings cache , name = three_gesture_screenshot , value = null
V/SettingsInterface(  741):  from settings cache , name = is_show_three_gesture_alert , value = null
D/InputReader(  741): AP_PROF:AppLaunch_dispatchPtr:Up:362678182, ID:0, Index:-1853591504
V/SettingsInterface(  741):  from settings cache , name = three_gesture_screenshot , value = null
V/SettingsInterface(  741):  from settings cache , name = is_show_three_gesture_alert , value = null
I/PerfService(  741): PerfServiceNative_boostEnableTimeoutAsync:5, 3
I/libPerfService(  741): 5: set freq: 1183000
I/libPerfService(  741): 5: set: 3
D/AALService(  288): enableAALEvent: 0 -> 1
D/AALService(  288): enableAALEvent: 1 -> 0
E/WifiTrafficPoller(  741): TRAFFIC_STATS_POLL true Token 1559 num clients 17
E/WifiTrafficPoller(  741):  packet count Tx=930678 Rx=1133600
D/StatusBar.NetworkController(  969): onSignalStrengthsChanged received on slotId :0signalStrength=SignalStrength: 22 58 -120 -160 -7 0 -1 99 -82 -8 2147483647 2147483647 gsm|lte 1 1 1 level=5 cdmdlevel=0 evdolevel=0
V/ActivityManager(  741): Broadcast sticky: Intent { act=android.intent.action.SIG_STR flg=0x20000010 (has extras) } ordered=false userid=-1 callerApp=ProcessRecord{1283b8e4 741:system/1000}
I/BufferQueueProducer(  255): [SurfaceView](this:0x55b6f27d20,id:4377,api:1,p:11545,c:255) queueBuffer: fps=18.71 dur=1015.52 max=739.78 min=7.58
I/SurfaceFlinger(  255): [Built-in Screen (type:0)] fps:17.729038,dur:1015.28,max:734.97,min:13.52
D/InputReader(  741): AP_PROF:AppLaunch_dispatchPtr:Down:362679052, ID:0, Index:-1853593824
I/AP_PROF (  741): unable to open /proc/mtprof/status entry
V/SettingsInterface(  741):  from settings cache , name = three_gesture_screenshot , value = null
V/SettingsInterface(  741):  from settings cache , name = is_show_three_gesture_alert , value = null
I/PerfService(  741): PerfServiceNative_boostEnableAsync:5
I/libPerfService(  741): 5: set: 1
I/libPerfService(  741): 5: set freq: 0
D/PowerManagerNotifier(  741): onUserActivity: event=2, uid=1000
D/WifiDisplayAdapter(  741): getWifiDisplayStatusLocked: result=WifiDisplayStatus{featureState=2, scanState=0, activeDisplayState=0, activeDisplay=null, displays=[], sessionInfo=WifiDisplaySessionInfo: C/O:Client,GId:,Pp:,SId:0,IP:}
D/PowerManagerService(  741): isWfdEnabled() mWfdStatus=WifiDisplayStatus{featureState=2, scanState=0, activeDisplayState=0, activeDisplay=null, displays=[], sessionInfo=WifiDisplaySessionInfo: C/O:Client,GId:,Pp:,SId:0,IP:}, return false
D/DisplayPowerController(  741): requestPowerState: policy=BRIGHT, useProximitySensor=false, screenBrightness=139, screenAutoBrightnessAdjustment=-0.1889764, useAutoBrightness=true, blockScreenOn=false, lowPowerMode=false, dozeScreenBrightness=-1, dozeScreenState=UNKNOWN, waitForNegativeProximity=false
D/InputReader(  741): AP_PROF:AppLaunch_dispatchPtr:Up:362679144, ID:0, Index:-1853591504
V/SettingsInterface(  741):  from settings cache , name = three_gesture_screenshot , value = null
V/SettingsInterface(  741):  from settings cache , name = is_show_three_gesture_alert , value = null
I/PerfService(  741): PerfServiceNative_boostEnableTimeoutAsync:5, 3
I/libPerfService(  741): 5: set freq: 1183000
I/octvm_klo( 2779): read wakeups from wakealarm_fd:1
I/octvm_klo( 2779): new timerfd interval:
I/octvm_klo( 2779): 	itval.it_interval.tv_sec 1, itval.it_interval.tv_nsec 0
I/octvm_klo( 2779): 	itval.it_value.tv_sec 0, itval.it_value.tv_nsec 999995308
I/libPerfService(  741): 5: set: 3
E/WifiTrafficPoller(  741): TRAFFIC_STATS_POLL true Token 1559 num clients 17
E/WifiTrafficPoller(  741):  packet count Tx=930678 Rx=1133600
D/OpenGLRenderer( 8529): Flushing caches (mode 0)
D/OpenGLRenderer( 8529): Flushing caches (mode 0)
D/OpenGLRenderer( 8529): Flushing caches (mode 0)
D/OpenGLRenderer( 8529): Flushing caches (mode 0)
D/BatteryService(  741): mBatteryVoltage=4365, batteryLevel=50
V/ActivityManager(  741): Broadcast sticky: Intent { act=android.intent.action.BATTERY_CHANGED flg=0x60000010 (has extras) } ordered=false userid=-1 callerApp=null
I/DownloadManagerWrapper( 1373): onReceive() : Charging = true
D/UsbDeviceManager(  741): onReceive - BATTERY_CHANGED - mPlugType: 2, mSettingUsbCharging: false, mConnected: true, mSettingUsbBicr: false
I/InfoCollectManager( 2112): ACTION:android.intent.action.BATTERY_CHANGED
D/WifiService(  741): onReceive, action:android.intent.action.BATTERY_CHANGED
D/WifiController(  741): DeviceActiveState{ when=0 what=155652 arg1=2 target=com.android.internal.util.StateMachine$SmHandler }
D/WifiController(  741): StaEnabledState{ when=0 what=155652 arg1=2 target=com.android.internal.util.StateMachine$SmHandler }
D/WifiController(  741): DefaultState{ when=0 what=155652 arg1=2 target=com.android.internal.util.StateMachine$SmHandler }
D/WifiController(  741): battery changed pluggedType: 2
I/AD-PLUGIN-Battery(12470): level :100
V/MiCloudSyncStateObserver( 8072): broadcast received
V/MiCloudSyncStateObserver( 8072): battery changed
D/PerfServiceManager(  741): [PerfService] notifyFrameUpdate - bDuringTouchBoost:true 
D/PerfServiceManager(  741): [PerfService] MESSAGE_BOOST_ENABLE_TIMEOUT_MS [SCN_SW_FRAME_UPDATE] bDuringTouchBoost:true 
I/BufferQueueProducer(  255): [StatusBar](this:0x55b6f16700,id:7,api:1,p:969,c:255) queueBuffer: fps=0.35 dur=5710.69 max=5310.08 min=400.61
I/SurfaceFlinger(  255): [Built-in Screen (type:0)] fps:10.455408,dur:1052.09,max:885.21,min:16.59
D/InputReader(  741): AP_PROF:AppLaunch_dispatchPtr:Down:362679649, ID:0, Index:-1853593824
I/AP_PROF (  741): unable to open /proc/mtprof/status entry
V/SettingsInterface(  741):  from settings cache , name = three_gesture_screenshot , value = null
V/SettingsInterface(  741):  from settings cache , name = is_show_three_gesture_alert , value = null
I/PerfService(  741): PerfServiceNative_boostEnableAsync:5
I/libPerfService(  741): 5: set: 2
I/libPerfService(  741): 5: set freq: 1000000
D/PowerManagerNotifier(  741): onUserActivity: event=2, uid=1000
D/WifiDisplayAdapter(  741): getWifiDisplayStatusLocked: result=WifiDisplayStatus{featureState=2, scanState=0, activeDisplayState=0, activeDisplay=null, displays=[], sessionInfo=WifiDisplaySessionInfo: C/O:Client,GId:,Pp:,SId:0,IP:}
D/PowerManagerService(  741): isWfdEnabled() mWfdStatus=WifiDisplayStatus{featureState=2, scanState=0, activeDisplayState=0, activeDisplay=null, displays=[], sessionInfo=WifiDisplaySessionInfo: C/O:Client,GId:,Pp:,SId:0,IP:}, return false
D/DisplayPowerController(  741): requestPowerState: policy=BRIGHT, useProximitySensor=false, screenBrightness=139, screenAutoBrightnessAdjustment=-0.1889764, useAutoBrightness=true, blockScreenOn=false, lowPowerMode=false, dozeScreenBrightness=-1, dozeScreenState=UNKNOWN, waitForNegativeProximity=false
V/SettingsInterface(  741):  from settings cache , name = three_gesture_screenshot , value = null
V/SettingsInterface(  741):  from settings cache , name = is_show_three_gesture_alert , value = null
D/InputReader(  741): AP_PROF:AppLaunch_dispatchPtr:Up:362679742, ID:0, Index:-1853591504
V/SettingsInterface(  741):  from settings cache , name = three_gesture_screenshot , value = null
V/SettingsInterface(  741):  from settings cache , name = is_show_three_gesture_alert , value = null
I/PerfService(  741): PerfServiceNative_boostEnableTimeoutAsync:5, 3
I/libPerfService(  741): 5: set freq: 1183000
I/libPerfService(  741): 5: set: 3
D/PerfServiceManager(  741): [PerfService] MESSAGE_TIMER_SCN_SW_FRAME_UPDATE 
I/libPerfService(  741): 7: set: 3
I/libPerfService(  741): 7: set freq: 1183000
D/InputReader(  741): AP_PROF:AppLaunch_dispatchPtr:Down:362680119, ID:0, Index:-1853593824
I/AP_PROF (  741): unable to open /proc/mtprof/status entry
V/SettingsInterface(  741):  from settings cache , name = three_gesture_screenshot , value = null
V/SettingsInterface(  741):  from settings cache , name = is_show_three_gesture_alert , value = null
I/PerfService(  741): PerfServiceNative_boostEnableAsync:5
I/libPerfService(  741): 5: set: 1
I/libPerfService(  741): 5: set freq: 0
V/SettingsInterface(  741):  from settings cache , name = three_gesture_screenshot , value = null
V/SettingsInterface(  741):  from settings cache , name = is_show_three_gesture_alert , value = null
I/octvm_klo( 2779): read wakeups from wakealarm_fd:1
I/octvm_klo( 2779): new timerfd interval:
I/octvm_klo( 2779): 	itval.it_interval.tv_sec 1, itval.it_interval.tv_nsec 0
I/octvm_klo( 2779): 	itval.it_value.tv_sec 0, itval.it_value.tv_nsec 999997539
D/InputReader(  741): AP_PROF:AppLaunch_dispatchPtr:Up:362680212, ID:0, Index:-1853591504
V/SettingsInterface(  741):  from settings cache , name = three_gesture_screenshot , value = null
D/PowerManagerNotifier(  741): onUserActivity: event=2, uid=1000
V/SettingsInterface(  741):  from settings cache , name = is_show_three_gesture_alert , value = null
D/WifiDisplayAdapter(  741): getWifiDisplayStatusLocked: result=WifiDisplayStatus{featureState=2, scanState=0, activeDisplayState=0, activeDisplay=null, displays=[], sessionInfo=WifiDisplaySessionInfo: C/O:Client,GId:,Pp:,SId:0,IP:}
I/PerfService(  741): PerfServiceNative_boostEnableTimeoutAsync:5, 3
D/PowerManagerService(  741): isWfdEnabled() mWfdStatus=WifiDisplayStatus{featureState=2, scanState=0, activeDisplayState=0, activeDisplay=null, displays=[], sessionInfo=WifiDisplaySessionInfo: C/O:Client,GId:,Pp:,SId:0,IP:}, return false
I/libPerfService(  741): 5: set freq: 1183000
D/DisplayPowerController(  741): requestPowerState: policy=BRIGHT, useProximitySensor=false, screenBrightness=139, screenAutoBrightnessAdjustment=-0.1889764, useAutoBrightness=true, blockScreenOn=false, lowPowerMode=false, dozeScreenBrightness=-1, dozeScreenState=UNKNOWN, waitForNegativeProximity=false
I/libPerfService(  741): 5: set: 3
E/WifiTrafficPoller(  741): TRAFFIC_STATS_POLL true Token 1559 num clients 17
E/WifiTrafficPoller(  741):  packet count Tx=930678 Rx=1133601
E/WifiTrafficPoller(  741): notifying of data activity 1
D/InputReader(  741): AP_PROF:AppLaunch_dispatchPtr:Down:362680386, ID:0, Index:-1853593824
I/AP_PROF (  741): unable to open /proc/mtprof/status entry
V/SettingsInterface(  741):  from settings cache , name = three_gesture_screenshot , value = null
V/SettingsInterface(  741):  from settings cache , name = is_show_three_gesture_alert , value = null
I/PerfService(  741): PerfServiceNative_boostEnableAsync:5
I/libPerfService(  741): 5: set: 1
I/libPerfService(  741): 5: set freq: 0
D/InputReader(  741): AP_PROF:AppLaunch_dispatchPtr:Up:362680477, ID:0, Index:-1853591504
V/SettingsInterface(  741):  from settings cache , name = three_gesture_screenshot , value = null
V/SettingsInterface(  741):  from settings cache , name = is_show_three_gesture_alert , value = null
I/PerfService(  741): PerfServiceNative_boostEnableTimeoutAsync:5, 3
I/libPerfService(  741): 5: set freq: 1183000
I/libPerfService(  741): 5: set: 3
I/BufferQueueProducer(  255): [SurfaceView](this:0x55b6f27d20,id:4377,api:1,p:11545,c:255) queueBuffer: fps=4.89 dur=2043.16 max=1893.06 min=16.27
I/SurfaceFlinger(  255): [Built-in Screen (type:0)] fps:1.995232,dur:1002.39,max:991.34,min:11.05
D/AALService(  288): enableAALEvent: 0 -> 1
D/InputReader(  741): AP_PROF:AppLaunch_dispatchPtr:Down:362681058, ID:0, Index:-1853593824
I/AP_PROF (  741): unable to open /proc/mtprof/status entry
V/SettingsInterface(  741):  from settings cache , name = three_gesture_screenshot , value = null
V/SettingsInterface(  741):  from settings cache , name = is_show_three_gesture_alert , value = null
I/PerfService(  741): PerfServiceNative_boostEnableAsync:5
I/libPerfService(  741): 5: set: 1
I/libPerfService(  741): 5: set freq: 0
D/PowerManagerNotifier(  741): onUserActivity: event=2, uid=1000
D/WifiDisplayAdapter(  741): getWifiDisplayStatusLocked: result=WifiDisplayStatus{featureState=2, scanState=0, activeDisplayState=0, activeDisplay=null, displays=[], sessionInfo=WifiDisplaySessionInfo: C/O:Client,GId:,Pp:,SId:0,IP:}
D/PowerManagerService(  741): isWfdEnabled() mWfdStatus=WifiDisplayStatus{featureState=2, scanState=0, activeDisplayState=0, activeDisplay=null, displays=[], sessionInfo=WifiDisplaySessionInfo: C/O:Client,GId:,Pp:,SId:0,IP:}, return false
D/DisplayPowerController(  741): requestPowerState: policy=BRIGHT, useProximitySensor=false, screenBrightness=139, screenAutoBrightnessAdjustment=-0.1889764, useAutoBrightness=true, blockScreenOn=false, lowPowerMode=false, dozeScreenBrightness=-1, dozeScreenState=UNKNOWN, waitForNegativeProximity=false
E/WifiStateMachine(  741):  ConnectedState (when=-4ms what=131155 arg1=393!CMD_RSSI_POLL 393 0 "Justy" a4:81:ee:95:63:42 rssi=-60 f=2437 sc=60 link=72 tx=10.1, 0.0, 0.0  rx=8.2 bcn=0 [on:0 tx:0 rx:0 period:2989] from screen [on:0 period:297227375] gl hn u24 rssi=-55 ag=0 hr ticks 0,0,1 ls-=0 [56,56,60,60,65] brc=0 lrc=0mmls=
E/WifiStateMachine(  741): Failed=0 Retry=0 MultipleRetry=0 ACKFailure=0 FCSError=73 tx_ok=0 rx_ok=0
E/WifiStateMachine(  741): Readl[crc=0 timeout=0] Writel[crc=0 timeout=0] ReadSb[crc=0 timeout=0] writeSb[crc=0 timeout=0]
E/WifiStateMachine(  741):  L2ConnectedState (when=-5ms what=131155 arg1=393!CMD_RSSI_POLL 393 0 "Justy" a4:81:ee:95:63:42 rssi=-60 f=2437 sc=60 link=72 tx=10.1, 0.0, 0.0  rx=8.2 bcn=0 [on:0 tx:0 rx:0 period:1] from screen [on:0 period:297227376] gl hn u24 rssi=-55 ag=0 hr ticks 0,0,1 ls-=0 [56,56,60,60,65] brc=0 lrc=0mmls=
E/WifiStateMachine(  741): Failed=0 Retry=0 MultipleRetry=0 ACKFailure=0 FCSError=73 tx_ok=0 rx_ok=0
E/WifiStateMachine(  741): Readl[crc=0 timeout=0] Writel[crc=0 timeout=0] ReadSb[crc=0 timeout=0] writeSb[crc=0 timeout=0]
E/WifiStateMachine(  741):  get link layer stats 0
I/ClearcutLoggerManager( 1373): onStartInput()
D/WifiHW  (  741): enter -->wifi_send_command cmd=IFNAME=wlan0 SIGNAL_POLL
D/wpa_supplicant(28191): wlan0: Control interface command 'SIGNAL_POLL'
I/LatinIme( 1373): initialize() : Language = en-US
I/LatinIme( 1373): onActivate() : EditorInfo = Package = org.test.qrgen : Type = Text : Learning = Disable : Suggestion = Show : AutoCorrection = Disable : Microphone = Show
W/InputConnectionWrapper( 1373): Fixing selection indices to 0, 0
D/Python: (11545): TextAfterCursor 
V/SettingsInterface( 1373):  from settings cache , name = user_setup_complete , value = 1
V/SettingsInterface(  741):  from settings cache , name = selected_input_method_subtype , value = -921088104
V/SettingsInterface(  741):  from settings cache , name = selected_input_method_subtype , value = -921088104
V/SettingsInterface(  741):  from settings cache , name = selected_input_method_subtype , value = -921088104
V/SettingsInterface(  741):  from settings cache , name = selected_input_method_subtype , value = -921088104
V/SettingsInterface(  741):  from settings cache , name = three_gesture_screenshot , value = null
V/SettingsInterface(  741):  from settings cache , name = is_show_three_gesture_alert , value = null
D/WifiHW  (  741): leave --> reply=RSSI=-59
D/WifiHW  (  741): LINKSPEED=72
D/WifiHW  (  741): NOISE=9999
D/WifiHW  (  741): FREQUENCY=2437
D/WifiHW  (  741): 
D/wifiJNI (  741): doStringCommand, buf IFNAME=wlan0 SIGNAL_POLL
I/WifiStateMachine(  741): fetchRssiLinkSpeedAndFrequencyNative, newRssi:-59, newLinkSpeed:72, SSID:"Justy"
D/WifiHW  (  741): enter -->wifi_send_command cmd=IFNAME=wlan0 DRIVER GET_STA_LINK_DETECT
D/wpa_supplicant(28191): wlan0: Control interface command 'DRIVER GET_STA_LINK_DETECT'
D/wpa_supplicant(28191): iface wlan0 recv cmd GET_STA_LINK_DETECT
D/wpa_supplicant(28191): get_sta_link_detect
D/wpa_supplicant(28191): nl80211: Test Mode buflen = 16, ifindex=47
D/WifiHW  (  741): leave --> reply=
D/WifiHW  (  741): Failed=0 Retry=0 MultipleRetry=0 ACKFailure=0 FCSError=0 tx_ok=2 rx_ok=0
D/WifiHW  (  741): Readl[crc=0 timeout=0] Writel[crc=0 timeout=0] ReadSb[crc=0 timeout=0] writeSb[crc=0 timeout=0]
D/WifiHW  (  741): 
D/wifiJNI (  741): doStringCommand, buf IFNAME=wlan0 DRIVER GET_STA_LINK_DETECT
E/WifiStateMachine(  741): wifiLinkStatics=
E/WifiStateMachine(  741): Failed=0 Retry=0 MultipleRetry=0 ACKFailure=0 FCSError=0 tx_ok=2 rx_ok=0
E/WifiStateMachine(  741): Readl[crc=0 timeout=0] Writel[crc=0 timeout=0] ReadSb[crc=0 timeout=0] writeSb[crc=0 timeout=0]
D/WifiStateMachine(  741): mLastSignalLevel:3, newSignalLevel:3
E/WifiConfigStore(  741): updateConfiguration freq=2437 BSSID=a4:81:ee:95:63:42 RSSI=-59 "Justy"-WPA_PSK
V/ActivityManager(  741): Broadcast sticky: Intent { act=android.net.wifi.RSSI_CHANGED flg=0x4000010 (has extras) } ordered=false userid=-1 callerApp=ProcessRecord{1283b8e4 741:system/1000}
D/WifiWatchdogStateMachine(  741): RSSI current: 3 new: -59, 3
D/StatusBar.NetworkController(  969): slot=-10;action=android.net.wifi.RSSI_CHANGED
V/SettingsInterface(  741):  from settings cache , name = enabled_input_methods , value = com.google.android.inputmethod.latin/com.android.inputmethod.latin.LatinIME;1983547218;-921088104;1124698716:com.jb.emoji.gokeyboard/com.jb.gokeyboard.GoKeyboard
D/StatusBar.NetworkController(  969): updateNetworkName chosenNetType=13;mNetworkName[0]=Play 4G
V/SettingsInterface( 1373):  from settings cache , name = user_setup_complete , value = 1
V/SettingsInterface( 1373):  from settings cache , name = user_setup_complete , value = 1
V/PhoneWindow( 1373): DecorView setVisiblity: visibility = 0 ,Parent =ViewRoot{17e602b1 InputMethod,ident = 0}, this =com.android.internal.policy.impl.PhoneWindow$DecorView{16328816 V.E..... R.....ID 0,0-1080,1920}
V/SettingsInterface(  741):  from settings cache , name = enabled_input_methods , value = com.google.android.inputmethod.latin/com.android.inputmethod.latin.LatinIME;1983547218;-921088104;1124698716:com.jb.emoji.gokeyboard/com.jb.gokeyboard.GoKeyboard
V/SettingsInterface(  741):  from settings cache , name = enabled_input_methods , value = com.google.android.inputmethod.latin/com.android.inputmethod.latin.LatinIME;1983547218;-921088104;1124698716:com.jb.emoji.gokeyboard/com.jb.gokeyboard.GoKeyboard
V/SettingsInterface(  741):  from settings cache , name = enabled_input_methods , value = com.google.android.inputmethod.latin/com.android.inputmethod.latin.LatinIME;1983547218;-921088104;1124698716:com.jb.emoji.gokeyboard/com.jb.gokeyboard.GoKeyboard
D/InputReader(  741): AP_PROF:AppLaunch_dispatchPtr:Up:362681109, ID:0, Index:-1853591504
V/SettingsInterface(  741):  from settings cache , name = three_gesture_screenshot , value = null
V/SettingsInterface(  741):  from settings cache , name = is_show_three_gesture_alert , value = null
I/PerfService(  741): PerfServiceNative_boostEnableTimeoutAsync:5, 3
I/libPerfService(  741): 5: set freq: 1183000
I/libPerfService(  741): 5: set: 3
V/NotificationService(  741): enqueueNotificationInternal: pkg=android id=17040625 notification=Notification(pri=0 contentView=null vibrate=null sound=null defaults=0x0 flags=0x2 color=0xff607d8b vis=PRIVATE)
I/ValidateNoPeople(  741): skipping global notification
D/NotificationService(  741): useDefaultSound=false
V/NotificationService(  741): pkg=android canInterrupt=true intercept=false
D/NotificationService(  741): notification.sound=null
V/NotificationService(  741): Interrupting!
I/BufferQueue(  255): [unnamed-255-4378](this:0x55b7012fb0,id:4378,api:0,p:-1,c:-1) BufferQueue core=(255:/system/bin/surfaceflinger)
I/BufferQueueConsumer(  255): [unnamed-255-4378](this:0x55b7012fb0,id:4378,api:0,p:-1,c:255) connect(C): consumer=(255:/system/bin/surfaceflinger) controlledByApp=false
I/BufferQueueConsumer(  255): [unnamed-255-4378](this:0x55b7012fb0,id:4378,api:0,p:-1,c:255) setConsumerName: unnamed-255-4378
I/BufferQueueConsumer(  255): [InputMethod](this:0x55b7012fb0,id:4378,api:0,p:-1,c:255) setConsumerName: InputMethod
I/BufferQueueConsumer(  255): [InputMethod](this:0x55b7012fb0,id:4378,api:0,p:-1,c:255) setDefaultBufferSize: width=1080 height=1920
D/StatusBar(  969): onNotificationPosted:  Key: -1|android|17040625|null|1000 GroupKey: -1|android|17040625|null|1000 Connected: true
D/StatusBar(  969):  GroupChild: false  GroupsContainsKey: false  IsUpdate: false IsGroupSummary: false hasIcon: true
D/RankConfig(  969): sRandomNum = 0
D/PhoneStatusBar(  969): addNotification pkg=android;basepkg=android;id=17040625
I/BufferQueueProducer(  255): [InputMethod](this:0x55b7012fb0,id:4378,api:1,p:1373,c:255) connect(P): api=1 producer=(1373:com.google.android.inputmethod.latin) producerControlledByApp=true
I/BufferQueueProducer(  255): [InputMethod](this:0x55b7012fb0,id:4378,api:1,p:1373,c:255) new GraphicBuffer needed
D/IMGSRV  (  255): gralloc_device_alloc:1102: hnd=0x55b6ef0d40 ID=571200 fd=35 ref=1 1080(1088)x1920-0x1 usage=0xb00 size=8355840(8355840) cache=0
D/GraphicBuffer(  255): alloc, handle(0x55b6ef0d40) (w:1080 h:1920 s:1088 f:0x1 u:0x000b00) err(0)
D/IMGSRV  ( 1373): gralloc_register_buffer:1390: hnd=0x5591825e50 ID=571200 fd=62 ref=1
D/GraphicBuffer( 1373): register, handle(0x5591825e50) (w:1080 h:1920 s:1088 f:0x1 u:0x000b00)
D/BufferQueueProducer(  255): [InputMethod](this:0x55b7012fb0,id:4378,api:1,p:1373,c:255) allocateBuffers: allocating from 1 buffers up to 3 buffers
D/IMGSRV  (  255): gralloc_device_alloc:1102: hnd=0x55b6f38bd0 ID=571202 fd=100 ref=1 1080(1088)x1920-0x1 usage=0xb00 size=8355840(8355840) cache=0
D/GraphicBuffer(  255): alloc, handle(0x55b6f38bd0) (w:1080 h:1920 s:1088 f:0x1 u:0x000b00) err(0)
I/octvm_klo( 2779): read wakeups from wakealarm_fd:1
I/octvm_klo( 2779): new timerfd interval:
I/octvm_klo( 2779): 	itval.it_interval.tv_sec 1, itval.it_interval.tv_nsec 0
I/octvm_klo( 2779): 	itval.it_value.tv_sec 0, itval.it_value.tv_nsec 999997616
D/ProgressBar(  969): setMax, old = 100, new = 100, backtrace = android.widget.ProgressBar.<init>:302 android.widget.ProgressBar.<init>:264 miui.widget.ProgressBar.<init>:37 miui.widget.ProgressBar.<init>:33 java.lang.reflect.Constructor.newInstance:-2 , this = miui.widget.ProgressBar{3bb3b600 G.ED.... ......I. 0,0-0,0 #102000d android:id/progress}
D/ProgressBar(  969): setProgress, old = 0, new = 0, max = 100, backtrace = android.widget.ProgressBar.setProgress:1337 android.widget.ProgressBar.<init>:304 android.widget.ProgressBar.<init>:264 miui.widget.ProgressBar.<init>:37 miui.widget.ProgressBar.<init>:33 , this = miui.widget.ProgressBar{3bb3b600 G.ED.... ......I. 0,0-0,0 #102000d android:id/progress}
D/ProgressBar(  969): setSecondaryProgress, old = 0, new = 0, max = 100, backtrace = android.widget.ProgressBar.<init>:306 android.widget.ProgressBar.<init>:264 miui.widget.ProgressBar.<init>:37 miui.widget.ProgressBar.<init>:33 java.lang.reflect.Constructor.newInstance:-2 , this = miui.widget.ProgressBar{3bb3b600 G.ED.... ......I. 0,0-0,0 #102000d android:id/progress}
D/IMGSRV  (  255): gralloc_device_alloc:1102: hnd=0x55b6ef2480 ID=571203 fd=113 ref=1 1080(1088)x1920-0x1 usage=0xb00 size=8355840(8355840) cache=0
D/GraphicBuffer(  255): alloc, handle(0x55b6ef2480) (w:1080 h:1920 s:1088 f:0x1 u:0x000b00) err(0)
D/BufferQueueProducer(  255): [InputMethod](this:0x55b7012fb0,id:4378,api:1,p:1373,c:255) allocateBuffers: allocating from 3 buffers up to 3 buffers
W/ProgressBarDelegate(  969): Unknown Drawable subclass, src=android.graphics.drawable.ScaleDrawable@34bbd5df
W/ProgressBarDelegate(  969): Unknown Drawable subclass, src=android.graphics.drawable.ScaleDrawable@389e322c
I/WindowManager(  741): input method visible height changed 660
V/ActivityManager(  741): Broadcast: Intent { act=miui.intent.action.INPUT_METHOD_VISIBLE_HEIGHT_CHANGED flg=0x10 (has extras) } ordered=false userid=-2 callerApp=ProcessRecord{1283b8e4 741:system/1000}
D/ColorDrawable(  969): setColor color = 16777215, ColorDrawable = android.graphics.drawable.ColorDrawable@274bcdad
I/SurfaceView(11545): updateWindow -- setFrame, this = org.renpy.android.SDLSurfaceView{257e0c05 VFE..... .F....I. 0,0-1080,1920}
I/Python: (11545): Layout Triggered, Keyboard_height: 660
I/SurfaceView(11545): updateWindow -- OnPreDrawListener, mHaveFrame = true, this = org.renpy.android.SDLSurfaceView{257e0c05 VFE..... .F....I. 0,0-1080,1920}
D/RankConfig(  969): sRandomNum = 0
D/RankConfig(  969): sRandomNum = 0
V/SettingsInterface(  969):  from settings cache , name = children_mode_enabled , value = null
D/PerfServiceManager(  741): [PerfService] notifyFrameUpdate - bDuringTouchBoost:true 
D/PerfServiceManager(  741): [PerfService] MESSAGE_BOOST_ENABLE_TIMEOUT_MS [SCN_SW_FRAME_UPDATE] bDuringTouchBoost:true 
D/PerfServiceManager(  741): [PerfService] notifyFrameUpdate - bDuringTouchBoost:true 
D/PerfServiceManager(  741): [PerfService] MESSAGE_BOOST_ENABLE_TIMEOUT_MS [SCN_SW_FRAME_UPDATE] bDuringTouchBoost:true 
I/BufferQueueProducer(  255): [StatusBar](this:0x55b6f16700,id:7,api:1,p:969,c:255) queueBuffer: fps=0.61 dur=1652.04 max=1652.04 min=1652.04
I/PerfService(  255): PerfServiceNative_notifyDisplayType:1
D/PerfServiceManager(  741): [PerfService] notifyDisplayType:1 
E/WifiTrafficPoller(  741): TRAFFIC_STATS_POLL true Token 1559 num clients 17
E/WifiTrafficPoller(  741):  packet count Tx=930678 Rx=1133601
E/WifiTrafficPoller(  741): notifying of data activity 0
D/PerfServiceManager(  741): [PerfService] MESSAGE_TIMER_SCN_SW_FRAME_UPDATE 
I/libPerfService(  741): 7: set: 3
I/libPerfService(  741): 7: set freq: 1183000
I/BufferQueueProducer(  255): [SurfaceView](this:0x55b6f27d20,id:4377,api:1,p:11545,c:255) queueBuffer: fps=25.52 dur=1175.54 max=581.66 min=7.32
D/InputReader(  741): AP_PROF:AppLaunch_dispatchPtr:Down:362681700, ID:0, Index:-1853593824
I/AP_PROF (  741): unable to open /proc/mtprof/status entry
V/SettingsInterface(  741):  from settings cache , name = three_gesture_screenshot , value = null
V/SettingsInterface(  741):  from settings cache , name = is_show_three_gesture_alert , value = null
I/PerfService(  741): PerfServiceNative_boostEnableAsync:5
D/PowerManagerNotifier(  741): onUserActivity: event=2, uid=1000
D/WifiDisplayAdapter(  741): getWifiDisplayStatusLocked: result=WifiDisplayStatus{featureState=2, scanState=0, activeDisplayState=0, activeDisplay=null, displays=[], sessionInfo=WifiDisplaySessionInfo: C/O:Client,GId:,Pp:,SId:0,IP:}
D/PowerManagerService(  741): isWfdEnabled() mWfdStatus=WifiDisplayStatus{featureState=2, scanState=0, activeDisplayState=0, activeDisplay=null, displays=[], sessionInfo=WifiDisplaySessionInfo: C/O:Client,GId:,Pp:,SId:0,IP:}, return false
D/DisplayPowerController(  741): requestPowerState: policy=BRIGHT, useProximitySensor=false, screenBrightness=139, screenAutoBrightnessAdjustment=-0.1889764, useAutoBrightness=true, blockScreenOn=false, lowPowerMode=false, dozeScreenBrightness=-1, dozeScreenState=UNKNOWN, waitForNegativeProximity=false
I/SurfaceFlinger(  255): [Built-in Screen (type:0)] fps:41.994434,dur:1166.82,max:200.41,min:15.08
D/ColorDrawable( 1373): Color = 452984831, canvas = android.view.GLES20RecordingCanvas@20539691, mTintMode = SRC_IN, mTint = null, ColorDrawable = android.graphics.drawable.ColorDrawable@3906781a
D/ColorDrawable( 1373): Color = -16777216, canvas = android.view.GLES20RecordingCanvas@20539691, mTintMode = SRC_IN, mTint = null, ColorDrawable = android.graphics.drawable.ColorDrawable@17f8e056
D/PerfServiceManager(  741): [PerfService] notifyFrameUpdate - bDuringTouchBoost:true 
D/PerfServiceManager(  741): [PerfService] MESSAGE_BOOST_ENABLE_TIMEOUT_MS [SCN_SW_FRAME_UPDATE] bDuringTouchBoost:true 
D/IMGSRV  ( 1373): gralloc_register_buffer:1390: hnd=0x5591aca8d0 ID=571202 fd=65 ref=1
D/GraphicBuffer( 1373): register, handle(0x5591aca8d0) (w:1080 h:1920 s:1088 f:0x1 u:0x000b00)
D/InputReader(  741): AP_PROF:AppLaunch_dispatchPtr:Up:362681781, ID:0, Index:-1853591504
V/SettingsInterface(  741):  from settings cache , name = three_gesture_screenshot , value = null
V/SettingsInterface(  741):  from settings cache , name = is_show_three_gesture_alert , value = null
I/PerfService(  741): PerfServiceNative_boostEnableTimeoutAsync:5, 3
I/View    (11545): Key down dispatch to org.renpy.android.SDLSurfaceView{257e0c05 VFE..... .F....I. 0,0-1080,1920}, event = KeyEvent { action=ACTION_DOWN, keyCode=KEYCODE_B, scanCode=0, metaState=0, flags=0x0, repeatCount=0, eventTime=362681787, downTime=362681787, deviceId=-1, source=0x101 }
D/IMGSRV  ( 1373): gralloc_register_buffer:1390: hnd=0x5591c11400 ID=571203 fd=68 ref=1
D/GraphicBuffer( 1373): register, handle(0x5591c11400) (w:1080 h:1920 s:1088 f:0x1 u:0x000b00)
I/thermal_repeater(  296): oh, queryMdThermalInfo (0)Connection refused
D/AALService(  288): enableAALEvent: 1 -> 0
I/thermal_repeater(  296): [recvMdThermalInfo] ret=27, strLen=127,  3, 32, -127, -1, 32767, 17
D/AutomaticBrightnessController(  741): updateAmbientLux: ambientLux=120.0, timeToBrighten=4000, timeToDarken=8000, current=120.0
I/octvm_klo( 2779): read wakeups from wakealarm_fd:1
I/octvm_klo( 2779): new timerfd interval:
I/octvm_klo( 2779): 	itval.it_interval.tv_sec 1, itval.it_interval.tv_nsec 0
I/octvm_klo( 2779): 	itval.it_value.tv_sec 0, itval.it_value.tv_nsec 999997461
D/AutomaticBrightnessController(  741): onSensorChanged: last_lux = 120.0
D/AutomaticBrightnessController(  741): updateAmbientLux: ambientLux=120.0, timeToBrighten=4000, timeToDarken=8000, current=120.0
D/AutomaticBrightnessController(  741): AAL onSensorChanged: lux = 120.0
D/InputReader(  741): AP_PROF:AppLaunch_dispatchPtr:Down:362682201, ID:0, Index:-1853593824
I/AP_PROF (  741): unable to open /proc/mtprof/status entry
V/SettingsInterface(  741):  from settings cache , name = three_gesture_screenshot , value = null
V/SettingsInterface(  741):  from settings cache , name = is_show_three_gesture_alert , value = null
I/PerfService(  741): PerfServiceNative_boostEnableAsync:5
D/PowerManagerNotifier(  741): onUserActivity: event=2, uid=1000
D/WifiDisplayAdapter(  741): getWifiDisplayStatusLocked: result=WifiDisplayStatus{featureState=2, scanState=0, activeDisplayState=0, activeDisplay=null, displays=[], sessionInfo=WifiDisplaySessionInfo: C/O:Client,GId:,Pp:,SId:0,IP:}
D/PowerManagerService(  741): isWfdEnabled() mWfdStatus=WifiDisplayStatus{featureState=2, scanState=0, activeDisplayState=0, activeDisplay=null, displays=[], sessionInfo=WifiDisplaySessionInfo: C/O:Client,GId:,Pp:,SId:0,IP:}, return false
D/DisplayPowerController(  741): requestPowerState: policy=BRIGHT, useProximitySensor=false, screenBrightness=139, screenAutoBrightnessAdjustment=-0.1889764, useAutoBrightness=true, blockScreenOn=false, lowPowerMode=false, dozeScreenBrightness=-1, dozeScreenState=UNKNOWN, waitForNegativeProximity=false
D/PerfServiceManager(  741): [PerfService] MESSAGE_TIMER_SCN_SW_FRAME_UPDATE 
I/libPerfService(  741): 7: set: 3
I/libPerfService(  741): 7: set freq: 1183000
D/InputReader(  741): AP_PROF:AppLaunch_dispatchPtr:Up:362682263, ID:0, Index:-1853591504
V/SettingsInterface(  741):  from settings cache , name = three_gesture_screenshot , value = null
V/SettingsInterface(  741):  from settings cache , name = is_show_three_gesture_alert , value = null
I/PerfService(  741): PerfServiceNative_boostEnableTimeoutAsync:5, 3
V/SettingsInterface(  741):  from settings cache , name = selected_input_method_subtype , value = -921088104
D/StatusBar(  969): onNotificationRemoved:  Key: -1|android|17040625|null|1000
I/LatinIme( 1373): abortComposing()
D/PhoneStatusBar(  969): removeNotification key=android.os.Binder@35732f0b keyCode=896741131 old=StatusBarNotification(pkg=android user=UserHandle{-1} id=17040625 tag=null score=0 key=-1|android|17040625|null|1000: Notification(pri=0 contentView=android/0x1090083 vibrate=null sound=null defaults=0x0 flags=0x2 color=0xff607d8b vis=PRIVATE))
V/ActivityManager(  741): Broadcast: Intent { act=android.intent.action.APPLICATION_MESSAGE_UPDATE flg=0x10 pkg=com.miui.home (has extras) } ordered=false userid=-2 callerApp=ProcessRecord{78f4ce0 969:com.android.systemui/1000}
D/Python: (11545): TextAfterCursor 
I/LatinIme( 1373): onDeactivate()
I/ClearcutLoggerManager( 1373): onFinishInput()
V/PhoneWindow( 1373): DecorView setVisiblity: visibility = 8 ,Parent =ViewRoot{17e602b1 InputMethod,ident = 0}, this =com.android.internal.policy.impl.PhoneWindow$DecorView{16328816 G.E..... R.....ID 0,0-1080,1920}
D/OpenGLRenderer( 1373): Flushing caches (mode 0)
D/OpenGLRenderer( 1373): Flushing caches (mode 0)
D/PerfServiceManager(  741): [PerfService] notifyFrameUpdate - bDuringTouchBoost:true 
D/PerfServiceManager(  741): [PerfService] MESSAGE_BOOST_ENABLE_TIMEOUT_MS [SCN_SW_FRAME_UPDATE] bDuringTouchBoost:true 
D/GraphicBuffer( 1373): unregister, handle(0x5591825e50) (w:1080 h:1920 s:1088 f:0x1 u:0x000b00)
D/IMGSRV  ( 1373): gralloc_unregister_buffer:1503: ID=571200 ref=0
D/GraphicBuffer( 1373): unregister, handle(0x5591aca8d0) (w:1080 h:1920 s:1088 f:0x1 u:0x000b00)
I/BufferQueueProducer(  255): [StatusBar](this:0x55b6f16700,id:7,api:1,p:969,c:255) queueBuffer: fps=0.90 dur=1105.00 max=1105.00 min=1105.00
D/IMGSRV  ( 1373): gralloc_unregister_buffer:1503: ID=571202 ref=0
D/GraphicBuffer( 1373): unregister, handle(0x5591c11400) (w:1080 h:1920 s:1088 f:0x1 u:0x000b00)
D/IMGSRV  ( 1373): gralloc_unregister_buffer:1503: ID=571203 ref=0
I/BufferQueueProducer(  255): [InputMethod](this:0x55b7012fb0,id:4378,api:1,p:-1,c:255) disconnect(P): api 1
I/BufferQueueConsumer(  255): [InputMethod](this:0x55b7012fb0,id:4378,api:1,p:-1,c:255) getReleasedBuffers: returning mask 0xffffffffffffffff
D/GraphicBuffer(  255): free, handle(0x55b6ef0d40) (w:1080 h:1920 s:1088 f:0x1 u:0x000b00)
D/IMGSRV  (  255): gralloc_device_free:1251: ID=571200 ref=0
D/GraphicBuffer(  255): free, handle(0x55b6f38bd0) (w:1080 h:1920 s:1088 f:0x1 u:0x000b00)
D/IMGSRV  (  255): gralloc_device_free:1251: ID=571202 ref=0
I/WindowManager(  741): input method visible height changed 0
V/ActivityManager(  741): Broadcast: Intent { act=miui.intent.action.INPUT_METHOD_VISIBLE_HEIGHT_CHANGED flg=0x10 (has extras) } ordered=false userid=-2 callerApp=ProcessRecord{1283b8e4 741:system/1000}
I/SurfaceView(11545): updateWindow -- setFrame, this = org.renpy.android.SDLSurfaceView{257e0c05 VFE..... .F....I. 0,0-1080,1920}
I/Python: (11545): Layout Triggered, Keyboard_height: 0
I/SurfaceView(11545): updateWindow -- OnPreDrawListener, mHaveFrame = true, this = org.renpy.android.SDLSurfaceView{257e0c05 VFE..... .F....I. 0,0-1080,1920}
D/AutomaticBrightnessController(  741): onSensorChanged: last_lux = 120.0
D/AutomaticBrightnessController(  741): updateAmbientLux: ambientLux=120.0, timeToBrighten=4000, timeToDarken=8000, current=120.0
E/WifiTrafficPoller(  741): TRAFFIC_STATS_POLL true Token 1559 num clients 17
E/WifiTrafficPoller(  741):  packet count Tx=930678 Rx=1133601
I/SurfaceFlinger(  255): [Built-in Screen (type:0)] fps:19.981817,dur:1000.91,max:477.55,min:16.62
I/PerfService(  255): PerfServiceNative_notifyDisplayType:0
D/PerfServiceManager(  741): [PerfService] notifyDisplayType:0 
I/BufferQueueConsumer(  255): [InputMethod](this:0x55b7012fb0,id:4378,api:1,p:-1,c:-1) disconnect(C)
D/GraphicBuffer(  255): free, handle(0x55b6ef2480) (w:1080 h:1920 s:1088 f:0x1 u:0x000b00)
D/IMGSRV  (  255): gralloc_device_free:1251: ID=571203 ref=0
I/BufferQueue(  255): [InputMethod](this:0x55b7012fb0,id:4378,api:1,p:-1,c:-1) ~BufferQueueCore
D/PerfServiceManager(  741): [PerfService] MESSAGE_TIMER_SCN_SW_FRAME_UPDATE 
I/libPerfService(  741): 7: set: 3
I/libPerfService(  741): 7: set freq: 1183000
I/BufferQueueProducer(  255): [SurfaceView](this:0x55b6f27d20,id:4377,api:1,p:11545,c:255) queueBuffer: fps=2.61 dur=1147.85 max=561.23 min=116.49
D/AALLightSensor(  288): newLux = 80, [78, 74] -> 74
D/InputReader(  741): AP_PROF:AppLaunch_dispatchPtr:Down:362682972, ID:0, Index:-1853593824
I/AP_PROF (  741): unable to open /proc/mtprof/status entry
V/SettingsInterface(  741):  from settings cache , name = three_gesture_screenshot , value = null
V/SettingsInterface(  741):  from settings cache , name = is_show_three_gesture_alert , value = null
I/PerfService(  741): PerfServiceNative_boostEnableAsync:5
I/libPerfService(  741): 5: set: 1
I/libPerfService(  741): 5: set freq: 0
D/PowerManagerNotifier(  741): onUserActivity: event=2, uid=1000
D/WifiDisplayAdapter(  741): getWifiDisplayStatusLocked: result=WifiDisplayStatus{featureState=2, scanState=0, activeDisplayState=0, activeDisplay=null, displays=[], sessionInfo=WifiDisplaySessionInfo: C/O:Client,GId:,Pp:,SId:0,IP:}
D/PowerManagerService(  741): isWfdEnabled() mWfdStatus=WifiDisplayStatus{featureState=2, scanState=0, activeDisplayState=0, activeDisplay=null, displays=[], sessionInfo=WifiDisplaySessionInfo: C/O:Client,GId:,Pp:,SId:0,IP:}, return false
D/DisplayPowerController(  741): requestPowerState: policy=BRIGHT, useProximitySensor=false, screenBrightness=139, screenAutoBrightnessAdjustment=-0.1889764, useAutoBrightness=true, blockScreenOn=false, lowPowerMode=false, dozeScreenBrightness=-1, dozeScreenState=UNKNOWN, waitForNegativeProximity=false
V/SettingsInterface(  741):  from settings cache , name = three_gesture_screenshot , value = null
V/SettingsInterface(  741):  from settings cache , name = is_show_three_gesture_alert , value = null
D/InputReader(  741): AP_PROF:AppLaunch_dispatchPtr:Up:362683035, ID:0, Index:-1853591504
V/SettingsInterface(  741):  from settings cache , n